10-10 12:37:05.881   785   847 D emcomd  : [EMCOMD] emcomd_xengine_process_request# emcomd_xengine_process_request, the request is 257
10-10 12:37:05.881   785   847 D emcomd  : [EMCOMD] emcomd_xengine_convertInnerMsg# emcomd_xengine_convertInnerMsg, the request is 257. 
10-10 12:37:05.881   785   847 D emcomd  : [EMCOMD] Xengine_PutMsg# Xengine_PutMsg current lMsgId is 0. 
10-10 12:37:05.881   785   860 D emcomd  : [EMCOMD] xengine_msg_handler# xengine_msg_handler,msgid:4
10-10 12:37:05.881   785   860 D emcomd  : [HicomdPolicyManager     ] EventCallback# AsEventCallback enEvent:4
10-10 12:37:05.881   785   860 D emcomd  : [HicomdPolicyManager     ] handleAppForeground# fore uid = 10249.
10-10 12:37:05.881   785   860 D emcomd  : [HicomdPolicyManager     ] stopUdpAcc# udp acc hasn't been started yet. 
10-10 12:37:05.881   785   860 D emcomd  : [HicomdPolicyManager     ] stopFastSync# fastsync hasn't been started yet. 
10-10 12:37:05.881   785   860 D emcomd  : [HicomdPolicyManager     ] stopSpeedControl# speed control hasn't been started yet. 
10-10 12:37:05.881   785   860 I emcomd  : [NetworkEvaluation     ] Start# try to start network evaluation in daemon with network type 4, card index 0
10-10 12:37:05.881  2102  2713 I chatty  : uid=1000(system) DaemonClientRec expire 16 lines
10-10 12:37:05.881   785   860 D emcomd  : [HicomdPolicyManager     ] startEvaluateNetwork# startEvaluateNetwork success. subId= 0, networkType = 4. 
10-10 12:37:05.881   785   860 D emcomd  : [Emcom SpeedCtrl     ] start#  SpeedCtrl start lUid:10249 lMaxGrade:5 lMinGrade:1 
10-10 12:37:05.881   785   860 I emcomd  : [NetworkEvaluation     ] NwEvalRegisterReportCallback# added a module SpdCtl to the empty callback list
10-10 12:37:05.881   785   860 D emcomd  : [Emcom SpeedCtrl     ] onNetworkQualityChange#  network type is unknown 
10-10 12:37:05.881   785   860 D emcomd  : [Emcom SpeedCtrl     ] onNetworkQualityChange#  unknown network quality 
10-10 12:37:05.881   785   860 D emcomd  : [HicomdPolicyManager     ] startSpeedControl# startSpeedControl success. uid = 10249, maxGrade = 5, minGrade = 1. 
10-10 12:37:05.881   785   860 D emcomd  : [EMCOMD] xengine_msg_handler# xengine_msg_handler,msgid:0
10-10 12:37:05.881   785   860 E emcomd  : [EmcomXengine     ] EventCallback# AsEventCallback enEvent:0
10-10 12:37:05.881   785   860 D emcomd  : [EmcomXengine     ] Emcomd_XengineStartSpeedUp# Emcom_XengineSpeedUp lUid:10249 start speed up,lDegree:1
10-10 12:37:05.881  2102  3372 I chatty  : uid=1000(system) DollieAdapter expire 11 lines
10-10 12:37:05.881   785   846 D emcomd  : [EMCOMD_Socket] sendUnsolResponse# Send Unsol response 5. len:12
10-10 12:37:05.881  1970  1970 I HwNavigationBarView: updateAssistantButtonInGuestureMode(), vis=true,isGestureNavEnable=true
10-10 12:37:05.882  2102  2118 I BoosterSwitchP: notifyUidState do nothing
10-10 12:37:05.882  2102  2118 I DeepNoDisturbP: notifyUidState
10-10 12:37:05.882  2102  2118 I BrowserChrP: notifyUidState
10-10 12:37:05.883   796   796 D iTouchService: itouch currentPackageName=com.tencent.mm
10-10 12:37:05.883   796   796 D iTouchService: itouch appType=0 appState=1 gameMode=2
10-10 12:37:05.883   796   796 D iTouchService: g_itouch_reader_monitor empty
10-10 12:37:05.883   796   796 D iTouchService: g_itouch_reader_monitor Monitor::isReaderMonitorEnable()=0
10-10 12:37:05.883   796   796 D iTouchService: itouch getCurrentParmID tempPkg=com.tencent.xxx
10-10 12:37:05.883   796   796 D iTouchService: itouch into bn filter mm
10-10 12:37:05.883  2197  3255 I chatty  : uid=1000(system) thermal-core-th expire 1 line
10-10 12:37:05.883  2197  3257 I chatty  : uid=1000(system) ThermalTraceThr expire 1 line
10-10 12:37:05.883   796   796 D iTouchService: itouch NotifyTouchSenceInfo baseInfo.appFilter=1
10-10 12:37:05.883   796   796 D iTouchService: itouch into bn filter mm baseInfo.appFilter=1 after init
10-10 12:37:05.883   796   796 D iTouchService: itouch:app com.tencent.mm is  not game app
10-10 12:37:05.883   796   796 D iTouchService: itouch:styluspen_switch is disable
10-10 12:37:05.883   796   796 D iTouchService: itouch:currentAppTypeName =|IM|
10-10 12:37:05.883  1257  1759 I chatty  : uid=1000(system) MessageHandle expire 12 lines
10-10 12:37:05.884   796   796 D iTouchService: itouch in ITouchService ItouchGamePerfLevel is=0
10-10 12:37:05.884   796   796 D iTouchService: itouch in ITouchService cpuGpuInfo.cpuGpuOpt is=0,cpuGpuInfo.boostLevel is=0,cpuGpuInfo.frameTimes is=0
10-10 12:37:05.884   796   796 D iTouchService: itouch in ITouchService dropFrameOpt is=0
10-10 12:37:05.885   796   796 D iTouchService: itouch in ITouchService styluspeninfo.first_frame_opt is=0
10-10 12:37:05.885   796   796 D iTouchService: itouch in ITouchService backPressureInfo.back_pressure_opt is=0
10-10 12:37:05.885   796   796 D iTouchService: itouch in ITouchService backPressureInfo.back_pressure_count is=30
10-10 12:37:05.885   696  1913 D SurfaceFlinger: itouch mStyluspenFirstFrameEnable=0 mTouchBackPress=0 mBackPressCountMax=30
10-10 12:37:05.909  1257  1816 I chatty  : uid=1000(system) tworkPolicy.uid expire 3 lines
10-10 12:37:05.913  2197  2224 I chatty  : uid=1000(system) Binder:2197_2 expire 8 lines
10-10 12:37:05.913   830 12719 I Pged-IPgedBinderService: ****action is 1, pid num is 7***
10-10 12:37:05.913   830 12719 I Pged-Freezer: freezePids
10-10 12:37:05.913   830 12719 I Pged-Freezer: Freeze process: 23700
10-10 12:37:05.913   830 12719 I Pged-Freezer: Freeze process: 18089
10-10 12:37:05.914   830 12719 I Pged-Freezer: Freeze process: 15789
10-10 12:37:05.914  1257  1764 I chatty  : uid=1000(system) sManagerService expire 4 lines
10-10 12:37:05.914   830 12719 I Pged-Freezer: Freeze process: 15513
10-10 12:37:05.914   830 12719 I Pged-Freezer: Freeze process: 16022
10-10 12:37:05.914   830 12719 I Pged-Freezer: Freeze process: 21001
10-10 12:37:05.914  2197  2431 I chatty  : uid=1000(system) fast_hibernatio expire 3 lines
10-10 12:37:05.919 24828 24828 D ZrHung.AppEyeUiProbe: notify runnable to start.
10-10 12:37:05.919 24828 19672 D ZrHung.AppEyeUiProbe: restart watching
10-10 12:37:05.942  1257  5705 I chatty  : uid=1000(system) HwAPPQoEActivit expire 20 lines
10-10 12:37:05.942  1257  1302 I chatty  : uid=1000(system) HwGameAssistant expire 1 line
10-10 12:37:05.942  1257  1890 I chatty  : uid=1000(system) HwHiStreamManag expire 9 lines
10-10 12:37:05.942 15477 15534 I AppLifeChangeSensor:  CAWARENESS: activityResumed componentName = ComponentInfo{com.tencent.mm/com.tencent.mm.ui.LauncherUI}
10-10 12:37:05.942  2158  8544 I chatty  : uid=1000(system) Binder:2158_B expire 3 lines
10-10 12:37:05.942  2158  2392 I chatty  : uid=1000(system) OdmfCtrlThread expire 12 lines
10-10 12:37:05.943  1257  1885 I chatty  : uid=1000(system) HwAPPQoEStateMa expire 46 lines
10-10 12:37:05.943  2158  2394 I chatty  : uid=1000(system) OdmfDataThread expire 10 lines
10-10 12:37:05.943  1970  1970 I HwNavigationBarView: updateAssistantButtonInGuestureMode(), vis=true,isGestureNavEnable=true
10-10 12:37:05.944  1257  1882 I chatty  : uid=1000(system) HwArbitrationSt expire 10 lines
10-10 12:37:05.945  1257  1888 I chatty  : uid=1000(system) HwWMStateMachin expire 13 lines
10-10 12:37:05.945  2102  3372 I HidataAppQoeP: foregroundUidAdd uid: 12910249 name: com.tencent.mm activity state: true
10-10 12:37:05.947  4406  4526 I [HwRecSys]OdmfCollectScheduler: handleMessage msg: 6
10-10 12:37:05.948  4406  4526 I [HwRecSys]HwRecSysService:  cur pkg: com.tencent.mm
10-10 12:37:05.948   696   838 D         : doWinFrameOptStatusRecog begin to recog Layer result=2
10-10 12:37:05.948  4406  4526 I [HwRecSys]CandidateSetHelper: getHwCandisetByPkgAndActivity -> pkg:com.tencent.mm
10-10 12:37:05.948  4406  4526 E [HwRecSys]CandidateSetHelper: getHwCandidateByPkgAndActivity -> this pkg HwCandidates is null!
10-10 12:37:05.949  1970 21793 I CommandQueue: updateBarBgColor
10-10 12:37:05.949  1970 21793 D CommandQueue: CommandQueue, setBarBackgroundColor
10-10 12:37:05.949  1970  1970 D TintManager: navigationBarIconTint=99000000
10-10 12:37:05.950  2102  2102 D SmartDualCardConfig: getAppType,pkgName=com.tencent.mm,appType=0
10-10 12:37:05.950  2102  2102 D SmartDualCardSM: onUidStateUpdate,uid=12910249,appName=com.tencent.mm,state=FOREGROUND
10-10 12:37:05.951 24828 19682 D mali_winsys: EGLint new_window_surface(egl_winsys_display *, void *, EGLSurface, EGLConfig, egl_winsys_surface **, EGLBoolean) returns 0x3000
10-10 12:37:05.951  2102  2102 D SmartDualCardConfig: getAppType,pkgName=com.tencent.mm,appType=0
10-10 12:37:05.951  2102  2102 D SmartDualCardSM: updateAppState mAppState=2
10-10 12:37:05.951  2102  2102 D SmartDualCardConfig: addForegroundAppToList,size()=1,uid=12910249
10-10 12:37:05.964  1257  1900 I chatty  : uid=1000(system) RenderThread expire 2 lines
10-10 12:37:05.973  2236 20552 D HwRecentsTaskUtils: refreshToCache
10-10 12:37:05.973  2236 20552 D HwRecentsTaskUtils: searchFromDate
10-10 12:37:05.975  2102 18028 I chatty  : uid=1000(system) Binder:2102_D expire 2 lines
10-10 12:37:05.979  2236 20552 I RecentsTaskLoadPlan: to show tasks size is 10
10-10 12:37:05.984  2102  2102 E SmartDualCardTraffic: isCustomerApplyTheTrafficPackage:: customer not set the package!
10-10 12:37:05.996   645   645 I chatty  : uid=1000(system) allocator@2.0-s expire 4 lines
10-10 12:37:05.996   645  9134 I chatty  : uid=1000(system) HwBinder:645_3 expire 7 lines
10-10 12:37:05.997  2102  2102 D SmartDualCardSM: isNeedMonitorAppQoe return false
10-10 12:37:05.999  2102  2102 D SmartDualCardSM: resetAppQoeState
10-10 12:37:05.999  2102  2102 D SmartDualCardSM: IdleState:got msg.what=EVENT_APP_MOVE_FOREGROUND
10-10 12:37:05.999  2102  2540 I DollieChr: handleForegroundAppUpdateMsg,mAppState=1,scenes=2,mForegroundAppName=
10-10 12:37:06.004 24828 24828 I ViewRootImpl: jank_removeInvalidNode all the node in jank list is out of time
10-10 12:37:06.013   696   838 D         : doWinFrameOptStatusRecog begin to recog Layer result=2
10-10 12:37:06.025 24828 24828 W InputMethodManager: startInputReason = 1
10-10 12:37:06.041 24670 24680 I tencent.mm:pus: Background concurrent copying GC freed 48318(4MB) AllocSpace objects, 180(3MB) LOS objects, 49% free, 15MB/30MB, paused 360us total 103.210ms
10-10 12:37:06.044 24828 24828 W com.tencent.mm: type=1400 audit(0.0:334966): avc: granted { create } for name="test_writable" scontext=u:r:untrusted_app_27:s0:c641,c768 tcontext=u:object_r:sdcardfs:s0:c641,c768 tclass=file
10-10 12:37:06.048 24828 24828 W [GT]worker: type=1400 audit(0.0:334967): avc: granted { create } for name="test_writable" scontext=u:r:untrusted_app_27:s0:c641,c768 tcontext=u:object_r:sdcardfs:s0:c641,c768 tclass=file
10-10 12:37:06.048 24828 24828 I chatty  : uid=12910249(com.tencent.mm) identical 13 lines
10-10 12:37:06.048 24828 24828 W [GT]worker: type=1400 audit(0.0:334969): avc: granted { create } for name="test_writable" scontext=u:r:untrusted_app_27:s0:c641,c768 tcontext=u:object_r:sdcardfs:s0:c641,c768 tclass=file
10-10 12:37:06.052 24828 24828 W [GT]worker: type=1400 audit(0.0:334970): avc: granted { create } for name="xlogtest_writable" scontext=u:r:untrusted_app_27:s0:c641,c768 tcontext=u:object_r:sdcardfs:s0:c641,c768 tclass=file
10-10 12:37:06.052 24828 24828 W [GT]worker: type=1400 audit(0.0:334971): avc: granted { create } for name="test_writable" scontext=u:r:untrusted_app_27:s0:c641,c768 tcontext=u:object_r:sdcardfs:s0:c641,c768 tclass=file
10-10 12:37:06.062  1257  2370 I chatty  : uid=1000(system) Binder:1257_D expire 5 lines
10-10 12:37:06.072 24828 24828 W [GT]worker: type=1400 audit(0.0:334980): avc: granted { create } for name="test_writable" scontext=u:r:untrusted_app_27:s0:c641,c768 tcontext=u:object_r:sdcardfs:s0:c641,c768 tclass=file
10-10 12:37:06.081 24828 24838 I com.tencent.mm: Background concurrent copying GC freed 114006(8MB) AllocSpace objects, 311(6MB) LOS objects, 38% free, 37MB/61MB, paused 185us total 142.286ms
10-10 12:37:06.135  2236  2236 D HwAppInnerBoostImpl: asyncReportData com.huawei.android.launcher,2,1,2,0 interval=408
10-10 12:37:06.141  2102  2102 D SmartDualCardConfig: getAppType,pkgName=com.huawei.android.launcher,appType=255
10-10 12:37:06.141  2102  2102 D SmartDualCardSM: onUidStateUpdate isSkip,uid=10104,name=com.huawei.android.launcher
10-10 12:37:06.141  1257  1816 I chatty  : uid=1000(system) tworkPolicy.uid expire 2 lines
10-10 12:37:06.142  1257  1811 I chatty  : uid=1000(system) NetdConnector expire 4 lines
10-10 12:37:06.150  4876  4876 I HiBoard_Workspace: onWindowVisibilityChanged8 isOverlayClosed:true
10-10 12:37:06.150  4876  4876 I HiBoard_MainView: onWindowVisibilityChanged8 isOverlayClosed:true
10-10 12:37:06.151  4876  4876 I HiBoard_FlowLayout: onWindowVisibilityChanged8 isOverlayClosed:true
10-10 12:37:06.152  1257  1287 I chatty  : uid=1000(system) android.ui expire 3 lines
10-10 12:37:06.152  4876 17304 W libEGL  : EGLNativeWindowType 0x7b3f892010 disconnect failed
10-10 12:37:06.152  2236  2509 W libEGL  : EGLNativeWindowType 0x7b43b4b010 disconnect failed
10-10 12:37:06.156  2236  2236 D ViewRootImpl[UniHomeLauncher]: surface should not be released
10-10 12:37:06.168  1257  2370 I chatty  : uid=1000(system) Binder:1257_D expire 3 lines
10-10 12:37:06.170  2102  4967 I BoosterSwitchP: notifyUidState do nothing
10-10 12:37:06.170  1257  1283 I chatty  : uid=1000(system) android.bg expire 1 line
10-10 12:37:06.170  2102  4967 I DeepNoDisturbP: notifyUidState
10-10 12:37:06.170  2102  4967 I BrowserChrP: notifyUidState
10-10 12:37:06.277  1970  1970 D NetWorkUtils: mVSimCurCardType is -1
10-10 12:37:06.277  1970  1970 D NetWorkUtils: mVSimCurCardType is -1
10-10 12:37:06.277  1970  1970 I Tile.WifiTile: setWifiIndicators  CallbackInfo = CallbackInfo[enabled=true,connected=true,enabledDesc="Huawei-Employee",activityIn=true,activityOut=true]
10-10 12:37:06.408  2209  2209 I ImsResolver: getMmTelFeatureAndListen - slot: 2 callback: com.android.ims.MmTelFeatureConnection$1@90d8184
10-10 12:37:06.577 18673 18673 I aptouch_daemon: filter_touch_detect, down, in: 1, out: 1
10-10 12:37:06.632 24828 24828 W HiTouch_PressGestureDetector: Touch pointer move a lot. The moving distance of X is:17.54773, limit is:72The moving distance of Y is:81.65015, limit is:72
10-10 12:37:06.652 24828 19762 D mali_winsys: EGLint new_window_surface(egl_winsys_display *, void *, EGLSurface, EGLConfig, egl_winsys_surface **, EGLBoolean) returns 0x3000
10-10 12:37:06.675  2236  2384 D ZrHung.AppEyeUiProbe: Current Activity:false
10-10 12:37:06.675  2236  2384 D ZrHung.AppEyeUiProbe: not watching, wait.
10-10 12:37:06.717 18673 18673 I aptouch_daemon: filter_touch_detect, all_touch_up
10-10 12:37:06.727 24828 24828 D OverScrollerOptimization: transmit the parameter and distance to OverScroller fling
10-10 12:37:06.727 24828 24828 D OverScrollerOptimization: fling time is flingTime = 2.886514793497489 velocity = -11191
10-10 12:37:06.727 24828 24828 D OverScrollerOptimization: fling time is flingTime = 2.886514793497489 velocity = -11191
10-10 12:37:06.734 24828 24828 D HwAppInnerBoostImpl: asyncReportData com.tencent.mm,1,1,1,0 interval=154
10-10 12:37:06.884   785   847 D emcomd  : [EMCOMD_Socket] processCommandBuffer# processCommandBuffer request 1026 token 16697 
10-10 12:37:06.885   785   846 I emcomd  : [NetworkEvaluation     ] ReportEvaluationResult# about to notify all registered modules, quality 12, bottleneck 21
10-10 12:37:06.885   785   846 D emcomd  : [Emcom SpeedCtrl     ] onNetworkQualityChange#  network type is wifi 
10-10 12:37:06.885   785   846 D emcomd  : [Emcom SpeedCtrl     ] onNetworkQualityChange#  network quality is normal 
10-10 12:37:06.885   785   846 D emcomd  : [Emcom SpeedCtrl     ] onNetworkQualityChange#  send speed control command  uid:10249 size:30000 
10-10 12:37:06.924    47    47 W migration/6: type=1400 audit(0.0:334981): avc: granted { setsched } for scontext=u:r:kernel:s0 tcontext=u:r:kernel:s0 tclass=process
10-10 12:37:06.924    53    53 W migration/7: type=1400 audit(0.0:334982): avc: granted { setsched } for scontext=u:r:kernel:s0 tcontext=u:r:kernel:s0 tclass=process
10-10 12:37:06.999 24828 24828 D HwAppInnerBoostImpl: asyncReportData com.tencent.mm,1,1,2,0 interval=419
10-10 12:37:07.262 24828 24828 D HwAppInnerBoostImpl: asyncReportData com.tencent.mm,1,1,3,0 interval=683
10-10 12:37:07.300  1257  1257 I chatty  : uid=1000 system_server expire 4 lines
10-10 12:37:07.305  1257  2370 I chatty  : uid=1000(system) Binder:1257_D expire 1 line
10-10 12:37:07.310  1257  1660 I chatty  : uid=1000(system) UEventObserver expire 6 lines
10-10 12:37:07.317  1257  1257 I chatty  : uid=1000 system_server expire 9 lines
10-10 12:37:07.322 27050 21477 I Authzen : [DeviceStateSyncManager] The server is in sync with current state. Nothing to do
10-10 12:37:07.323 26606 21479 I Authzen : [DeviceStateSyncManager] The server is in sync with current state. Nothing to do
10-10 12:37:07.326  3991  3991 I Calendar: CalendarWidgetService info:CalendarWidgetService-onCreate()
10-10 12:37:07.324    53    53 W migration/7: type=1400 audit(0.0:334983): avc: granted { setsched } for scontext=u:r:kernel:s0 tcontext=u:r:kernel:s0 tclass=process
10-10 12:37:07.324    47    47 W migration/6: type=1400 audit(0.0:334984): avc: granted { setsched } for scontext=u:r:kernel:s0 tcontext=u:r:kernel:s0 tclass=process
10-10 12:37:07.336  3991  3991 I Calendar: CalendarWidgetService info: onStartJob - 107
10-10 12:37:07.337  3991  3991 I Calendar: CalendarWidgetService info:jobFinish 107
10-10 12:37:07.338  1257  2370 I chatty  : uid=1000(system) Binder:1257_D expire 8 lines
10-10 12:37:07.343  3991  3991 I Calendar: CalendarWidgetService info:JOB  schedule next Time 
10-10 12:37:07.347  1257  1257 I chatty  : uid=1000 system_server expire 1 line
10-10 12:37:07.347  3991  3991 I Calendar: CalendarWidgetService info: onStopJob - 107
10-10 12:37:07.348  3991  3991 I Calendar: CalendarWidgetService info:CalendarWidgetService-onDestroy()107
10-10 12:37:07.396  1257  2062 I chatty  : uid=1000(system) watchdog expire 1 line
10-10 12:37:07.396  1257  1299 I chatty  : uid=1000(system) android.fg expire 5 lines
10-10 12:37:07.407  2102  2242 I HidataAppQoeP: handleStateChanged reason=6
10-10 12:37:07.408  2209  2460 W PhoneInterfaceManager: shouldBlockLocation running ...
10-10 12:37:07.408  2209  2460 I PhoneInterfaceManager: shouldBlockLocation  ret:false
10-10 12:37:07.412  2102  2242 I PreDnsQuery: handleStateChanged reason=6
10-10 12:37:07.413  2209  2685 W PhoneInterfaceManager: shouldBlockLocation running ...
10-10 12:37:07.413  2209  2685 I PhoneInterfaceManager: shouldBlockLocation  ret:false
10-10 12:37:07.414  2102  2242 I BrowserChrP: handleStateChanged
10-10 12:37:07.415  2173 25954 I chatty  : uid=1000(system) Binder:2173_B expire 12 lines
10-10 12:37:07.416  1970  2085 I HwMobileSignalController(1): subId:1 phoneType:1 networktype:13 targetClass:3 masterLevel:5 slaveLevel:-1
10-10 12:37:07.416   830 12719 I Pged-IPgedBinderService: ****action is 2, pid num is 7***
10-10 12:37:07.416   830 12719 I Pged-Freezer: thawPids
10-10 12:37:07.424    47    47 W migration/6: type=1400 audit(0.0:334985): avc: granted { setsched } for scontext=u:r:kernel:s0 tcontext=u:r:kernel:s0 tclass=process
10-10 12:37:07.444  1138  1138 I PushLog100000416: [main-1]action is com.huawei.push.alarm.HEARTBEAT(android/null:30)
10-10 12:37:07.446  1138  1138 I PushLog100000416: [main-1]dispatchIntent over(android/null:51)
10-10 12:37:07.446  1257 11890 I chatty  : uid=1000(system) Binder:1257_15 expire 6 lines
10-10 12:37:07.447  1138  1216 I PushLog100000416: [ReceiverDispatcher-3287]com.huawei.push.alarm.HEARTBEAT alarm trigger, expectTriggerTime:0, current trigger time:1570703827447(android/null:46)
10-10 12:37:07.447  1138  1216 I PushLog100000416: [ReceiverDispatcher-3287]heartbeatArrive(android/null:4)
10-10 12:37:07.448  1138  1216 I PushLog100000416: [ReceiverDispatcher-3287]heartbeatArrive, send heart beat(android/null:37)
10-10 12:37:07.449  2209  2685 W PhoneInterfaceManager: shouldBlockLocation running ...
10-10 12:37:07.449  2209  2685 I PhoneInterfaceManager: shouldBlockLocation  ret:false
10-10 12:37:07.449  1138  1216 I PushLog100000416: [ReceiverDispatcher-3287]not support bastet in wifi(android/null:18)
10-10 12:37:07.450  1138  1216 I PushLog100000416: [ReceiverDispatcher-3287] get charing false(android/null:43)
10-10 12:37:07.451  1138  1216 I PushLog100000416: [ReceiverDispatcher-3287]enter AlarmTools:setExactAlarm(intent:Intent { act=com.huawei.android.push.intent.HEARTBEAT_RSP_TIMEOUT pkg=android } interval:10000ms(android/null:32)
10-10 12:37:07.451  1138  1216 I PushLog100000416: [ReceiverDispatcher-3287]setExactAlarm expectTriggerTime:1570703837451(android/null:67)
10-10 12:37:07.452  1138  1216 I PushLog100000416: [ReceiverDispatcher-3287]next Heartbeat timeout for push server is: 5.0 min , curHeartBeatInterval: 300000(android/null:127)
10-10 12:37:07.452  1138  1216 I PushLog100000416: [ReceiverDispatcher-3287]process cmdid to send to pushSrv:46, subCmdId:FF(android/null:80)
10-10 12:37:07.452  1138  1216 I PushLog100000416: [ReceiverDispatcher-3287]send msg to remote srv success(android/null:95)
10-10 12:37:07.511  1138  2796 I PushLog100000416: [SocketRead_09:45:25-4024]enter cancelAlarm(Action=com.huawei.android.push.intent.RESPONSE_FAIL(android/null:19)
10-10 12:37:07.512  1138  2796 I PushLog100000416: [SocketRead_09:45:25-4024]process cmdid to receive from pushSrv:47, subCmdId:FF(android/null:68)
10-10 12:37:07.512  1138  2796 I PushLog100000416: [SocketRead_09:45:25-4024]enter cancelAlarm(Action=com.huawei.android.push.intent.HEARTBEAT_RSP_TIMEOUT(android/null:19)
10-10 12:37:07.512  1257  2371 I chatty  : uid=1000(system) Binder:1257_E expire 6 lines
10-10 12:37:07.516  1138  2796 I PushLog100000416: [SocketRead_09:45:25-4024]enter adjustHeartBeat:(findHeartBeat:true,isHearBeatTimeReq:true,RspTimeOut:false,beatInterval:300000,bestHBSuccessCount:0,range:[180000,300000])(android/null:84)
10-10 12:37:07.516  1138  2796 I PushLog100000416: [SocketRead_09:45:25-4024]judgeFindBestHB and isBestHBTimeOut: falseisOffset: false(android/null:32)
10-10 12:37:07.517  1138  2796 I PushLog100000416: [SocketRead_09:45:25-4024] get charing false(android/null:43)
10-10 12:37:07.517  1138  2796 I PushLog100000416: [SocketRead_09:45:25-4024]after delayHeartBeatReq, not charging, nextHeartBeatTime will be [300000,300000] ms later(android/null:119)
10-10 12:37:07.517  1138  2796 I PushLog100000416: [SocketRead_09:45:25-4024]enter AlarmTools:setExactWindowAlarm(intent:Intent { act=com.huawei.push.alarm.HEARTBEAT pkg=android (has extras) },interval:300000ms,window:0(android/null:35)
10-10 12:37:07.519  1138  2796 I PushLog100000416: [SocketRead_09:45:25-4024]dispatchIntent over(android/null:51)
10-10 12:37:07.520  1138  1216 I PushLog100000416: [ReceiverDispatcher-3287]process push message cmdid from pushSrv:47, subCmdId:FF(android/null:61)
10-10 12:37:07.521  1138  1216 I PushLog100000416: [ReceiverDispatcher-3287]enter AlarmTools:setInexactAlarm(intent:Intent { act=com.huawei.action.push.intent.CHECK_CHANNEL_CYCLE pkg=android } interval:1200000ms(android/null:32)
10-10 12:37:07.522  1257 16285 I chatty  : uid=1000(system) Binder:1257_1E expire 13 lines
10-10 12:37:07.544    53    53 W migration/7: type=1400 audit(0.0:334986): avc: granted { setsched } for scontext=u:r:kernel:s0 tcontext=u:r:kernel:s0 tclass=process
10-10 12:37:07.809  2197  2197 I chatty  : uid=1000(system) com.huawei.powergenie expire 1 line
10-10 12:37:07.872 24828 24828 D HwAppInnerBoostImpl: asyncReportData com.tencent.mm,1,1,4,0 interval=1292
10-10 12:37:07.875 24828 24828 I SurfaceView: delay destroy surface control
10-10 12:37:07.885  1257  1287 I chatty  : uid=1000(system) android.ui expire 17 lines
10-10 12:37:07.890   785   847 D emcomd  : [EMCOMD_Socket] processCommandBuffer# processCommandBuffer request 1026 token 16698 
10-10 12:37:08.064 18673 18673 I aptouch_daemon: filter_touch_detect, down, in: 1, out: 1
10-10 12:37:08.160 18673 18673 I aptouch_daemon: filter_touch_detect, all_touch_up
10-10 12:37:08.161 24828 24828 V AudioManager: playSoundEffect   effectType: 0
10-10 12:37:08.161 24828 24828 V AudioManager: querySoundEffectsEnabled...
10-10 12:37:08.166 24828 24828 D HwAppInnerBoostImpl: asyncReportData com.tencent.mm,1,1,5,0 interval=1586
10-10 12:37:08.181 24828 24828 W InputMethodManager: startInputReason = 4
10-10 12:37:08.181  1257  2370 I chatty  : uid=1000(system) Binder:1257_D expire 2 lines
10-10 12:37:08.216    53    53 W migration/7: type=1400 audit(0.0:334987): avc: granted { setsched } for scontext=u:r:kernel:s0 tcontext=u:r:kernel:s0 tclass=process
10-10 12:37:08.216    47    47 W migration/6: type=1400 audit(0.0:334988): avc: granted { setsched } for scontext=u:r:kernel:s0 tcontext=u:r:kernel:s0 tclass=process
10-10 12:37:08.222   817   817 E Thermal-daemon: [shell_frame] temp_new :32  temp_old :31
10-10 12:37:08.222  1257  1292 I chatty  : uid=1000(system) keyAppHanderThr expire 2 lines
10-10 12:37:08.222  1257  1292 I chatty  : uid=1000(system) keyAppHanderThr expire 2 lines
10-10 12:37:08.223   817   817 E Thermal-daemon: Report temperature: [shell_frame] temp :32  report_threshold:1
10-10 12:37:08.224   817   817 E Thermal-daemon: [battery] temp_new :31  temp_old :30
10-10 12:37:08.224   817   817 E Thermal-daemon: Report temperature: [battery] temp :31  report_threshold:1
10-10 12:37:08.232   631   631 I Zygote  : say something before unblock SIGCHLD, uid: 12910249 pid: 21483, do not delete this log!
10-10 12:37:08.234  1257  1289 I chatty  : uid=1000(system) ActivityManager expire 1 line
10-10 12:37:08.234  1257  2082 I chatty  : uid=1000(system) MultiTaskManage expire 1 line
10-10 12:37:08.237 21483 21483 I encent.mm:tool: Reinit property: dalvik.vm.checkjni= false
10-10 12:37:08.239 21483 21483 E encent.mm:tool: Not starting debugger since process cannot load the jdwp agent.
10-10 12:37:08.247 21483 21483 D ZrHung.AppEyeUiProbe: AppEyeUIP created.
10-10 12:37:08.248 21483 21483 D ActivityThread: Attach thread to application
10-10 12:37:08.274 21483 21483 I encent.mm:tool: The ClassLoaderContext is a special shared library.
10-10 12:37:08.277 21483 21496 I HwApiCacheMangerEx: apicache path=/storage/emulated/129 state=mounted key=com.tencent.mm#12910249#256
10-10 12:37:08.278 21483 21496 I HwApiCacheMangerEx: apicache path=/storage/emulated/129 state=mounted key=com.tencent.mm#12910249#0
10-10 12:37:08.290 21483 21483 I encent.mm:tool: The ClassLoaderContext is a special shared library.
10-10 12:37:08.359   685   685 E WifiHAL : enter wifi_get_link_stats
10-10 12:37:08.382  1970  2127 I EventCenter: ContentChange for slot: 1
10-10 12:37:08.383  1257  1257 I chatty  : uid=1000 system_server expire 22 lines
10-10 12:37:08.387  1970  2127 I chatty  : uid=10009(com.huawei.desktop.systemui) KG_Background_H identical 3 lines
10-10 12:37:08.388  1970  2127 I EventCenter: ContentChange for slot: 1
10-10 12:37:08.388    47    47 W migration/6: type=1400 audit(0.0:334989): avc: granted { setsched } for scontext=u:r:kernel:s0 tcontext=u:r:kernel:s0 tclass=process
10-10 12:37:08.388    53    53 W migration/7: type=1400 audit(0.0:334990): avc: granted { setsched } for scontext=u:r:kernel:s0 tcontext=u:r:kernel:s0 tclass=process
10-10 12:37:08.398  1257  1304 I chatty  : uid=1000(system) PowerManagerSer expire 1 line
10-10 12:37:08.400  1970  2127 I EventCenter: ContentChange for slot: 1
10-10 12:37:08.450  1970  2127 I EventCenter: ContentChange for slot: 1
10-10 12:37:08.451  1970  1970 I HwBrightnessUtils: APS brightness=82.0,ConvertToPercentage=0.5318961
10-10 12:37:08.452  1970  2127 I EventCenter: ContentChange for slot: 1
10-10 12:37:08.517  1970  2127 I EventCenter: ContentChange for slot: 1
10-10 12:37:08.520  1970  1970 I HwBrightnessUtils: APS brightness=81.0,ConvertToPercentage=0.52809685
10-10 12:37:08.524  1970  2127 I EventCenter: ContentChange for slot: 1
10-10 12:37:08.579 24828 24828 D HwAppInnerBoostImpl: asyncReportData com.tencent.mm,1,1,6,0 interval=1999
10-10 12:37:08.584  1970  2127 I EventCenter: ContentChange for slot: 1
10-10 12:37:08.585  1970  1970 I HwBrightnessUtils: APS brightness=80.0,ConvertToPercentage=0.52427554
10-10 12:37:08.586  1257 21498 I chatty  : uid=1000 system_server expire 4 lines
10-10 12:37:08.587  1257  1873 I chatty  : uid=1000(system) HwWifiConnectiv expire 10 lines
10-10 12:37:08.588  1970  2127 I EventCenter: ContentChange for slot: 1
10-10 12:37:08.648  1970  2127 I EventCenter: ContentChange for slot: 1
10-10 12:37:08.649  1970  1970 I HwBrightnessUtils: APS brightness=79.0,ConvertToPercentage=0.5204319
10-10 12:37:08.651  1970  2127 I EventCenter: ContentChange for slot: 1
10-10 12:37:08.673 21483 21483 W System  : ClassLoader referenced unknown path: 
10-10 12:37:08.673 21483 21483 W encent.mm:tool: Unsupported class loader
10-10 12:37:08.676 21483 21483 W encent.mm:tool: Skipping duplicate class check due to unsupported classloader
10-10 12:37:08.677 21483 21483 W encent.mm:tool: Opening an oat file without a class loader. Are you using the deprecated DexFile APIs?
10-10 12:37:08.679 21483 21483 W encent.mm:tool: Skipping duplicate class check due to unsupported classloader
10-10 12:37:08.697 18673 18673 I aptouch_daemon: filter_touch_detect, down, in: 1, out: 1
10-10 12:37:08.699  1970  2127 I EventCenter: ContentChange for slot: 1
10-10 12:37:08.701  1970  1970 I HwBrightnessUtils: APS brightness=78.0,ConvertToPercentage=0.5165653
10-10 12:37:08.702  1970  2127 I EventCenter: ContentChange for slot: 1
10-10 12:37:08.758 21483 21483 E ActivityThread: Failed to find provider info for com.tencent.mm.coolassist.debugprovider
10-10 12:37:08.764  1257  2370 I chatty  : uid=1000(system) Binder:1257_D expire 13 lines
10-10 12:37:08.765  1970  2127 I EventCenter: ContentChange for slot: 1
10-10 12:37:08.766  1970  1970 I HwBrightnessUtils: APS brightness=77.0,ConvertToPercentage=0.51267546
10-10 12:37:08.768  1970  2127 I EventCenter: ContentChange for slot: 1
10-10 12:37:08.784 18673 18673 I aptouch_daemon: filter_touch_detect, all_touch_up
10-10 12:37:08.800 21483 21483 I MMKV    : <native-bridge.cpp:95::JNI_OnLoad> current API level = 28
10-10 12:37:08.800 21483 21483 I MMKV    : <MMKV.cpp:192::initialize> page size:4096
10-10 12:37:08.800 21483 21483 I MMKV    : <MMKV.cpp:206::initializeMMKV> root dir: /data/user/129/com.tencent.mm/files/mmkv
10-10 12:37:08.803 24828 24828 V AudioManager: playSoundEffect   effectType: 0
10-10 12:37:08.803 24828 24828 V AudioManager: querySoundEffectsEnabled...
10-10 12:37:08.812   696   838 D         : doWinFrameOptStatusRecog begin to recog Layer result=2
10-10 12:37:08.820 21483 21496 I AwareBitmapCacher: init processName:com.tencent.mm:tools pid=21483 uid=12910249
10-10 12:37:08.830  1970  2127 I EventCenter: ContentChange for slot: 1
10-10 12:37:08.832  1970  2127 I EventCenter: ContentChange for slot: 1
10-10 12:37:08.832  1970  1970 I HwBrightnessUtils: APS brightness=76.0,ConvertToPercentage=0.5087619
10-10 12:37:08.828    53    53 W migration/7: type=1400 audit(0.0:334991): avc: granted { setsched } for scontext=u:r:kernel:s0 tcontext=u:r:kernel:s0 tclass=process
10-10 12:37:08.828    47    47 W migration/6: type=1400 audit(0.0:334992): avc: granted { setsched } for scontext=u:r:kernel:s0 tcontext=u:r:kernel:s0 tclass=process
10-10 12:37:08.838 24828 24828 D ZrHung.AppEyeUiProbe: stop checker.
10-10 12:37:08.844 15477 15534 I AppLifeChangeSensor:  CAWARENESS: activityPaused componentName = ComponentInfo{com.tencent.mm/com.tencent.mm.ui.LauncherUI}
10-10 12:37:08.845 24828 24828 W ActivityThread: handleWindowVisibility: no activity for token android.os.BinderProxy@66badc5
10-10 12:37:08.845 24828 24828 D ZrHung.AppEyeUiProbe: notify runnable to start.
10-10 12:37:08.845 24828 24828 V ActivityThread: Skipping new config:{1.0 222mcc1mnc [zh_CN_#Hans,it_CN,zh_CN_#Hant,en_XA] ldltr sw360dp w360dp h755dp 640dpi nrml long hdr port finger -keyb/v/h -nav/h winConfig={ mBounds=Rect(0, 0 - 1440, 3020) mAppBounds=Rect(0, 100 - 1440, 3120) mWindowingMode=fullscreen mActivityType=undefined} nonFullScreen=0 suim:1 s.98}, config:{1.0 222mcc1mnc [zh_CN_#Hans,it_CN,zh_CN_#Hant,en_XA] ldltr sw360dp w360dp h755dp 640dpi nrml long hdr port finger -keyb/v/h -nav/h winConfig={ mBounds=Rect(0, 0 - 1440, 3020) mAppBounds=Rect(0, 100 - 1440, 3120) mWindowingMode=fullscreen mActivityType=undefined} nonFullScreen=0 suim:1 s.98} for app:com.tencent.mm
10-10 12:37:08.847  1257  1284 I chatty  : uid=1000(system) HwActivityManag expire 2 lines
10-10 12:37:08.847  1970  1970 I HwNavigationBarView: updateAssistantButtonInGuestureMode(), vis=true,isGestureNavEnable=true
10-10 12:37:08.851 24828 24828 V ActivityThread: callActivityOnCreate
10-10 12:37:08.859 21483 21483 W CrashMonitor: JNI_OnLoad
10-10 12:37:08.859 21483 21483 D CrashMonitor: crashInitForReport...
10-10 12:37:08.860 21483 21483 D CrashMonitor: setupMonitor...
10-10 12:37:08.862 24828 24828 I HwPhoneWindow: updateLayoutParamsColor false mSpecialSet=false, mForcedNavigationBarColor=false, navigationBarColor=0, mNavBarShow=false, mIsFloating=false
10-10 12:37:08.862 21483 21519 D CrashMonitor: WaitForSignal...
10-10 12:37:08.862 24828 24828 I HwPhoneWindow: updateLayoutParamsColor true mSpecialSet=true, mForcedNavigationBarColor=false, navigationBarColor=fffcfcfc, mNavBarShow=false, mIsFloating=false
10-10 12:37:08.866   830 12719 I Pged-IPgedBinderService: ****action is 1, pid num is 7***
10-10 12:37:08.866   830 12719 I Pged-Freezer: freezePids
10-10 12:37:08.866   830 12719 I Pged-Freezer: Freeze process: 23700
10-10 12:37:08.866 24828 24828 I FLTAG_FM: loadFeature class:com.huawei.featurelayer.systemfeature.HwWidget.IHwSplineOverScrollerEx
10-10 12:37:08.866 24828 24828 I FLTAG_SFM: getRequireClassLoader() succ ! className: com.huawei.featurelayer.systemfeature.HwWidget.IHwSplineOverScrollerEx
10-10 12:37:08.866 24828 24828 D FeatureFactory: loadFeature() : com.huawei.featurelayer.systemfeature.HwWidget.IHwSplineOverScrollerEx
10-10 12:37:08.866   830 12719 I Pged-Freezer: Freeze process: 18089
10-10 12:37:08.866 24828 24828 D FeatureFactory: loadFeature() new IHwSplineOverScrollerEx()
10-10 12:37:08.866 24828 24828 D HwSplineOverScrollerExImpl: initSplineOverScrollerImpl paras: android.widget.OverScroller$SplineOverScroller@e755517,com.tencent.mm.plugin.sns.ui.SnsTimeLineUI@d351427
10-10 12:37:08.866 24828 24828 D HwSplineOverScrollerExImpl: initSplineOverScrollerImpl: mScrollerVelocity is 0, value is 0
10-10 12:37:08.866   830 12719 I Pged-Freezer: Freeze process: 15789
10-10 12:37:08.866 24828 24828 I FLTAG_FM: loadFeature class:com.huawei.featurelayer.systemfeature.HwWidget.IHwSplineOverScrollerEx
10-10 12:37:08.866 24828 24828 I FLTAG_SFM: getRequireClassLoader() succ ! className: com.huawei.featurelayer.systemfeature.HwWidget.IHwSplineOverScrollerEx
10-10 12:37:08.866 24828 24828 D FeatureFactory: loadFeature() : com.huawei.featurelayer.systemfeature.HwWidget.IHwSplineOverScrollerEx
10-10 12:37:08.866 24828 24828 D FeatureFactory: loadFeature() new IHwSplineOverScrollerEx()
10-10 12:37:08.866 24828 24828 D HwSplineOverScrollerExImpl: initSplineOverScrollerImpl paras: android.widget.OverScroller$SplineOverScroller@1f02bb3,com.tencent.mm.plugin.sns.ui.SnsTimeLineUI@d351427
10-10 12:37:08.866   830 12719 I Pged-Freezer: Freeze process: 15513
10-10 12:37:08.866 24828 24828 D HwSplineOverScrollerExImpl: initSplineOverScrollerImpl: mScrollerVelocity is 0, value is 0
10-10 12:37:08.867   830 12719 I Pged-Freezer: Freeze process: 16022
10-10 12:37:08.867   830 12719 I Pged-Freezer: Freeze process: 21001
10-10 12:37:08.872 24828 24828 I HwPhoneWindow: updateLayoutParamsColor true mSpecialSet=true, mForcedNavigationBarColor=false, navigationBarColor=fffcfcfc, mNavBarShow=false, mIsFloating=false
10-10 12:37:08.872 24828 24828 I HwPhoneWindow: updateLayoutParamsColor true mSpecialSet=true, mForcedNavigationBarColor=true, navigationBarColor=fff7f7f7, mNavBarShow=false, mIsFloating=false
10-10 12:37:08.876 24828 24828 I HwPhoneWindow: updateLayoutParamsColor false mSpecialSet=true, mForcedNavigationBarColor=true, navigationBarColor=fff7f7f7, mNavBarShow=false, mIsFloating=false
10-10 12:37:08.876 24828 24828 I HwPhoneWindow: updateLayoutParamsColor false mSpecialSet=true, mForcedNavigationBarColor=true, navigationBarColor=fff7f7f7, mNavBarShow=false, mIsFloating=false
10-10 12:37:08.877 24828 24828 I FLTAG_FM: loadFeature class:com.huawei.featurelayer.systemfeature.HwWidget.IHwSplineOverScrollerEx
10-10 12:37:08.877 24828 24828 I FLTAG_SFM: getRequireClassLoader() succ ! className: com.huawei.featurelayer.systemfeature.HwWidget.IHwSplineOverScrollerEx
10-10 12:37:08.877 24828 24828 D FeatureFactory: loadFeature() : com.huawei.featurelayer.systemfeature.HwWidget.IHwSplineOverScrollerEx
10-10 12:37:08.877 24828 24828 D FeatureFactory: loadFeature() new IHwSplineOverScrollerEx()
10-10 12:37:08.878 24828 24828 D HwSplineOverScrollerExImpl: initSplineOverScrollerImpl paras: android.widget.OverScroller$SplineOverScroller@1545046,com.tencent.mm.plugin.sns.ui.SnsTimeLineUI@d351427
10-10 12:37:08.878 24828 24828 D HwSplineOverScrollerExImpl: initSplineOverScrollerImpl: mScrollerVelocity is 0, value is 0
10-10 12:37:08.878 24828 24828 I FLTAG_FM: loadFeature class:com.huawei.featurelayer.systemfeature.HwWidget.IHwSplineOverScrollerEx
10-10 12:37:08.878 24828 24828 I FLTAG_SFM: getRequireClassLoader() succ ! className: com.huawei.featurelayer.systemfeature.HwWidget.IHwSplineOverScrollerEx
10-10 12:37:08.878 24828 24828 D FeatureFactory: loadFeature() : com.huawei.featurelayer.systemfeature.HwWidget.IHwSplineOverScrollerEx
10-10 12:37:08.878 24828 24828 D FeatureFactory: loadFeature() new IHwSplineOverScrollerEx()
10-10 12:37:08.878  1257  1647 I chatty  : uid=1000(system) android.anim expire 7 lines
10-10 12:37:08.878 24828 24828 D HwSplineOverScrollerExImpl: initSplineOverScrollerImpl paras: android.widget.OverScroller$SplineOverScroller@6752ad2,com.tencent.mm.plugin.sns.ui.SnsTimeLineUI@d351427
10-10 12:37:08.878 24828 24828 D HwSplineOverScrollerExImpl: initSplineOverScrollerImpl: mScrollerVelocity is 0, value is 0
10-10 12:37:08.878 24828 24828 I FLTAG_FM: loadFeature class:com.huawei.featurelayer.systemfeature.HwWidget.IHwSplineOverScrollerEx
10-10 12:37:08.878 24828 24828 I FLTAG_SFM: getRequireClassLoader() succ ! className: com.huawei.featurelayer.systemfeature.HwWidget.IHwSplineOverScrollerEx
10-10 12:37:08.878 24828 24828 D FeatureFactory: loadFeature() : com.huawei.featurelayer.systemfeature.HwWidget.IHwSplineOverScrollerEx
10-10 12:37:08.878 24828 24828 D FeatureFactory: loadFeature() new IHwSplineOverScrollerEx()
10-10 12:37:08.878 24828 24828 D HwSplineOverScrollerExImpl: initSplineOverScrollerImpl paras: android.widget.OverScroller$SplineOverScroller@290faa0,com.tencent.mm.plugin.sns.ui.SnsTimeLineUI@d351427
10-10 12:37:08.878 24828 24828 D HwSplineOverScrollerExImpl: initSplineOverScrollerImpl: mScrollerVelocity is 0, value is 0
10-10 12:37:08.878 24828 24828 I FLTAG_FM: loadFeature class:com.huawei.featurelayer.systemfeature.HwWidget.IHwSplineOverScrollerEx
10-10 12:37:08.878 24828 24828 I FLTAG_SFM: getRequireClassLoader() succ ! className: com.huawei.featurelayer.systemfeature.HwWidget.IHwSplineOverScrollerEx
10-10 12:37:08.878 24828 24828 D FeatureFactory: loadFeature() : com.huawei.featurelayer.systemfeature.HwWidget.IHwSplineOverScrollerEx
10-10 12:37:08.878 24828 24828 D FeatureFactory: loadFeature() new IHwSplineOverScrollerEx()
10-10 12:37:08.878 24828 24828 D HwSplineOverScrollerExImpl: initSplineOverScrollerImpl paras: android.widget.OverScroller$SplineOverScroller@157221e,com.tencent.mm.plugin.sns.ui.SnsTimeLineUI@d351427
10-10 12:37:08.878 24828 24828 D HwSplineOverScrollerExImpl: initSplineOverScrollerImpl: mScrollerVelocity is 0, value is 0
10-10 12:37:08.879 24828 24828 I HwPhoneWindow: updateLayoutParamsColor false mSpecialSet=true, mForcedNavigationBarColor=true, navigationBarColor=fff7f7f7, mNavBarShow=false, mIsFloating=false
10-10 12:37:08.879 24828 24828 I HwPhoneWindow: updateLayoutParamsColor false mSpecialSet=true, mForcedNavigationBarColor=true, navigationBarColor=fff7f7f7, mNavBarShow=false, mIsFloating=false
10-10 12:37:08.880 24828 24828 I HwPhoneWindow: updateLayoutParamsColor true mSpecialSet=true, mForcedNavigationBarColor=true, navigationBarColor=fff7f7f7, mNavBarShow=false, mIsFloating=false
10-10 12:37:08.880 24828 24828 I HwPhoneWindow: updateLayoutParamsColor false mSpecialSet=true, mForcedNavigationBarColor=true, navigationBarColor=fff7f7f7, mNavBarShow=false, mIsFloating=false
10-10 12:37:08.880 24828 24828 I HwPhoneWindow: updateLayoutParamsColor false mSpecialSet=true, mForcedNavigationBarColor=true, navigationBarColor=fff7f7f7, mNavBarShow=false, mIsFloating=false
10-10 12:37:08.894  1257  1304 I chatty  : uid=1000(system) PowerManagerSer expire 2 lines
10-10 12:37:08.895   785   847 D emcomd  : [EMCOMD_Socket] processCommandBuffer# processCommandBuffer request 1026 token 16699 
10-10 12:37:08.901 24828 24828 W ServiceManagement: getService: unable to call into hwbinder service for vendor.huawei.hardware.jpegdec@1.0::IJpegDecode/default.
10-10 12:37:08.896 24828 24828 W com.tencent.mm: type=1400 audit(0.0:334993): avc: denied { call } for scontext=u:r:untrusted_app_27:s0:c641,c768 tcontext=u:r:jpegdec:s0 tclass=binder permissive=0
10-10 12:37:08.908  1970  2127 I EventCenter: ContentChange for slot: 1
10-10 12:37:08.909  1970  1970 I HwBrightnessUtils: APS brightness=75.0,ConvertToPercentage=0.50482404
10-10 12:37:08.909  1970  2127 I EventCenter: ContentChange for slot: 1
10-10 12:37:08.941 24828 24828 D ActivityThread: add activity client record, r= ActivityRecord{f2828ea token=android.os.BinderProxy@66badc5 {com.tencent.mm/com.tencent.mm.plugin.sns.ui.SnsTimeLineUI}} token= android.os.BinderProxy@66badc5
10-10 12:37:08.944 24828 24828 D ZrHung.AppEyeUiProbe: notify runnable to start.
10-10 12:37:08.945  2236 20552 D HwRecentsTaskUtils: refreshToCache
10-10 12:37:08.945  2236 20552 D HwRecentsTaskUtils: searchFromDate
10-10 12:37:08.949  2102  4967 I chatty  : uid=1000(system) Binder:2102_7 expire 2 lines
10-10 12:37:08.952  1970  2212 W KG_FDT  : FaceDTHandler proc messge 7
10-10 12:37:08.952  1970  2212 W KG_FDT  : release sensor: 8
10-10 12:37:08.952  1970  2212 W KG_FDT  : release sensor: 5
10-10 12:37:08.952  1970  2212 W KG_FDT  : unregisterSensor. face dectect finish
10-10 12:37:08.953  2236 20552 I RecentsTaskLoadPlan: to show tasks size is 10
10-10 12:37:08.954 24828 19682 D OpenGLRenderer:   HWUI Binary is  enabled
10-10 12:37:08.954 24828 19682 D OpenGLRenderer: disableOutlineDraw is true
10-10 12:37:08.954 24828 24828 D HwAppInnerBoostImpl: asyncReportData com.tencent.mm,2,1,1,0 interval=255
10-10 12:37:08.954   819 29026 I SecCameraManager: dispatch: receive facedaemon release cmd
10-10 12:37:08.954   819  1073 I SecCameraManager: doDeAllocSecMem: dealloc sec buffer
10-10 12:37:08.954   787 12969 I chatty  : uid=1000(system) HwBinder:787_4 expire 4 lines
10-10 12:37:08.955  2102  4967 D FaceRecognizeService: release result val = 0 package = com.android.systemui
10-10 12:37:08.955  1970  2212 W KG_FDT  : done : 0
10-10 12:37:08.955  1970  2212 W KG_FDT  : face dectect unbindService
10-10 12:37:08.955  1970  2212 I KG_FDT  : update listen state from 3 --> 0
10-10 12:37:08.955  1970  2212 W HwKeyguardUpdateMonitor: updateFaceDetectState to : 0
10-10 12:37:08.955  1970  2212 W KG_FDT  : release sensor: 8
10-10 12:37:08.955  1970  2212 W KG_FDT  : release sensor: 5
10-10 12:37:08.955  1970  2212 W KG_FDT  : unregisterSensor. listen finish or timeout
10-10 12:37:08.955   787  2712 I chatty  : uid=1000(system) FaceRecognizeTh expire 18 lines
10-10 12:37:08.955   787   878 I chatty  : uid=1000(system) FIAgentThread expire 6 lines
10-10 12:37:08.956  1970  1970 D TimeKeeper: getTimeTickInfo:[mMillisUntilFinished:0, mHour:0, mMinute:0, mSecond:0]
10-10 12:37:08.956  1970  1970 W HwKeyguardBottomArea: onUnlockMethodStateChanged
10-10 12:37:08.957  1970  1970 W DisabledFeatureUtils: Dis-Feature : 0
10-10 12:37:08.957  1970  1970 W KG_FDT  : isFaceUnlockEnabled 1
10-10 12:37:08.957  1970  1970 D TimeKeeper: getTimeTickInfo:[mMillisUntilFinished:0, mHour:0, mMinute:0, mSecond:0]
10-10 12:37:08.957  1970  1970 V HwKgdUM_FP: FingerPrint:: isUnlockingWithFingerprintAllowed getRemainingTime=0
10-10 12:37:08.957  1970  1970 D TimeKeeper: getTimeTickInfo:[mMillisUntilFinished:0, mHour:0, mMinute:0, mSecond:0]
10-10 12:37:08.957   696   838 D         : doWinFrameOptStatusRecog begin to recog Layer result=2
10-10 12:37:08.957   787 21266 I chatty  : uid=1000(system) hwfacerecognize expire 5 lines
10-10 12:37:08.959  1257  1302 I chatty  : uid=1000(system) HwGameAssistant expire 1 line
10-10 12:37:08.961  1970  1970 D KG_Policy: getRemainingChance 5
10-10 12:37:08.961  1970  1970 D KG_Policy: getRemainingChance 5
10-10 12:37:08.961  1970  1970 I HwKeyguardUpdateMonitor: isFinger:false
10-10 12:37:08.962  1257 16286 I chatty  : uid=1000(system) Binder:1257_1F expire 1 line
10-10 12:37:08.962 24828 19682 D OpenGLRenderer:   HWUI Binary is  enabled
10-10 12:37:08.962 24828 19682 D OpenGLRenderer: disableOutlineDraw is true
10-10 12:37:08.962  1970  1970 W KeyguardBouncer: setExtPromptReason to : 0, update = false
10-10 12:37:08.963 15477 15534 I AppLifeChangeSensor:  CAWARENESS: activityResumed componentName = ComponentInfo{com.tencent.mm/com.tencent.mm.plugin.sns.ui.SnsTimeLineUI}
10-10 12:37:08.964  1970  1970 D KG_Policy: getRemainingChance 5
10-10 12:37:08.964  1970  1970 I KeyguardAbsKeyInputView: showPromptReason same reason
10-10 12:37:08.964  1970  1970 W KeyguardBouncer: setExtPromptReason to : 0, update = false
10-10 12:37:08.964  1970  1970 W KG_FDT  : HwKeyguardBottomArea onFaceUnlockStateChanged
10-10 12:37:08.964  1970  1970 W LockIcon: hideView: true
10-10 12:37:08.964  1970  1970 W HwKeyguardBottomArea: updateLockInfo  for type: 3 ShowCharging: false showLockIndication: false
10-10 12:37:08.964  1970  1970 W HwKeyguardBottomArea: updateLockInfo  for bottom margin: -4 --> -4
10-10 12:37:08.964  1970  1970 I HwNavigationBarView: updateAssistantButtonInGuestureMode(), vis=true,isGestureNavEnable=true
10-10 12:37:08.970 24828 21523 I HiTouch_HiTouchSensor: enabledInPad = false,isPcCastMode = false
10-10 12:37:08.970 24828 21523 D HiTouch_PressGestureDetector: onAttached, package=com.tencent.mm, windowType=1, mHiTouchRestricted=false
10-10 12:37:08.972  4406  4526 I [HwRecSys]OdmfCollectScheduler: handleMessage msg: 6
10-10 12:37:08.972  4406  4526 I [HwRecSys]HwRecSysService:  cur pkg: com.tencent.mm
10-10 12:37:08.972  1970  4814 I CommandQueue: updateBarBgColor
10-10 12:37:08.973  1970  4814 D CommandQueue: CommandQueue, setBarBackgroundColor
10-10 12:37:08.973  1970  1970 D TintManager: navigationBarIconTint=99000000
10-10 12:37:08.973   696  1211 E BufferQueueProducer: [] mConsumerName == NULL!!!!!!
10-10 12:37:08.977  4406  4526 I [HwRecSys]CandidateSetHelper: getHwCandisetByPkgAndActivity -> pkg:com.tencent.mm
10-10 12:37:08.977  4406  4526 E [HwRecSys]CandidateSetHelper: getHwCandidateByPkgAndActivity -> this pkg HwCandidates is null!
10-10 12:37:08.986   645   993 I chatty  : uid=1000(system) HwBinder:645_1 expire 11 lines
10-10 12:37:08.987 24828 19682 D mali_winsys: EGLint new_window_surface(egl_winsys_display *, void *, EGLSurface, EGLConfig, egl_winsys_surface **, EGLBoolean) returns 0x3000
10-10 12:37:09.018 24828 24828 W InputMethodManager: startInputReason = 1
10-10 12:37:09.054 24828 25492 E memtrack: Couldn't load memtrack module
10-10 12:37:09.054 24828 25492 W android.os.Debug: failed to get memory consumption info: -1
10-10 12:37:09.052 24828 24828 W [GT]HandlerThre: type=1400 audit(0.0:334995): avc: granted { create } for name=".nomedia" scontext=u:r:untrusted_app_27:s0:c641,c768 tcontext=u:object_r:sdcardfs:s0:c641,c768 tclass=file
10-10 12:37:09.052 24828 24828 W [GT]HandlerThre: type=1400 audit(0.0:334994): avc: granted { create } for name=".nomedia" scontext=u:r:untrusted_app_27:s0:c641,c768 tcontext=u:object_r:sdcardfs:s0:c641,c768 tclass=file
10-10 12:37:09.072   696   838 D         : doWinFrameOptStatusRecog begin to recog Layer result=2
10-10 12:37:09.077  1257  1301 I chatty  : uid=1000(system) android.display expire 2 lines
10-10 12:37:09.078  1257  1301 I chatty  : uid=1000(system) android.display expire 1 line
10-10 12:37:09.092 24828 24828 W [GT]HandlerThre: type=1400 audit(0.0:334996): avc: granted { create } for name=".nomedia" scontext=u:r:untrusted_app_27:s0:c641,c768 tcontext=u:object_r:sdcardfs:s0:c641,c768 tclass=file
10-10 12:37:09.100 24828 24828 W [GT]HandlerThre: type=1400 audit(0.0:334997): avc: granted { create } for name="snsu_13176006682011574413" scontext=u:r:untrusted_app_27:s0:c641,c768 tcontext=u:object_r:sdcardfs:s0:c641,c768 tclass=file
10-10 12:37:09.140 21483 21514 I WCDB    : Initialize JNI module (1/12) CursorWindow...
10-10 12:37:09.140 21483 21514 V WCDB.JNIHelp: Registering com/tencent/wcdb/CursorWindow natives
10-10 12:37:09.140 21483 21514 I WCDB    : Initialize JNI module (2/12) ChunkedCursorWindow...
10-10 12:37:09.140 21483 21514 V WCDB.JNIHelp: Registering com/tencent/wcdb/database/ChunkedCursorWindow natives
10-10 12:37:09.140 21483 21514 V WCDB.JNIHelp: Registering com/tencent/wcdb/database/SQLiteAsyncQuery natives
10-10 12:37:09.140 21483 21514 I WCDB    : Initialize JNI module (3/12) SQLiteConnection...
10-10 12:37:09.141 21483 21514 I WCDB    : Initialize JNI module (4/12) SQLiteDebug...
10-10 12:37:09.141 21483 21514 V WCDB.JNIHelp: Registering com/tencent/wcdb/database/SQLiteDebug natives
10-10 12:37:09.141 21483 21514 I WCDB    : Initialize JNI module (5/12) SQLiteDirectCursor...
