10-10 12:37:14.027   830 12719 I Pged-Freezer: Freeze process: 15513
10-10 12:37:14.027   830 12719 I Pged-Freezer: Freeze process: 16022
10-10 12:37:14.028   830 12719 I Pged-Freezer: Freeze process: 21001
10-10 12:37:14.028  2197  2431 D PgedBinderAdapter: frz ok, pid: [23700, 18089, 15789, 15513, 16022, 21001]
10-10 12:37:14.052 21667 21667 V HwPolicyFactory: : success to get AllImpl object and return....
10-10 12:37:14.054 21667 21667 V ActivityThread: callActivityOnCreate
10-10 12:37:14.063 21667 21667 I HwApsImpl: APS: new HwApsImpl created
10-10 12:37:14.069 21667 21667 V HwWidgetFactory: : successes to get AllImpl object and return....
10-10 12:37:14.076 21667 21667 D OpenGLRenderer: Skia GL Pipeline
10-10 12:37:14.090 21667 21667 E cent.mm:toolsm: Invalid ID 0x00000000.
10-10 12:37:14.109 21667 21667 I ActivityWindowAndroid: ActivityWindowAndroid: not activity
10-10 12:37:14.114 21667 21667 D HwCustConnectivityManagerImpl: isBlockNetworkRequestByNonAis, INVALID_SUBSCRIPTION_ID
10-10 12:37:14.115  1257  8088 D ConnectivityService: listenForNetwork for uid/pid:12910249/21667 NetworkRequest [ LISTEN id=1580, [ Capabilities: INTERNET&NOT_RESTRICTED&TRUSTED&FOREGROUND Uid: 12910249] ]
10-10 12:37:14.116  1257  1826 D ConnectivityService: rematching NetworkAgentInfo [WIFI () - 204]
10-10 12:37:14.116  1257  1826 D ConnectivityService:  network has: [ Transports: WIFI Capabilities: NOT_METERED&INTERNET&NOT_RESTRICTED&TRUSTED&NOT_VPN&VALIDATED&NOT_ROAMING&FOREGROUND&NOT_CONGESTED&NOT_SUSPENDED LinkUpBandwidth>=1048576Kbps LinkDnBandwidth>=1048576Kbps SignalStrength: -65 SSID: "Huawei-Employee"]
10-10 12:37:14.116  2236 20552 D HwRecentsTaskUtils: refreshToCache
10-10 12:37:14.116  2236 20552 D HwRecentsTaskUtils: searchFromDate
10-10 12:37:14.116  1257  1826 D ConnectivityService: Network NetworkAgentInfo [WIFI () - 204] was already satisfying request 15. No change.
10-10 12:37:14.116  1257  1826 D ConnectivityService: Network NetworkAgentInfo [WIFI () - 204] was already satisfying request 1555. No change.
10-10 12:37:14.116  1257  1826 D ConnectivityService: Network NetworkAgentInfo [WIFI () - 204] was already satisfying request 1578. No change.
10-10 12:37:14.116  1257  1826 D ConnectivityService: Network NetworkAgentInfo [WIFI () - 204] was already satisfying request 1. No change.
10-10 12:37:14.116  1257  1826 D ConnectivityService: Network NetworkAgentInfo [WIFI () - 204] was already satisfying request 1573. No change.
10-10 12:37:14.116  1257  1826 D ConnectivityService: Network NetworkAgentInfo [WIFI () - 204] was already satisfying request 1098. No change.
10-10 12:37:14.116  1257  1826 D ConnectivityService: Network NetworkAgentInfo [WIFI () - 204] was already satisfying request 1428. No change.
10-10 12:37:14.116  1257  1826 D ConnectivityService: Network NetworkAgentInfo [WIFI () - 204] was already satisfying request 8. No change.
10-10 12:37:14.116  1257  1826 D ConnectivityService: Network NetworkAgentInfo [WIFI () - 204] was already satisfying request 12. No change.
10-10 12:37:14.116  1257  1826 D ConnectivityService: Network NetworkAgentInfo [WIFI () - 204] was already satisfying request 5. No change.
10-10 12:37:14.116  1257  1826 D ConnectivityService: Network NetworkAgentInfo [WIFI () - 204] was already satisfying request 1563. No change.
10-10 12:37:14.116  1257  1826 D ConnectivityService: Network NetworkAgentInfo [WIFI () - 204] was already satisfying request 1576. No change.
10-10 12:37:14.116  1257  1826 D ConnectivityService: Network NetworkAgentInfo [WIFI () - 204] was already satisfying request 37. No change.
10-10 12:37:14.116  1257  1826 D ConnectivityService: Network NetworkAgentInfo [WIFI () - 204] was already satisfying request 1100. No change.
10-10 12:37:14.116  1257  1826 D ConnectivityService: Network NetworkAgentInfo [WIFI () - 204] was already satisfying request 1549. No change.
10-10 12:37:14.116  1257  1826 D ConnectivityService: Network NetworkAgentInfo [WIFI () - 204] was already satisfying request 1558. No change.
10-10 12:37:14.116  1257  1826 D ConnectivityService: Network NetworkAgentInfo [WIFI () - 204] was already satisfying request 1569. No change.
10-10 12:37:14.116  1257  1826 D ConnectivityService: Network NetworkAgentInfo [WIFI () - 204] was already satisfying request 1430. No change.
10-10 12:37:14.117  1257  1826 D ConnectivityService: Network NetworkAgentInfo [WIFI () - 204] was already satisfying request 1565. No change.
10-10 12:37:14.117  1257  1826 D ConnectivityService: Network NetworkAgentInfo [WIFI () - 204] was already satisfying request 1546. No change.
10-10 12:37:14.118  2102 27052 I chatty  : uid=1000(system) Binder:2102_C expire 8 lines
10-10 12:37:14.120  2236 20552 I RecentsTaskLoadPlan: to show tasks size is 10
10-10 12:37:14.130 21667 21667 V XWalkViewShared: Binding Chromium to main looper Looper (main, tid 1) {1e2e0e2}
10-10 12:37:14.208 21667 21788 V AudioManager: isWiredHeadsetOn...
10-10 12:37:14.220 21667 21667 I WindowAndroid: onActivityStarted: -1359221632
10-10 12:37:14.222 21667 21802 I ConfigStore: android::hardware::configstore::V1_0::ISurfaceFlingerConfigs::hasWideColorDisplay retrieved: 0
10-10 12:37:14.223 21667 21802 I ConfigStore: android::hardware::configstore::V1_0::ISurfaceFlingerConfigs::hasHDRDisplay retrieved: 0
10-10 12:37:14.223 21667 21802 I iGraphics: [0020080c] pn: com.tencent.mm:toolsmp, p: 21667
10-10 12:37:14.261  1257 16285 V BroadcastQueue: Finished with ordered broadcast BroadcastRecord{a3a07c u129 com.tencent.mm.Intent.ACTION_CLICK_FLOW_REPORT}
10-10 12:37:14.261 21667 21802 W AudioCapabilities: Unsupported mime audio/ac4
10-10 12:37:14.262 21667 21802 W AudioCapabilities: Unsupported mime audio/eac3-joc
10-10 12:37:14.271 21667 21802 W VideoCapabilities: Unrecognized profile 4 for video/hevc
10-10 12:37:14.271 21667 21802 W VideoCapabilities: Unrecognized profile/level 0/0 for video/mpeg2
10-10 12:37:14.271 21667 21802 W VideoCapabilities: Unrecognized profile/level 0/2 for video/mpeg2
10-10 12:37:14.271 21667 21802 W VideoCapabilities: Unrecognized profile/level 0/3 for video/mpeg2
10-10 12:37:14.271 21667 21802 I VideoCapabilities: Unsupported profile 5 for video/mpeg2
10-10 12:37:14.271 21667 21802 I chatty  : uid=12910249(com.tencent.mm) Chrome_InProcGp identical 2 lines
10-10 12:37:14.271 21667 21802 I VideoCapabilities: Unsupported profile 5 for video/mpeg2
10-10 12:37:14.273 21667 21802 W VideoCapabilities: Unrecognized profile/level 1/32 for video/mp4v-es
10-10 12:37:14.273 21667 21802 W VideoCapabilities: Unrecognized profile/level 32768/2 for video/mp4v-es
10-10 12:37:14.273 21667 21802 W VideoCapabilities: Unrecognized profile/level 32768/64 for video/mp4v-es
10-10 12:37:14.280   669   669 I HW_DISPLAY_EFFECT: hw_get_display_panel_type: panel info is blmax:1023,blmin:31,blmax_nit_actual:0,blmax_nit_standard:0,lcdtype:AMOLED,
10-10 12:37:14.280   669   669 I HW_DISPLAY_EFFECT: 
10-10 12:37:14.280   669   669 I HW_DISPLAY_EFFECT: hw_get_display_panel_type: lcd type is AMOLED
10-10 12:37:14.280 21667 21667 D TextView: get Display Panel Type is : 1
10-10 12:37:14.280 21667 21802 I VideoCapabilities: Unsupported profile 4 for video/mp4v-es
10-10 12:37:14.310 21667 21667 I Utils   : Utils_isSuperResolutionSupport [load libsr_client.success]
10-10 12:37:14.319  1257 16285 I HwInnerVibratorService: isSupportHwVibrator type:haptic.control.text_edit, isSupport:0
10-10 12:37:14.319  1257 11890 I HwInnerVibratorService: isSupportHwVibrator type:haptic.control.text_choose_cursor_move, isSupport:0
10-10 12:37:14.344 21667 21667 I HwPhoneWindow: updateLayoutParamsColor false mSpecialSet=false, mForcedNavigationBarColor=false, navigationBarColor=0, mNavBarShow=false, mIsFloating=false
10-10 12:37:14.344 21667 21667 I HwPhoneWindow: updateLayoutParamsColor true mSpecialSet=true, mForcedNavigationBarColor=false, navigationBarColor=fffcfcfc, mNavBarShow=false, mIsFloating=false
10-10 12:37:14.348 21667 21667 I OverScrollerOptimization: start init SmartSlideOverScroller and get the overscroller config
10-10 12:37:14.348 21667 21667 I OverScrollerOptimization: get the overscroller config
10-10 12:37:14.349 21667 21667 I FLTAG_FM: loadFeature class:com.huawei.featurelayer.systemfeature.HwWidget.IHwSplineOverScrollerEx
10-10 12:37:14.349 21667 21667 I FLTAG_SFM: getRequireClassLoader() succ ! className: com.huawei.featurelayer.systemfeature.HwWidget.IHwSplineOverScrollerEx
10-10 12:37:14.349 21667 21667 D FeatureFactory: loadFeature() : com.huawei.featurelayer.systemfeature.HwWidget.IHwSplineOverScrollerEx
10-10 12:37:14.349 21667 21667 D FeatureFactory: loadFeature() new IHwSplineOverScrollerEx()
10-10 12:37:14.349 21667 21667 D HwSplineOverScrollerExImpl: initSplineOverScrollerImpl paras: android.widget.OverScroller$SplineOverScroller@573ffae,com.tencent.mm.plugin.brandservice.ui.timeline.preload.ui.TmplWebViewTooLMpUI@d21ee9f
10-10 12:37:14.349 21667 21667 D HwSplineOverScrollerExImpl: initSplineOverScrollerImpl: mScrollerVelocity is 0, value is 0
10-10 12:37:14.350 21667 21667 I FLTAG_FM: loadFeature class:com.huawei.featurelayer.systemfeature.HwWidget.IHwSplineOverScrollerEx
10-10 12:37:14.350 21667 21667 I FLTAG_SFM: getRequireClassLoader() succ ! className: com.huawei.featurelayer.systemfeature.HwWidget.IHwSplineOverScrollerEx
10-10 12:37:14.350 21667 21667 D FeatureFactory: loadFeature() : com.huawei.featurelayer.systemfeature.HwWidget.IHwSplineOverScrollerEx
10-10 12:37:14.350 21667 21667 D FeatureFactory: loadFeature() new IHwSplineOverScrollerEx()
10-10 12:37:14.350 21667 21667 D HwSplineOverScrollerExImpl: initSplineOverScrollerImpl paras: android.widget.OverScroller$SplineOverScroller@10468ba,com.tencent.mm.plugin.brandservice.ui.timeline.preload.ui.TmplWebViewTooLMpUI@d21ee9f
10-10 12:37:14.350 21667 21667 D HwSplineOverScrollerExImpl: initSplineOverScrollerImpl: mScrollerVelocity is 0, value is 0
10-10 12:37:14.363 21667 21667 I HwPhoneWindow: updateLayoutParamsColor true mSpecialSet=true, mForcedNavigationBarColor=false, navigationBarColor=fffcfcfc, mNavBarShow=false, mIsFloating=false
10-10 12:37:14.363 21667 21667 I HwPhoneWindow: updateLayoutParamsColor true mSpecialSet=true, mForcedNavigationBarColor=true, navigationBarColor=fff7f7f7, mNavBarShow=false, mIsFloating=false
10-10 12:37:14.369 21667 21667 I HwPhoneWindow: updateLayoutParamsColor false mSpecialSet=true, mForcedNavigationBarColor=true, navigationBarColor=fff7f7f7, mNavBarShow=false, mIsFloating=false
10-10 12:37:14.370  1257  1287 I StatusBarDisable: setFlags what=0 which=1 pkg=Window{ce2fdcd u129 com.tencent.mm/com.tencent.mm.plugin.sns.ui.SnsTimeLineUI}
10-10 12:37:14.370  1257  1647 V WindowManager: Checking 1 opening apps (frozen=false timeout=false), Track:  performsurface
10-10 12:37:14.370  1257  1647 V WindowManager: Check opening app=AppWindowToken{3cfb923 token=Token{a9d252 ActivityRecord{ccae6dd u129 com.tencent.mm/.plugin.brandservice.ui.timeline.preload.ui.TmplWebViewTooLMpUI t12900171}}}: allDrawn=false startingDisplayed=false startingMoved=false isRelaunching()=false startingWindow=null
10-10 12:37:14.369 21667 21667 I HwPhoneWindow: updateLayoutParamsColor false mSpecialSet=true, mForcedNavigationBarColor=true, navigationBarColor=fff7f7f7, mNavBarShow=false, mIsFloating=false
10-10 12:37:14.372 21667 21667 I FLTAG_FM: loadFeature class:com.huawei.featurelayer.systemfeature.HwWidget.IHwSplineOverScrollerEx
10-10 12:37:14.372 21667 21667 I FLTAG_SFM: getRequireClassLoader() succ ! className: com.huawei.featurelayer.systemfeature.HwWidget.IHwSplineOverScrollerEx
10-10 12:37:14.372 21667 21667 D FeatureFactory: loadFeature() : com.huawei.featurelayer.systemfeature.HwWidget.IHwSplineOverScrollerEx
10-10 12:37:14.372 21667 21667 D FeatureFactory: loadFeature() new IHwSplineOverScrollerEx()
10-10 12:37:14.372 21667 21667 D HwSplineOverScrollerExImpl: initSplineOverScrollerImpl paras: android.widget.OverScroller$SplineOverScroller@ea8746a,com.tencent.mm.plugin.brandservice.ui.timeline.preload.ui.TmplWebViewTooLMpUI@d21ee9f
10-10 12:37:14.372 21667 21667 D HwSplineOverScrollerExImpl: initSplineOverScrollerImpl: mScrollerVelocity is 0, value is 0
10-10 12:37:14.372 21667 21667 I FLTAG_FM: loadFeature class:com.huawei.featurelayer.systemfeature.HwWidget.IHwSplineOverScrollerEx
10-10 12:37:14.372 21667 21667 I FLTAG_SFM: getRequireClassLoader() succ ! className: com.huawei.featurelayer.systemfeature.HwWidget.IHwSplineOverScrollerEx
10-10 12:37:14.372 21667 21667 D FeatureFactory: loadFeature() : com.huawei.featurelayer.systemfeature.HwWidget.IHwSplineOverScrollerEx
10-10 12:37:14.372 21667 21667 D FeatureFactory: loadFeature() new IHwSplineOverScrollerEx()
10-10 12:37:14.372 21667 21667 D HwSplineOverScrollerExImpl: initSplineOverScrollerImpl paras: android.widget.OverScroller$SplineOverScroller@7d16d36,com.tencent.mm.plugin.brandservice.ui.timeline.preload.ui.TmplWebViewTooLMpUI@d21ee9f
10-10 12:37:14.372 21667 21667 D HwSplineOverScrollerExImpl: initSplineOverScrollerImpl: mScrollerVelocity is 0, value is 0
10-10 12:37:14.372 21667 21667 I FLTAG_FM: loadFeature class:com.huawei.featurelayer.systemfeature.HwWidget.IHwSplineOverScrollerEx
10-10 12:37:14.372 21667 21667 I FLTAG_SFM: getRequireClassLoader() succ ! className: com.huawei.featurelayer.systemfeature.HwWidget.IHwSplineOverScrollerEx
10-10 12:37:14.372 21667 21667 D FeatureFactory: loadFeature() : com.huawei.featurelayer.systemfeature.HwWidget.IHwSplineOverScrollerEx
10-10 12:37:14.372 21667 21667 D FeatureFactory: loadFeature() new IHwSplineOverScrollerEx()
10-10 12:37:14.372 21667 21667 D HwSplineOverScrollerExImpl: initSplineOverScrollerImpl paras: android.widget.OverScroller$SplineOverScroller@ca05da4,com.tencent.mm.plugin.brandservice.ui.timeline.preload.ui.TmplWebViewTooLMpUI@d21ee9f
10-10 12:37:14.372 21667 21667 D HwSplineOverScrollerExImpl: initSplineOverScrollerImpl: mScrollerVelocity is 0, value is 0
10-10 12:37:14.372 21667 21667 I FLTAG_FM: loadFeature class:com.huawei.featurelayer.systemfeature.HwWidget.IHwSplineOverScrollerEx
10-10 12:37:14.372 21667 21667 I FLTAG_SFM: getRequireClassLoader() succ ! className: com.huawei.featurelayer.systemfeature.HwWidget.IHwSplineOverScrollerEx
10-10 12:37:14.372 21667 21667 D FeatureFactory: loadFeature() : com.huawei.featurelayer.systemfeature.HwWidget.IHwSplineOverScrollerEx
10-10 12:37:14.372 21667 21667 D FeatureFactory: loadFeature() new IHwSplineOverScrollerEx()
10-10 12:37:14.372 21667 21667 D HwSplineOverScrollerExImpl: initSplineOverScrollerImpl paras: android.widget.OverScroller$SplineOverScroller@3bf26c2,com.tencent.mm.plugin.brandservice.ui.timeline.preload.ui.TmplWebViewTooLMpUI@d21ee9f
10-10 12:37:14.372 21667 21667 D HwSplineOverScrollerExImpl: initSplineOverScrollerImpl: mScrollerVelocity is 0, value is 0
10-10 12:37:14.373 21667 21667 I HwPhoneWindow: updateLayoutParamsColor true mSpecialSet=true, mForcedNavigationBarColor=true, navigationBarColor=fff7f7f7, mNavBarShow=false, mIsFloating=false
10-10 12:37:14.373 21667 21667 I HwPhoneWindow: updateLayoutParamsColor false mSpecialSet=true, mForcedNavigationBarColor=true, navigationBarColor=fff7f7f7, mNavBarShow=false, mIsFloating=false
10-10 12:37:14.379   685   685 E WifiHAL : enter wifi_get_link_stats
10-10 12:37:14.389  1257  1826 D ConnectivityService: notifyType CALLBACK_CAP_CHANGED for NetworkAgentInfo [WIFI () - 204]
10-10 12:37:14.390  1257  1848 D ConnectivityService: ActiveNetwork is blocked, uid = 10122, ignoreBlocked = false
10-10 12:37:14.390  2102  2656 I chatty  : uid=1000(system) ConnectivityThr expire 8 lines
10-10 12:37:14.391  1257  1848 D ConnectivityService: ActiveNetwork is blocked, uid = 10054, ignoreBlocked = false
10-10 12:37:14.391  1257  1848 D ConnectivityService: ActiveNetwork is blocked, uid = 10075, ignoreBlocked = false
10-10 12:37:14.391  1257  1848 D ConnectivityService: ActiveNetwork is blocked, uid = 12910065, ignoreBlocked = false
10-10 12:37:14.391  1257  1848 D ConnectivityService: ActiveNetwork is blocked, uid = 10122, ignoreBlocked = false
10-10 12:37:14.395  1257 16285 D ConnectivityService: Network is BLOCKED, uid = 10122
10-10 12:37:14.395  1257 16285 D ConnectivityService: Network is BLOCKED, uid = 10258
10-10 12:37:14.396  1257  8088 D ConnectivityService: ActiveNetwork is blocked, uid = 10258, ignoreBlocked = false
10-10 12:37:14.396  1257  2371 D ConnectivityService: Network is BLOCKED, uid = 10122
10-10 12:37:14.397  1257  8976 D ConnectivityService: Network is BLOCKED, uid = 10258
10-10 12:37:14.397  1970  1970 D NetWorkUtils: mVSimCurCardType is -1
10-10 12:37:14.397  1970  1970 D NetWorkUtils: mVSimCurCardType is -1
10-10 12:37:14.397  1970  1970 I Tile.WifiTile: setWifiIndicators  CallbackInfo = CallbackInfo[enabled=true,connected=true,enabledDesc="Huawei-Employee",activityIn=true,activityOut=true]
10-10 12:37:14.398  1257  2370 D ConnectivityService: ActiveNetwork is blocked, uid = 10122, ignoreBlocked = false
10-10 12:37:14.398  1257 16285 D ConnectivityService: Network is BLOCKED, uid = 10122
10-10 12:37:14.398  1257  8088 D ConnectivityService: Network is BLOCKED, uid = 10258
10-10 12:37:14.399  1257  8088 D ConnectivityService: Network is BLOCKED, uid = 10258
10-10 12:37:14.399  1257  8088 D ConnectivityService: Network is BLOCKED, uid = 10122
10-10 12:37:14.418   514   514 E SELinux : avc:  denied  { find } for interface=vendor.huawei.hardware.sensors::ISensors sid=u:r:untrusted_app_27:s0:c641,c768 pid=21667 scontext=u:r:untrusted_app_27:s0:c641,c768 tcontext=u:object_r:default_hisi_hwservice:s0 tclass=hwservice_manager permissive=0
10-10 12:37:14.424 21667 21667 I HwPhoneWindow: updateLayoutParamsColor false mSpecialSet=true, mForcedNavigationBarColor=true, navigationBarColor=fff7f7f7, mNavBarShow=false, mIsFloating=false
10-10 12:37:14.399  1257  8088 D ConnectivityService: Network is BLOCKED, uid = 10122
10-10 12:37:14.426 21667 21667 D ActivityThread: add activity client record, r= ActivityRecord{4228927 token=android.os.BinderProxy@9dd5106 {com.tencent.mm/com.tencent.mm.plugin.brandservice.ui.timeline.preload.ui.TmplWebViewTooLMpUI}} token= android.os.BinderProxy@9dd5106
10-10 12:37:14.430 21667 21667 I WindowAndroid: onActivityStarted: -1359221632
10-10 12:37:14.431 21667 21667 D ZrHung.AppEyeUiProbe: notify runnable to start.
10-10 12:37:14.432  1257  8088 V BroadcastQueue: Finished with ordered broadcast BroadcastRecord{bc6b481 u129 com.tencent.mm.Intent.ACTION_CLICK_FLOW_REPORT}
10-10 12:37:14.436  1257 16285 V BroadcastQueue: Finished with ordered broadcast BroadcastRecord{b605926 u129 com.tencent.mm.Intent.ACTION_CLICK_FLOW_REPORT}
10-10 12:37:14.437 21667 21667 D cr_ContentViewRenderView: [ContentViewRenderView.java:122] triggerCreated 
10-10 12:37:14.446  1257 16285 V BroadcastQueue: Finished with ordered broadcast BroadcastRecord{c93b967 u129 com.tencent.mm.Intent.ACTION_CLICK_FLOW_REPORT}
10-10 12:37:14.449 21667 21667 D HwAppInnerBoostImpl: set config for com.tencent.mm BOOST_FLAG=true REPORT_DURATION_CLICK=1000 REPORT_TIMES_CLICK=3 REPORT_DURATION_SLIDE=5000 REPORT_TIMES_SLIDE=16
10-10 12:37:14.449 21667 21667 D OpenGLRenderer:   HWUI Binary is  enabled
10-10 12:37:14.449 21667 21667 D OpenGLRenderer: disableOutlineDraw is true
10-10 12:37:14.459   696   838 D         : doWinFrameOptStatusRecog begin to recog Layer result=2
10-10 12:37:14.459  1257  8088 V WindowManager: addWindow: Window{f988503 u129 com.tencent.mm/com.tencent.mm.plugin.brandservice.ui.timeline.preload.ui.TmplWebViewTooLMpUI}
10-10 12:37:14.460  1257  1284 W HwActivityManagerServiceEx: HwActivityNotifier end call for activityLifeState under user 0 cost 0
10-10 12:37:14.460  1257  1302 D HwGameAssistantController: UPDATE: mCurFgPkg=, mCurFgPid=0, mCurIsGame=false
10-10 12:37:14.460 15477 15534 I AppLifeChangeSensor:  CAWARENESS: activityResumed componentName = ComponentInfo{com.tencent.mm/com.tencent.mm.plugin.brandservice.ui.timeline.preload.ui.TmplWebViewTooLMpUI}
10-10 12:37:14.461  1970  1970 I HwNavigationBarView: updateAssistantButtonInGuestureMode(), vis=true,isGestureNavEnable=true
10-10 12:37:14.464 21667 21667 D HwCustConnectivityManagerImpl: isBlockNetworkRequestByNonAis, INVALID_SUBSCRIPTION_ID
10-10 12:37:14.465  1257 11890 D ConnectivityService: listenForNetwork for uid/pid:12910249/21667 NetworkRequest [ LISTEN id=1581, [ Capabilities: INTERNET&NOT_RESTRICTED&TRUSTED&FOREGROUND Uid: 12910249] ]
10-10 12:37:14.465  1257  1826 D ConnectivityService: rematching NetworkAgentInfo [WIFI () - 204]
10-10 12:37:14.466  1257  1826 D ConnectivityService:  network has: [ Transports: WIFI Capabilities: NOT_METERED&INTERNET&NOT_RESTRICTED&TRUSTED&NOT_VPN&VALIDATED&NOT_ROAMING&FOREGROUND&NOT_CONGESTED&NOT_SUSPENDED LinkUpBandwidth>=1048576Kbps LinkDnBandwidth>=1048576Kbps SignalStrength: -67 SSID: "Huawei-Employee"]
10-10 12:37:14.466  1257  1826 D ConnectivityService: Network NetworkAgentInfo [WIFI () - 204] was already satisfying request 15. No change.
10-10 12:37:14.466  1257  1826 D ConnectivityService: Network NetworkAgentInfo [WIFI () - 204] was already satisfying request 1555. No change.
10-10 12:37:14.466  1257  1826 D ConnectivityService: Network NetworkAgentInfo [WIFI () - 204] was already satisfying request 1578. No change.
10-10 12:37:14.466  1257  1826 D ConnectivityService: Network NetworkAgentInfo [WIFI () - 204] was already satisfying request 1. No change.
10-10 12:37:14.466  1257  1826 D ConnectivityService: Network NetworkAgentInfo [WIFI () - 204] was already satisfying request 1573. No change.
10-10 12:37:14.466  1257  1826 D ConnectivityService: Network NetworkAgentInfo [WIFI () - 204] was already satisfying request 1098. No change.
10-10 12:37:14.466  1257  1826 D ConnectivityService: Network NetworkAgentInfo [WIFI () - 204] was already satisfying request 1428. No change.
10-10 12:37:14.466  1257  1826 D ConnectivityService: Network NetworkAgentInfo [WIFI () - 204] was already satisfying request 8. No change.
10-10 12:37:14.466  1257  1826 D ConnectivityService: Network NetworkAgentInfo [WIFI () - 204] was already satisfying request 12. No change.
10-10 12:37:14.466  1257  1826 D ConnectivityService: Network NetworkAgentInfo [WIFI () - 204] was already satisfying request 5. No change.
10-10 12:37:14.466  1257  1826 D ConnectivityService: Network NetworkAgentInfo [WIFI () - 204] was already satisfying request 1563. No change.
10-10 12:37:14.466  1257  1826 D ConnectivityService: Network NetworkAgentInfo [WIFI () - 204] was already satisfying request 1576. No change.
10-10 12:37:14.466  1257  1826 D ConnectivityService: Network NetworkAgentInfo [WIFI () - 204] was already satisfying request 37. No change.
10-10 12:37:14.466  1257  1826 D ConnectivityService: Network NetworkAgentInfo [WIFI () - 204] was already satisfying request 1100. No change.
10-10 12:37:14.466  1257  1826 D ConnectivityService: Network NetworkAgentInfo [WIFI () - 204] was already satisfying request 1549. No change.
10-10 12:37:14.466  1257  1826 D ConnectivityService: Network NetworkAgentInfo [WIFI () - 204] was already satisfying request 1558. No change.
10-10 12:37:14.466  1257  1826 D ConnectivityService: Network NetworkAgentInfo [WIFI () - 204] was already satisfying request 1569. No change.
10-10 12:37:14.466  1257  1826 D ConnectivityService: Network NetworkAgentInfo [WIFI () - 204] was already satisfying request 1430. No change.
10-10 12:37:14.466  1257  1826 D ConnectivityService: Network NetworkAgentInfo [WIFI () - 204] was already satisfying request 1565. No change.
10-10 12:37:14.466  1257  1826 D ConnectivityService: Network NetworkAgentInfo [WIFI () - 204] was already satisfying request 1546. No change.
10-10 12:37:14.476  4406  4526 I [HwRecSys]OdmfCollectScheduler: handleMessage msg: 6
10-10 12:37:14.476  4406  4526 I [HwRecSys]HwRecSysService:  cur pkg: com.tencent.mm
10-10 12:37:14.476  4406  4526 I [HwRecSys]CandidateSetHelper: getHwCandisetByPkgAndActivity -> pkg:com.tencent.mm
10-10 12:37:14.477  4406  4526 E [HwRecSys]CandidateSetHelper: getHwCandidateByPkgAndActivity -> this pkg HwCandidates is null!
10-10 12:37:14.513   629   757 I PreDnsController: canPreDnsQuery,persist.sys.predns is false!
10-10 12:37:14.547 21667 21847 I HiTouch_HiTouchSensor: enabledInPad = false,isPcCastMode = false
10-10 12:37:14.547 21667 21847 D HiTouch_PressGestureDetector: onAttached, package=com.tencent.mm, windowType=1, mHiTouchRestricted=false
10-10 12:37:14.554  1257  2371 I AlarmManager: remove alarm:Alarm{c3b917b type 2 when 317415883 PendingIntent{fbb60d4: PendingIntentRecord{241027d com.tencent.mm broadcastIntent}}com.tencent.mm} according to operation:bd29b98
10-10 12:37:14.555  1257  8088 W ProcBatteryStats: timer is running , not start, name: com.tencent.mm, uid: 12910249, tag: PlatformComm
10-10 12:37:14.555  1257  1287 I StatusBarDisable: setFlags what=0 which=1 pkg=Window{ce2fdcd u129 com.tencent.mm/com.tencent.mm.plugin.sns.ui.SnsTimeLineUI}
10-10 12:37:14.555  1257  2371 I AlarmManager: adjustDeliveryTimeBasedOnStandbyBucketLocked alarm:Alarm{ca94362 type 2 when 319198986 PendingIntent{206c5cd: PendingIntentRecord{fff77a7 com.autonavi.minimap startService}}com.autonavi.minimap}, standbyBucket:40, minElapsed:323887257
10-10 12:37:14.555  1257  2371 I AlarmManager: adjustDeliveryTimeBasedOnStandbyBucketLocked alarm:Alarm{ad4d36b type 3 when 317370659 PendingIntent{4cacec8: PendingIntentRecord{c0b2b61 com.huawei.hiaction startService}}com.huawei.hiaction}, standbyBucket:40, minElapsed:324000150
10-10 12:37:14.555  1257  2371 I AlarmManager: adjustDeliveryTimeBasedOnStandbyBucketLocked alarm:Alarm{3a3e316 type 2 when 317253323 PendingIntent{1b6130: PendingIntentRecord{e6531a9 com.huawei.hwvplayer.youku startService}}com.huawei.hwvplayer.youku}, standbyBucket:40, minElapsed:324007068
10-10 12:37:14.556  1257 11890 V WindowManager: Checking 1 opening apps (frozen=false timeout=false), Track: relayout performsurface
10-10 12:37:14.556  1257 11890 V WindowManager: Check opening app=AppWindowToken{3cfb923 token=Token{a9d252 ActivityRecord{ccae6dd u129 com.tencent.mm/.plugin.brandservice.ui.timeline.preload.ui.TmplWebViewTooLMpUI t12900171}}}: allDrawn=false startingDisplayed=false startingMoved=false isRelaunching()=false startingWindow=null
10-10 12:37:14.556  1257 11890 I WindowManager: relayoutVisibleWindow: set isFormatChanged
10-10 12:37:14.557  1257  2371 D SmartHeartBeat: isPendingPackage, false, pkg:com.android.deskclock, action:com.android.deskclock.ALARM_ALERT,not pending alarm with AlarmClockInfo
10-10 12:37:14.559  1257  1287 I StatusBarDisable: setFlags what=0 which=1 pkg=Window{f988503 u129 com.tencent.mm/com.tencent.mm.plugin.brandservice.ui.timeline.preload.ui.TmplWebViewTooLMpUI}
10-10 12:37:14.560 21667 21834 I OpenGLRenderer: Initialized EGL, version 1.4, mEglDisplay 0x1
10-10 12:37:14.560 21667 21834 D OpenGLRenderer: Swap behavior 2
10-10 12:37:14.560   696  1913 E BufferQueueProducer: [] mConsumerName == NULL!!!!!!
10-10 12:37:14.567   629   757 I PreDnsController: canPreDnsQuery,persist.sys.predns is false!
10-10 12:37:14.568   696  1913 E BufferQueueProducer: [] mConsumerName == NULL!!!!!!
10-10 12:37:14.577 21667 21834 D mali_winsys: EGLint new_window_surface(egl_winsys_display *, void *, EGLSurface, EGLConfig, egl_winsys_surface **, EGLBoolean) returns 0x3000
10-10 12:37:14.578 21667 21834 D OpenGLRenderer:   HWUI Binary is  enabled
10-10 12:37:14.578 21667 21834 D OpenGLRenderer: disableOutlineDraw is true
10-10 12:37:14.603 21667 21667 D cr_ContentViewRenderView: [ContentViewRenderView.java:189] onSurfaceTextureAvailable: 
10-10 12:37:14.625 21667 21667 I ViewRootImpl: jank_removeInvalidNode jank list is null
10-10 12:37:14.627  1257  1287 I StatusBarDisable: setFlags what=0 which=1 pkg=Window{f988503 u129 com.tencent.mm/com.tencent.mm.plugin.brandservice.ui.timeline.preload.ui.TmplWebViewTooLMpUI}
10-10 12:37:14.627  1257  1647 V WindowManager_visibility: updateAllDrawn Add AppWindowToken{3cfb923 token=Token{a9d252 ActivityRecord{ccae6dd u129 com.tencent.mm/.plugin.brandservice.ui.timeline.preload.ui.TmplWebViewTooLMpUI t12900171}}}
10-10 12:37:14.627 21667 21667 W InputMethodManager: startInputReason = 1
10-10 12:37:14.627  1257  1647 V WindowManager_visibility: updateAllDrawn allDrawn=false interesting=1 drawn=1 relaunchCount=0 for AppWindowToken{3cfb923 token=Token{a9d252 ActivityRecord{ccae6dd u129 com.tencent.mm/.plugin.brandservice.ui.timeline.preload.ui.TmplWebViewTooLMpUI t12900171}}}
10-10 12:37:14.628  1257  1647 V WindowManager: Checking 1 opening apps (frozen=false timeout=false), Track:  performsurface
10-10 12:37:14.628  1257  1647 V WindowManager: Check opening app=AppWindowToken{3cfb923 token=Token{a9d252 ActivityRecord{ccae6dd u129 com.tencent.mm/.plugin.brandservice.ui.timeline.preload.ui.TmplWebViewTooLMpUI t12900171}}}: allDrawn=true startingDisplayed=false startingMoved=false isRelaunching()=false startingWindow=null
10-10 12:37:14.628  1257  1647 I WindowManager: closing apps count = 1
10-10 12:37:14.634   696   838 D         : doWinFrameOptStatusRecog begin to recog Layer result=2
10-10 12:37:14.636  1257  1287 I StatusBarDisable: setFlags what=0 which=1 pkg=Window{f988503 u129 com.tencent.mm/com.tencent.mm.plugin.brandservice.ui.timeline.preload.ui.TmplWebViewTooLMpUI}
10-10 12:37:14.637  1257  1301 D ActivityManager: EVENT_APP_ACTIVITY_DISPLAYED_FINISH reportData: com.tencent.mm/.plugin.brandservice.ui.timeline.preload.ui.TmplWebViewTooLMpUI 21667 644
10-10 12:37:14.645  1257  1287 I StatusBarDisable: setFlags what=0 which=1 pkg=Window{f988503 u129 com.tencent.mm/com.tencent.mm.plugin.brandservice.ui.timeline.preload.ui.TmplWebViewTooLMpUI}
10-10 12:37:14.646 21667 21802 D mali_winsys: EGLint new_window_surface(egl_winsys_display *, void *, EGLSurface, EGLConfig, egl_winsys_surface **, EGLBoolean) returns 0x3000
10-10 12:37:14.658 21667 21667 W InputMethodManager: startInputReason = 5
10-10 12:37:14.708   830   895 I AwareLog: HibSTrategy::HibStrategySwapCandidateProcessAdd packagename com.tencent.mm
10-10 12:37:14.716   629   757 I PreDnsController: canPreDnsQuery,persist.sys.predns is false!
10-10 12:37:14.746  2197 18112 I PGServer: getTopFrontApp. calling pkg: android
10-10 12:37:14.775   629   757 I PreDnsController: canPreDnsQuery,persist.sys.predns is false!
10-10 12:37:14.775  1257 11890 I chatty  : uid=1000(system) Binder:1257_15 expire 13 lines
10-10 12:37:14.777   629 21858 D libc    : GetAddrInfoHandler addr: 1.1
10-10 12:37:14.779  1257 11890 W ContextImpl: Calling a method in the system process without a qualified user: android.app.ContextImpl.sendBroadcast:4346377 .:8876789 com.android.server.HwConnectivityManagerImpl.onDnsEvent:3406153 .:5590277 .:5816269 
10-10 12:37:14.780  2158  2336 I chatty  : uid=1000(system) HwWifiStatStore expire 1 line
10-10 12:37:14.812   830  3329 I AwareLog: HiberManagerService::do_reclaim ok, pid=21630, reclaim_mode = hiber_anon
10-10 12:37:14.812   830  3329 I AwareLog: HiberManagerService::getReclaimResult:reclaim_kb=11388, swap_kb=11388, swap_us=57539
10-10 12:37:14.812   830  3329 I AwareLog: HibStrategy::HibStrategySwapCandidateProcessRemove packagename is com.tencent.mm
10-10 12:37:14.812   830  3329 I AwareLog: HiberManagerService::sendMessagetoHiberTask successful
10-10 12:37:14.829 21630 21630 D AwareBitmapCacher: handleInit disable com.google.android.webview:sandboxed_process1
10-10 12:37:14.835   629   757 I PreDnsController: canPreDnsQuery,persist.sys.predns is false!
10-10 12:37:14.908   785   847 D emcomd  : [EMCOMD_Socket] processCommandBuffer# processCommandBuffer request 1026 token 16705 
10-10 12:37:14.921 24828 19672 D ZrHung.AppEyeUiProbe: Current Activity:false
10-10 12:37:14.921 24828 19672 D ZrHung.AppEyeUiProbe: not watching, wait.
10-10 12:37:14.937 21667 21667 W HwGalleryCacheManagerImpl: Unknown  tag: cacheVersion
10-10 12:37:14.937 21667 21667 D HwGalleryCacheManagerImpl: isWechatVersionSupport currentVersionCode:1521
10-10 12:37:14.942 21667 21667 D HwGalleryCacheManagerImpl: mIsEffect:true
10-10 12:37:14.980  1257  1287 I StatusBarDisable: setFlags what=0 which=1 pkg=Window{f988503 u129 com.tencent.mm/com.tencent.mm.plugin.brandservice.ui.timeline.preload.ui.TmplWebViewTooLMpUI}
10-10 12:37:14.999 24828 19682 W libEGL  : EGLNativeWindowType 0xa98f1008 disconnect failed
10-10 12:37:15.015 24828 24828 D ViewRootImpl[SnsTimeLineUI]: surface should not be released
10-10 12:37:15.017 21667 21790 I AndroidNetworkLibrary: gethostbyname type: 1
10-10 12:37:14.993  1257  1287 I chatty  : uid=1000(system) android.ui identical 2 lines
10-10 12:37:15.006  1257  1287 I StatusBarDisable: setFlags what=0 which=1 pkg=Window{f988503 u129 com.tencent.mm/com.tencent.mm.plugin.brandservice.ui.timeline.preload.ui.TmplWebViewTooLMpUI}
10-10 12:37:15.027  1257  8088 V WindowManager: notifyAppStopped: AppWindowToken{afb17b8 token=Token{445ea1b ActivityRecord{176cc2a u129 com.tencent.mm/.plugin.sns.ui.SnsTimeLineUI t12900171}}}
10-10 12:37:15.027  1257  8088 E WindowManager: win=Window{ce2fdcd u129 com.tencent.mm/com.tencent.mm.plugin.sns.ui.SnsTimeLineUI} destroySurfaces: appStopped=true win.mWindowRemovalAllowed=false win.mRemoveOnExit=false
10-10 12:37:15.032  2102  2118 I BoosterSwitchP: notifyUidState do nothing
10-10 12:37:15.032  2102  2118 I DeepNoDisturbP: notifyUidState
10-10 12:37:15.032  2102  2118 I BrowserChrP: notifyUidState
10-10 12:37:15.033  1257  1283 I HwAudioService: now type = 0,reportForegroundAppType = 0,pkg = null,mVoipOptimizeInGameModefalse
10-10 12:37:15.148  1257  8088 W ProcBatteryStats: timer is running , not start, name: com.android.phone, uid: 1001, tag: RILJ_ACK_WL
10-10 12:37:15.166  1257  1257 I chatty  : uid=1000 system_server expire 22 lines
10-10 12:37:15.172  2209  2658 W PhoneInterfaceManager: shouldBlockLocation running ...
10-10 12:37:15.172  2209  2658 I PhoneInterfaceManager: shouldBlockLocation  ret:false
10-10 12:37:15.184  2090  4902 I chatty  : uid=1000(system) collection expire 17 lines
10-10 12:37:15.188  2102  2242 I DeepNoDisturbP: handleStateChanged reason=8
10-10 12:37:15.189  2209  2235 W PhoneInterfaceManager: shouldBlockLocation running ...
10-10 12:37:15.189  2102  2242 I HidataAppQoeP: handleStateChanged reason=8
10-10 12:37:15.189  2209  2235 I PhoneInterfaceManager: shouldBlockLocation  ret:false
10-10 12:37:15.191   637  2652 I chatty  : uid=1000(system) HwBinder:637_2 expire 27 lines
10-10 12:37:15.192  2102  2242 I PreDnsQuery: handleStateChanged reason=8
10-10 12:37:15.195  2102  2242 I PreDnsQuery: No need to handled!
10-10 12:37:15.195  2102  2242 I BrowserChrP: handleStateChanged
10-10 12:37:15.196  2209  2235 D WorkSource: i1=0 i2=0 N1=0: insert 1000 android.uid.system:1000
10-10 12:37:15.196  2209  2235 D WorkSource: Insert in WorkSource{} @ 0 uid 1000 name android.uid.system:1000
10-10 12:37:15.202  1970  2085 I HwMobileSignalController(0): subId:0 phoneType:1 networktype:3 targetClass:2 masterLevel:5 slaveLevel:-1
10-10 12:37:15.209  1970  1970 D HwMobileSignalController(0): getTypeIcon type:2
10-10 12:37:15.209  1970  1970 D HwMobileSignalController(0):  3G
10-10 12:37:15.212  1970  1970 D HwCustMobileSignalControllerImpl: updateDataType, mDataNetType: 3, isCAstate: false
10-10 12:37:15.212  1970  1970 D NetWorkUtils: mVSimCurCardType is -1
10-10 12:37:15.238  2209  2209 W SettingsEx: SettingsEx.Systemex.getString deprecated use Settings.System.getString instead ;callers=com.android.internal.telephony.gsm.HwCustGsmServiceStateManagerImpl.isMccForShowNetname:206 com.android.internal.telephony.gsm.HwCustGsmServiceStateManagerImpl.isShowNetnameByMcc:197 com.android.internal.telephony.gsm.HwCustGsmServiceStateManagerImpl.setOnsDisplayCustomization:148 
10-10 12:37:15.213  1970  1970 D NetWorkUtils: mVSimCurCardType is -1
10-10 12:37:15.251  1257  1817 I chatty  : uid=1000(system) WifiService expire 41 lines
10-10 12:37:15.254  1257  1257 D LocationManagerServiceUtil: ServiceStateChanged numeric = 22201
10-10 12:37:15.254  1257  1257 D LocationManagerServiceUtil: ServiceStateChanged use pkgName = com.huawei.lbs
10-10 12:37:15.259  1257  1257 D HwMultiNlpPolicy: PhoneStateListener 0, mDataSub 1
10-10 12:37:15.264  1257  1283 D CountryDetector: isValidCountryIso: IT
10-10 12:37:15.265  1257 11890 I HwNetworkPolicy: onTransact, code = 205
10-10 12:37:15.265  2263  2263 I HwNetworkPolicyManager: forceUpdatePolicy isRoaming = false
10-10 12:37:15.265  2209  2209 D ServiceStateProvider: subId=0
10-10 12:37:15.266  1970  1970 W AppHandler: sendMessage 117
10-10 12:37:15.266  1970  1970 W HwLockScreenPanel: Handle message: 117
10-10 12:37:15.267  6850  6850 D RcsService: RcsService - rcs_config:onServiceStateChanged getPhoneStateListener received on subscription :0 state=0 subId=1
10-10 12:37:15.267  1257  1286 W BroadcastQueue: Permission Denial: broadcasting Intent { act=android.intent.action.SERVICE_STATE flg=0x1000010 (has extras) } from android (pid=2209, uid=1001) requires com.huawei.cust.android.phone.permission.HW_LTEONLY due to registered receiver BroadcastFilter{57f37e5 u0 ReceiverList{a74eadc 2209 com.android.phone/1001/u0 remote:12c434f}}
10-10 12:37:15.269  2158  2319 I chatty  : uid=1000(system) HwWifiCHRStateM expire 12 lines
10-10 12:37:15.270  2090  2090 I chatty  : uid=1000(system) com.huawei.lbs expire 12 lines
10-10 12:37:15.270  2090  8109 I chatty  : uid=1000(system) higeo_device_st expire 7 lines
10-10 12:37:15.276  1970  2085 I HwMobileSignalController(0): subId:0 phoneType:1 networktype:2 targetClass:1 masterLevel:5 slaveLevel:-1
10-10 12:37:15.277  4876  4876 I HiBoard_e: checkRoamingStateChanged : cur country is IT home country is IT
10-10 12:37:15.277  4876  4876 I HiBoard_e: checkRoamingStateChanged : last coutry is IT
10-10 12:37:15.279 17905 17905 D Mms_TX_ServiceStateChangeReceiver: action: ACTION_SERVICE_STATE_CHANGED, serviceState = 0
10-10 12:37:15.279 17905 17905 E Mms_TXM_SVC: isSecondaryUser() start 
10-10 12:37:15.279 17905 17905 E Mms_TXM_SVC: isSecondaryUser() end 
10-10 12:37:15.279 17905 17905 E Mms_TXM_SVC: removeCallbacksAndMessages start 
10-10 12:37:15.279 18021 18035 I HiBoard_IntelligentProvider: Provider.call: storePrefString
10-10 12:37:15.279 17905 17905 E Mms_TXM_SVC: removeCallbacksAndMessages end 
10-10 12:37:15.279 17905 17905 E Mms_TXM_SVC: startService end 
10-10 12:37:15.279  4876  4876 I HiBoard_e: notifyRamotingStateChanged check roaming state is not true
10-10 12:37:15.279  1257  2371 V BroadcastQueue: Finished with ordered broadcast BroadcastRecord{3948761 u-1 android.intent.action.SERVICE_STATE}
10-10 12:37:15.283  1257 16285 I HwNetworkPolicy: onTransact, code = 205
10-10 12:37:15.285 10408 10408 I HwNetworkPolicyManager: forceUpdatePolicy isRoaming = false
10-10 12:37:15.297  1970  1970 D HwMobileSignalController(0): getTypeIcon type:1
10-10 12:37:15.297  1970  1970 D HwMobileSignalController(0):  2G
10-10 12:37:15.300  2209  2464 W PhoneInterfaceManager: shouldBlockLocation running ...
10-10 12:37:15.300  2209  2464 I PhoneInterfaceManager: shouldBlockLocation  ret:false
10-10 12:37:15.300  2209  2209 W SettingsEx: SettingsEx.Systemex.getString deprecated use Settings.System.getString instead ;callers=com.android.internal.telephony.gsm.HwCustGsmServiceStateManagerImpl.isMccForShowNetname:206 com.android.internal.telephony.gsm.HwCustGsmServiceStateManagerImpl.isShowNetnameByMcc:197 com.android.internal.telephony.gsm.HwCustGsmServiceStateManagerImpl.setOnsDisplayCustomization:148 
10-10 12:37:15.303  2209  2658 W PhoneInterfaceManager: shouldBlockLocation running ...
10-10 12:37:15.303  2209  2658 I PhoneInterfaceManager: shouldBlockLocation  ret:false
10-10 12:37:15.303  2173  2190 I chatty  : uid=1000(system) Binder:2173_1 expire 13 lines
10-10 12:37:15.303  1970  1970 D HwCustMobileSignalControllerImpl: updateDataType, mDataNetType: 2, isCAstate: false
10-10 12:37:15.305  1970  1970 D NetWorkUtils: mVSimCurCardType is -1
10-10 12:37:15.305  1970  1970 D NetWorkUtils: mVSimCurCardType is -1
10-10 12:37:15.305  1970  1970 D NetWorkUtils: mVSimCurCardType is -1
10-10 12:37:15.305  1970  1970 I chatty  : uid=10009(com.huawei.desktop.systemui) com.android.systemui identical 18 lines
10-10 12:37:15.305  1970  1970 D NetWorkUtils: mVSimCurCardType is -1
10-10 12:37:15.310  2209  2235 D WorkSource: i1=0 i2=0 N1=1: insert 1000 android.uid.system:1000
10-10 12:37:15.310  2209  2235 D WorkSource: Insert in WorkSource{10125 com.netease.newsreader.activity} @ 0 uid 1000 name android.uid.system:1000
10-10 12:37:15.317  1257  2370 W ProcBatteryStats: timer is running , not start, name: android.uid.system, uid: 1000, tag: *telephony-radio*
10-10 12:37:15.323  2209  2209 D Telephony-TelecomAccountRegistry: onServiceStateChanged0 newState : 0, mServiceState : 0
10-10 12:37:15.331  1970  2085 I HwMobileSignalController(0): subId:0 phoneType:1 networktype:2 targetClass:1 masterLevel:5 slaveLevel:-1
10-10 12:37:15.331  1257  2371 W ProcBatteryStats: timer is not running , not stop, name: android.uid.system, uid: 1000, tag: *telephony-radio*
10-10 12:37:15.340  2209  2209 I PhoneGlobals: onReceive,action = android.intent.action.SERVICE_STATE
10-10 12:37:15.340  2209  2209 V PhoneGlobals: handleServiceStateChanged
10-10 12:37:15.342  2209  2209 D PhoneGlobals: handleServiceStateChanged isCsInservice=true
10-10 12:37:15.345  2209  2209 D HwCustPhoneGlobalsImpl: full network is true old serivce state is 0 new service state is 0 subid is 0 hasNotification is false
10-10 12:37:15.346  2209  2209 D HwCustPhoneGlobalsImpl: isNeedToResetNetworkMode  isResetOrNot=4,subId=0
10-10 12:37:15.346  2209  2209 V PhoneGlobals: subId=0,mDefaultDataSubId=1,ss roaming=false
10-10 12:37:15.350  2090  2192 I chatty  : uid=1000(system) HwNLPSCAN expire 12 lines
10-10 12:37:15.350  1257  2371 W ProcBatteryStats: timer is not running , not stop, name: com.android.phone, uid: 1001, tag: RILJ_ACK_WL
10-10 12:37:15.352  2209  2235 W PhoneInterfaceManager: shouldBlockLocation running ...
10-10 12:37:15.352  2209  2235 I PhoneInterfaceManager: shouldBlockLocation  ret:false
10-10 12:37:15.355  2209  2658 W PhoneInterfaceManager: shouldBlockLocation running ...
10-10 12:37:15.355  2209  2658 I PhoneInterfaceManager: shouldBlockLocation  ret:false
10-10 12:37:15.357  2090  2191 I chatty  : uid=1000(system) HwLocation expire 30 lines
10-10 12:37:15.358  2209  2235 W PhoneInterfaceManager: shouldBlockLocation running ...
10-10 12:37:15.358  2209  2235 I PhoneInterfaceManager: shouldBlockLocation  ret:false
10-10 12:37:15.360  1257 16285 I NetworkStats: openSessionForUsageStats, pid = 2090, pkg = com.huawei.lbs
10-10 12:37:15.360  1257 16285 I NetworkStats: openSessionInternal,pid = 2090
10-10 12:37:15.361  1257 16285 I NetworkStats: performPollLocked, pid = 1257
10-10 12:37:15.361  2102  2102 D SmartDualCardSM: updateCellId mCellId[masterSubId]=7527968,mCellId[slaveSubId]=41840
10-10 12:37:15.366  2209  2464 W PhoneInterfaceManager: shouldBlockLocation running ...
10-10 12:37:15.366  2209  2464 I PhoneInterfaceManager: shouldBlockLocation  ret:false
10-10 12:37:15.370  2102  2242 I DeepNoDisturbP: handleStateChanged reason=8
10-10 12:37:15.371  2102  2242 I HidataAppQoeP: handleStateChanged reason=8
10-10 12:37:15.372  2102  2242 I PreDnsQuery: handleStateChanged reason=8
10-10 12:37:15.373  2102  2242 I PreDnsQuery: No need to handled!
10-10 12:37:15.373  2102  2242 I BrowserChrP: handleStateChanged
10-10 12:37:15.379  2209  2658 W PhoneInterfaceManager: shouldBlockLocation running ...
10-10 12:37:15.379  2209  2658 I PhoneInterfaceManager: shouldBlockLocation  ret:false
10-10 12:37:15.385  2209  2464 W PhoneInterfaceManager: shouldBlockLocation running ...
10-10 12:37:15.386  2209  2464 I PhoneInterfaceManager: shouldBlockLocation  ret:false
10-10 12:37:15.389  1257 16285 W NetworkStatsFactory: mStatsXtProcUid: /proc/net/comm/stats does not exist!
10-10 12:37:15.389  1257 16285 D HwNetworkStatsService: hwRecordUidAndProcSnapshotLocked currentTime = 1570703836947
10-10 12:37:15.393  2209  2658 W PhoneInterfaceManager: shouldBlockLocation running ...
10-10 12:37:15.393  2209  2658 I PhoneInterfaceManager: shouldBlockLocation  ret:false
10-10 12:37:15.403  1257 16285 I NetworkStatsFactory: javaReadNetworkStatsUidAndProcDetail. cost time = 14
10-10 12:37:15.411  1257 16285 D HwNetworkStatsService: hwMaybeUidAndProcPersistLocked currentTime = 1570703836947
10-10 12:37:15.449  2263  2436 E HSM_Install_BG: NormalTrafficAnalysis:alert byte = 0, so return
10-10 12:37:15.451 10408 10479 E HSM_Install_BG: NormalTrafficAnalysis:alert byte = 0, so return
10-10 12:37:15.464  2090  6514 I chatty  : uid=1000(system) Thread-6 expire 10 lines
10-10 12:37:15.464  2090  6504 I chatty  : uid=1000(system) PosEngine expire 7 lines
10-10 12:37:15.530   830 12719 I Pged-IPgedBinderService: ****action is 2, pid num is 7***
10-10 12:37:15.530   830 12719 I Pged-Freezer: thawPids
10-10 12:37:15.535  2197  2431 D PgedBinderAdapter: unfrz ok, pid: [23700, 18089, 15789, 15513, 16022, 21001]
10-10 12:37:15.544 15789 15789 D HwInnerWifiManagerImpl: SupplicantState = COMPLETED
10-10 12:37:15.545 15789 15789 D HwInnerWifiManagerImpl: isPhoneAP = false
10-10 12:37:15.570 21667 21863 D NetworkSecurityConfig: No Network Security Config specified, using platform default
10-10 12:37:15.667 21667 21667 I ActivityWindowAndroid: ActivityWindowAndroid: not activity
10-10 12:37:15.681 21667 21667 V XWalkViewShared: Binding Chromium to main looper Looper (main, tid 1) {1e2e0e2}
10-10 12:37:15.744 21667 21667 D AwareBitmapCacher: handleInit disable com.tencent.mm:toolsmp
10-10 12:37:15.781   629   757 I PreDnsController: canPreDnsQuery,persist.sys.predns is false!
10-10 12:37:15.791 18673 18673 I aptouch_daemon: filter_touch_detect, down, in: 1, out: 1
10-10 12:37:15.792  1257  1799 I chatty  : uid=1000(system) InputReader expire 32 lines
10-10 12:37:15.793 21667 21667 W Settings: Setting device_provisioned has moved from android.provider.Settings.Secure to android.provider.Settings.Global.
10-10 12:37:15.794 21667 21667 V HiTouch_HiTouchSensor: User setup is finished.
10-10 12:37:15.907 21667 21667 W HiTouch_PressGestureDetector: Touch pointer move a lot. The moving distance of X is:0.0, limit is:72The moving distance of Y is:85.0, limit is:72
10-10 12:37:15.910   785   847 D emcomd  : [EMCOMD_Socket] processCommandBuffer# processCommandBuffer request 1026 token 16706 
10-10 12:37:16.023  1257  1879 I chatty  : uid=1000(system) hw_qoe_contenta expire 7 lines
10-10 12:37:16.168    47    47 W migration/6: type=1400 audit(0.0:335022): avc: granted { setsched } for scontext=u:r:kernel:s0 tcontext=u:r:kernel:s0 tclass=process
10-10 12:37:16.168    53    53 W migration/7: type=1400 audit(0.0:335023): avc: granted { setsched } for scontext=u:r:kernel:s0 tcontext=u:r:kernel:s0 tclass=process
10-10 12:37:16.204 18673 18673 I aptouch_daemon: filter_touch_detect, all_touch_up
10-10 12:37:16.228 21667 21667 D HwAppInnerBoostImpl: asyncReportData com.tencent.mm,1,1,1,0 interval=435
10-10 12:37:16.327  1257 16285 V BroadcastQueue: Finished with ordered broadcast BroadcastRecord{cb1389d u129 com.tencent.mm.plugin.report.service.KVCommCrossProcessReceiver}
10-10 12:37:16.443 18673 18673 I aptouch_daemon: filter_touch_detect, down, in: 1, out: 1
10-10 12:37:16.489  1257 16285 W ProcBatteryStats: timer is not running , not stop, name: com.tencent.mm, uid: 12910249, tag: PlatformComm
10-10 12:37:16.519 21667 21667 D HwAppInnerBoostImpl: asyncReportData com.tencent.mm,1,1,2,0 interval=726
10-10 12:37:16.531 21667 21667 W HiTouch_PressGestureDetector: Touch pointer move a lot. The moving distance of X is:32.0, limit is:72The moving distance of Y is:84.0, limit is:72
10-10 12:37:16.548    53    53 W migration/7: type=1400 audit(0.0:335024): avc: granted { setsched } for scontext=u:r:kernel:s0 tcontext=u:r:kernel:s0 tclass=process
10-10 12:37:16.548    47    47 W migration/6: type=1400 audit(0.0:335025): avc: granted { setsched } for scontext=u:r:kernel:s0 tcontext=u:r:kernel:s0 tclass=process
10-10 12:37:16.582  1257  1818 I chatty  : uid=1000(system) WifiStateMachin expire 29 lines
10-10 12:37:16.584  1257  1826 D ConnectivityService: notifyType CALLBACK_CAP_CHANGED for NetworkAgentInfo [WIFI () - 204]
10-10 12:37:16.585  1257  1848 D ConnectivityService: ActiveNetwork is blocked, uid = 10122, ignoreBlocked = false
10-10 12:37:16.585  1257  1848 D ConnectivityService: ActiveNetwork is blocked, uid = 10054, ignoreBlocked = false
10-10 12:37:16.585  1257  1848 D ConnectivityService: ActiveNetwork is blocked, uid = 10075, ignoreBlocked = false
10-10 12:37:16.585  1257  1848 D ConnectivityService: ActiveNetwork is blocked, uid = 12910065, ignoreBlocked = false
10-10 12:37:16.585  1257  1848 D ConnectivityService: ActiveNetwork is blocked, uid = 10122, ignoreBlocked = false
10-10 12:37:16.590  1257 21872 I chatty  : uid=1000 system_server expire 6 lines
10-10 12:37:16.593  1970  1970 D NetWorkUtils: mVSimCurCardType is -1
10-10 12:37:16.593  1970  1970 D NetWorkUtils: mVSimCurCardType is -1
10-10 12:37:16.593  1970  1970 I Tile.WifiTile: setWifiIndicators  CallbackInfo = CallbackInfo[enabled=true,connected=true,enabledDesc="Huawei-Employee",activityIn=true,activityOut=true]
10-10 12:37:16.598  1257 16285 I chatty  : uid=1000(system) Binder:1257_1E expire 11 lines
10-10 12:37:16.599 15789 15789 D HwInnerWifiManagerImpl: SupplicantState = COMPLETED
10-10 12:37:16.599 15789 15789 D HwInnerWifiManagerImpl: isPhoneAP = false
10-10 12:37:16.601  1257  8088 D ConnectivityService: Network is BLOCKED, uid = 10258
10-10 12:37:16.601  1257 11890 D ConnectivityService: Network is BLOCKED, uid = 10122
10-10 12:37:16.602  1257 11890 D ConnectivityService: ActiveNetwork is blocked, uid = 10258, ignoreBlocked = false
10-10 12:37:16.602  1257 11890 D ConnectivityService: Network is BLOCKED, uid = 10258
10-10 12:37:16.602  1257  1920 D ConnectivityService: Network is BLOCKED, uid = 10122
