10-10 12:37:09.141 21483 21514 V WCDB.JNIHelp: Registering com/tencent/wcdb/database/SQLiteDirectQuery natives
10-10 12:37:09.141 21483 21514 I WCDB    : Initialize JNI module (6/12) SQLiteGlobal...
10-10 12:37:09.142 21483 21514 V WCDB.JNIHelp: Registering com/tencent/wcdb/database/SQLiteGlobal natives
10-10 12:37:09.142 21483 21514 I WCDB    : Initialize JNI module (7/12) MMFtsTokenizer...
10-10 12:37:09.142 21483 21514 V WCDB.JNIHelp: Registering com/tencent/wcdb/extension/fts/MMFtsTokenizer natives
10-10 12:37:09.142 21483 21514 I WCDB    : Initialize JNI module (8/12) FileUtils...
10-10 12:37:09.142 21483 21514 V WCDB.JNIHelp: Registering com/tencent/wcdb/FileUtils natives
10-10 12:37:09.142 21483 21514 I WCDB    : Initialize JNI module (9/12) DBBackup...
10-10 12:37:09.142 21483 21514 V WCDB.JNIHelp: Registering com/tencent/wcdb/repair/BackupKit natives
10-10 12:37:09.142 21483 21514 V WCDB.JNIHelp: Registering com/tencent/wcdb/repair/RecoverKit natives
10-10 12:37:09.142 21483 21514 I WCDB    : Initialize JNI module (10/12) DBDumpUtil...
10-10 12:37:09.142 21483 21514 V WCDB.JNIHelp: Registering com/tencent/wcdb/repair/DBDumpUtil natives
10-10 12:37:09.142 21483 21514 I WCDB    : Initialize JNI module (11/12) DBRepair...
10-10 12:37:09.142 21483 21514 V WCDB.JNIHelp: Registering com/tencent/wcdb/repair/RepairKit$RepairCursor natives
10-10 12:37:09.143 21483 21514 I WCDB    : Initialize JNI module (12/12) Log...
10-10 12:37:09.143 21483 21514 V WCDB.JNIHelp: Registering com/tencent/wcdb/support/Log natives
10-10 12:37:09.208 24828 24828 D HwAppInnerBoostImpl: asyncReportData com.tencent.mm,2,1,2,0 interval=509
10-10 12:37:09.209 21483 21531 D HARDCODER: [com_tencent_mm_hardcoder_HardCoderJNI.cpp,Java_com_tencent_mm_hardcoder_HardCoderJNI_setDebug:379]"setDebug: 1"
10-10 12:37:09.210 21483 21531 D HARDCODER: [com_tencent_mm_hardcoder_HardCoderJNI.cpp,Java_com_tencent_mm_hardcoder_HardCoderJNI_setHCEnable:366]"setEnable: 1"
10-10 12:37:09.210 21483 21531 D HARDCODER: [client.h,setEnable:426]"setEnable 1 to 1, restart:0"
10-10 12:37:09.219 21483 21531 D HARDCODER: [com_tencent_mm_hardcoder_HardCoderJNI.cpp,Java_com_tencent_mm_hardcoder_HardCoderJNI_initHardCoder:145]"initHardCoder, start."
10-10 12:37:09.220 21483 21531 D HARDCODER: [client.h,init:480]"init m_remote:resmon, HEADER_VERSION:16"
10-10 12:37:09.220 21483 21531 D HARDCODER: [client.h,tryStartEngine:374]"tryStartEngine, TimeDiff:-1254201116, remote:resmon, running:-1"
10-10 12:37:09.220 21483 21531 W HARDCODER: [LocalSocket.h,uninit:216]"uninit, pipe:[0,0], m_fd:0, queue:0, flag:1"
10-10 12:37:09.220 21483 21531 D HARDCODER: [LocalSocket.h,createSocket:250]"createSocket, localPath: com.tencent.mm.hardcoder.client.sock, remotePath: resmon"
10-10 12:37:09.220 21483 21531 W HARDCODER: [LocalSocket.h,createSocket:311]"createSocket, connect socket, ret:0, local:com.tencent.mm.hardcoder.client.sock, remote:resmon"
10-10 12:37:09.220 21483 21531 W HARDCODER: [LocalSocket.h,createSocket:354]"create ClientProtocal socket:87 local:com.tencent.mm.hardcoder.client.sock remote:resmon"
10-10 12:37:09.220  1257  1917 I chatty  : uid=1000(system) Thread-29 expire 6 lines
10-10 12:37:09.221 21483 21531 D HARDCODER: [com_tencent_mm_hardcoder_HardCoderJNI.cpp,Java_com_tencent_mm_hardcoder_HardCoderJNI_initHardCoder:150]"initHardCoder, end."
10-10 12:37:09.221  1257 21538 I chatty  : uid=1000(system) Thread-29 expire 1 line
10-10 12:37:09.221 21483 21537 D HARDCODER: [LocalSocket.h,loop:127]"loop, m_fd:87, maxfd:87, isServer:0"
10-10 12:37:09.293 21483 21551 W encent.mm:tool: Unsupported class loader
10-10 12:37:09.298 21483 21551 W encent.mm:tool: Skipping duplicate class check due to unsupported classloader
10-10 12:37:09.327 21483 21551 I crash_recorder: JNI_OnLoad at vm:0xeef17480
10-10 12:37:09.327 21483 21551 I crash_recorder: starting registerNativeSignalAction...
10-10 12:37:09.356 21483 21563 D NetworkSecurityConfig: No Network Security Config specified, using platform default
10-10 12:37:09.357   629   757 I PreDnsController: canPreDnsQuery,persist.sys.predns is false!
10-10 12:37:09.360   629   757 I PreDnsController: canPreDnsQuery,persist.sys.predns is false!
10-10 12:37:09.440 24828 24828 I SurfaceView: delay destroy surface control
10-10 12:37:09.446 24828 19682 W libEGL  : EGLNativeWindowType 0xbcc5a808 disconnect failed
10-10 12:37:09.472 24828 24828 D HwAppInnerBoostImpl: asyncReportData com.tencent.mm,2,1,3,0 interval=773
10-10 12:37:09.510  1970  1970 D DateTimeView: Change to single clock mode!
10-10 12:37:09.510  1970  1970 I ColorPickUitls: type = 3
10-10 12:37:09.510  1970  1970 D HwKeyguardBottomArea: RemoveDateTimeTopArea type:3
10-10 12:37:09.510  1970  1970 D HwKeyguardBottomArea: loadDateTimeArea type
10-10 12:37:09.511  1970  1970 D HwKeyguardBottomArea: removeLiftSensorView, threadname = main
10-10 12:37:09.511  1970  1970 D DateTimeView: Change to single clock mode!
10-10 12:37:09.511  1970  1970 I ColorPickUitls: type = 3
10-10 12:37:09.511  1970  1970 D HwKeyguardBottomArea: RemoveDateTimeTopArea type:3
10-10 12:37:09.511  1970  1970 D HwKeyguardBottomArea: loadDateTimeArea type
10-10 12:37:09.511  1970  1970 D HwKeyguardBottomArea: removeLiftSensorView, threadname = main
10-10 12:37:09.558  1257  1300 I chatty  : uid=1000(system) android.io expire 2 lines
10-10 12:37:09.580 21483 21496 E MemoryLeakMonitorManager: MemoryLeakMonitor.jar is not exist!
10-10 12:37:09.604 21483 21483 I HwApsImpl: APS: new HwApsImpl created
10-10 12:37:09.615 21483 21483 I WebViewFactory: Loading com.google.android.webview version 76.0.3809.111 (code 380911135)
10-10 12:37:09.637 21483 21483 I cr_LibraryLoader: Time to load native libraries: 0 ms (timestamps 3900-3900)
10-10 12:37:09.645 21483 21483 I chromium: [INFO:library_loader_hooks.cc(51)] Chromium logging enabled: level = 0, default verbosity = 0
10-10 12:37:09.645 21483 21483 I cr_LibraryLoader: Expected native library version number "76.0.3809.111", actual native library version number "76.0.3809.111"
10-10 12:37:09.650 21483 21483 W cr_AwBrowserProcess: Using WebView from more than one process at once with the same data directory is not supported. https://crbug.com/558377
10-10 12:37:09.654 21483 21605 W cr_ChildProcLH: Create a new ChildConnectionAllocator with package name = com.google.android.webview, sandboxed = true
10-10 12:37:09.661 21483 21483 I cr_BrowserStartup: Initializing chromium process, singleProcess=false
10-10 12:37:09.670 14338 14368 E cr_ChildProcessService: Service is already bound by pid 13932, cannot bind for pid 21483
10-10 12:37:09.676 21483 21605 E cr_SpareChildConn: Failed to warm up the spare sandbox service
10-10 12:37:09.713 21483 21483 V HwWidgetFactory: : successes to get AllImpl object and return....
10-10 12:37:09.721 21483 21483 D HwCustConnectivityManagerImpl: isBlockNetworkRequestByNonAis, INVALID_SUBSCRIPTION_ID
10-10 12:37:09.721 21483 21483 D ConnectivityManager: requestNetwork and the calling app is: com.tencent.mm
10-10 12:37:09.724  1257  1826 I chatty  : uid=1000(system) ConnectivitySer expire 24 lines
10-10 12:37:09.725 21483 21483 D HwCustConnectivityManagerImpl: isBlockNetworkRequestByNonAis, INVALID_SUBSCRIPTION_ID
10-10 12:37:09.725  2209  2209 D PhoneSwitcherNetworkRequstListener: got request NetworkRequest [ TRACK_DEFAULT id=1576, [ Capabilities: INTERNET&NOT_RESTRICTED&TRUSTED Uid: 12910249] ] with score 60
10-10 12:37:09.727  1257  2371 I chatty  : uid=1000(system) Binder:1257_E expire 1 line
10-10 12:37:09.728  1257  1826 I chatty  : uid=1000(system) ConnectivitySer expire 21 lines
10-10 12:37:09.729  1257  1874 I chatty  : uid=1000(system) EthernetService expire 2 lines
10-10 12:37:09.730  2209  2209 V TpProviderHw: insert begin subId = 1, match is 2
10-10 12:37:09.751  2209  2209 D VSimPhoneSwitcherNetworkListener: got request NetworkRequest [ TRACK_DEFAULT id=1576, [ Capabilities: INTERNET&NOT_RESTRICTED&TRUSTED Uid: 12910249] ] with score 60
10-10 12:37:09.751  2209  2209 D PhoneSwitcherNetworkRequstListener: got request NetworkRequest [ TRACK_DEFAULT id=1576, [ Capabilities: INTERNET&NOT_RESTRICTED&TRUSTED Uid: 12910249] ] with score 60
10-10 12:37:09.751  2209  2209 D VSimPhoneSwitcherNetworkListener: got request NetworkRequest [ TRACK_DEFAULT id=1576, [ Capabilities: INTERNET&NOT_RESTRICTED&TRUSTED Uid: 12910249] ] with score 60
10-10 12:37:09.748    47    47 W migration/6: type=1400 audit(0.0:334998): avc: granted { setsched } for scontext=u:r:kernel:s0 tcontext=u:r:kernel:s0 tclass=process
10-10 12:37:09.748    53    53 W migration/7: type=1400 audit(0.0:334999): avc: granted { setsched } for scontext=u:r:kernel:s0 tcontext=u:r:kernel:s0 tclass=process
10-10 12:37:09.764  1257 11890 I chatty  : uid=1000(system) Binder:1257_15 expire 2 lines
10-10 12:37:09.770 21483 21614 V AudioManager: isWiredHeadsetOn...
10-10 12:37:09.779  1939  1939 I Zygote  : say something before unblock SIGCHLD, uid: 12999340 pid: 21630, do not delete this log!
10-10 12:37:09.781  1257  1289 I chatty  : uid=1000(system) ActivityManager expire 1 line
10-10 12:37:09.781  1257  2082 I chatty  : uid=1000(system) MultiTaskManage expire 1 line
10-10 12:37:09.783 21630 21630 I dboxed_process: Reinit property: dalvik.vm.checkjni= false
10-10 12:37:09.787 21483 21625 I ConfigStore: android::hardware::configstore::V1_0::ISurfaceFlingerConfigs::hasWideColorDisplay retrieved: 0
10-10 12:37:09.787 21483 21625 I ConfigStore: android::hardware::configstore::V1_0::ISurfaceFlingerConfigs::hasHDRDisplay retrieved: 0
10-10 12:37:09.788 21630 21630 E dboxed_process: Not starting debugger since process cannot load the jdwp agent.
10-10 12:37:09.788 21483 21483 D HwCustConnectivityManagerImpl: isBlockNetworkRequestByNonAis, INVALID_SUBSCRIPTION_ID
10-10 12:37:09.788 21483 21483 D ConnectivityManager: requestNetwork and the calling app is: com.tencent.mm
10-10 12:37:09.790  1257 11890 I chatty  : uid=1000(system) Binder:1257_15 expire 1 line
10-10 12:37:09.790 21483 21625 I iGraphics: [0020080c] pn: com.tencent.mm:tools, p: 21483
10-10 12:37:09.788    53    53 W migration/7: type=1400 audit(0.0:335000): avc: granted { setsched } for scontext=u:r:kernel:s0 tcontext=u:r:kernel:s0 tclass=process
10-10 12:37:09.791  1257  1826 I chatty  : uid=1000(system) ConnectivitySer expire 3 lines
10-10 12:37:09.788    47    47 W migration/6: type=1400 audit(0.0:335001): avc: granted { setsched } for scontext=u:r:kernel:s0 tcontext=u:r:kernel:s0 tclass=process
10-10 12:37:09.791  1257  1826 D ConnectivityService: Network NetworkAgentInfo [WIFI () - 204] was already satisfying request 1555. No change.
10-10 12:37:09.791  1257  1826 D ConnectivityService: currentScore = 0, newScore = 60
10-10 12:37:09.791  1257  1826 D ConnectivityService: rematch for NetworkAgentInfo [WIFI () - 204]
10-10 12:37:09.791  1257  1826 D ConnectivityService:    accepting network in place of null
10-10 12:37:09.791  1257  1826 D ConnectivityService: sending new Min Network Score(60): NetworkRequest [ TRACK_DEFAULT id=1578, [ Capabilities: INTERNET&NOT_RESTRICTED&TRUSTED Uid: 12910249] ]
10-10 12:37:09.792  2209  2209 D VSimPhoneSwitcherNetworkListener: got request NetworkRequest [ TRACK_DEFAULT id=1578, [ Capabilities: INTERNET&NOT_RESTRICTED&TRUSTED Uid: 12910249] ] with score 60
10-10 12:37:09.792  1257  1826 D ConnectivityService: Network NetworkAgentInfo [WIFI () - 204] was already satisfying request 1. No change.
10-10 12:37:09.792  1257  1826 D ConnectivityService: Network NetworkAgentInfo [WIFI () - 204] was already satisfying request 1573. No change.
10-10 12:37:09.792  1257  1826 D ConnectivityService: Network NetworkAgentInfo [WIFI () - 204] was already satisfying request 1098. No change.
10-10 12:37:09.792  2209  2209 D VSimPhoneSwitcherNetworkListener: got request NetworkRequest [ TRACK_DEFAULT id=1578, [ Capabilities: INTERNET&NOT_RESTRICTED&TRUSTED Uid: 12910249] ] with score 60
10-10 12:37:09.792  1257  1826 D ConnectivityService: Network NetworkAgentInfo [WIFI () - 204] was already satisfying request 1428. No change.
10-10 12:37:09.792  1257  1826 D ConnectivityService: Network NetworkAgentInfo [WIFI () - 204] was already satisfying request 8. No change.
10-10 12:37:09.792  1257  1826 D ConnectivityService: Network NetworkAgentInfo [WIFI () - 204] was already satisfying request 12. No change.
10-10 12:37:09.792  2209  2209 D PhoneSwitcherNetworkRequstListener: got request NetworkRequest [ TRACK_DEFAULT id=1578, [ Capabilities: INTERNET&NOT_RESTRICTED&TRUSTED Uid: 12910249] ] with score 60
10-10 12:37:09.792  1257  1826 D ConnectivityService: Network NetworkAgentInfo [WIFI () - 204] was already satisfying request 5. No change.
10-10 12:37:09.792  1257  1826 D ConnectivityService: Network NetworkAgentInfo [WIFI () - 204] was already satisfying request 1563. No change.
10-10 12:37:09.792  1257  1826 D ConnectivityService: Network NetworkAgentInfo [WIFI () - 204] was already satisfying request 1576. No change.
10-10 12:37:09.792  1257  1826 D ConnectivityService: Network NetworkAgentInfo [WIFI () - 204] was already satisfying request 37. No change.
10-10 12:37:09.793  1257  1826 D ConnectivityService: Network NetworkAgentInfo [WIFI () - 204] was already satisfying request 1100. No change.
10-10 12:37:09.793  1257  1826 D ConnectivityService: Network NetworkAgentInfo [WIFI () - 204] was already satisfying request 1549. No change.
10-10 12:37:09.793  1257  1826 D ConnectivityService: Network NetworkAgentInfo [WIFI () - 204] was already satisfying request 1558. No change.
10-10 12:37:09.793  1257  1826 D ConnectivityService: Network NetworkAgentInfo [WIFI () - 204] was already satisfying request 1569. No change.
10-10 12:37:09.793  1257  1826 D ConnectivityService: Network NetworkAgentInfo [WIFI () - 204] was already satisfying request 1430. No change.
10-10 12:37:09.793  1257  1826 D ConnectivityService: Network NetworkAgentInfo [WIFI () - 204] was already satisfying request 1565. No change.
10-10 12:37:09.793  1257  1826 D ConnectivityService: Network NetworkAgentInfo [WIFI () - 204] was already satisfying request 1546. No change.
10-10 12:37:09.792  2209  2209 D PhoneSwitcherNetworkRequstListener: got request NetworkRequest [ TRACK_DEFAULT id=1578, [ Capabilities: INTERNET&NOT_RESTRICTED&TRUSTED Uid: 12910249] ] with score 60
10-10 12:37:09.794  2209  2209 V TpProviderHw: insert begin subId = 1, match is 2
10-10 12:37:09.795 21483 21483 D HwCustConnectivityManagerImpl: isBlockNetworkRequestByNonAis, INVALID_SUBSCRIPTION_ID
10-10 12:37:09.796 21630 21630 D ZrHung.AppEyeUiProbe: AppEyeUIP created.
10-10 12:37:09.798  1257 11890 D ConnectivityService: listenForNetwork for uid/pid:12910249/21483 NetworkRequest [ LISTEN id=1579, [ Capabilities: INTERNET&NOT_RESTRICTED&TRUSTED&FOREGROUND Uid: 12910249] ]
10-10 12:37:09.798 21630 21630 D ActivityThread: Attach thread to application
10-10 12:37:09.798  1257  1826 D ConnectivityService: rematching NetworkAgentInfo [WIFI () - 204]
10-10 12:37:09.798  1257  1826 D ConnectivityService:  network has: [ Transports: WIFI Capabilities: NOT_METERED&INTERNET&NOT_RESTRICTED&TRUSTED&NOT_VPN&VALIDATED&NOT_ROAMING&FOREGROUND&NOT_CONGESTED&NOT_SUSPENDED LinkUpBandwidth>=1048576Kbps LinkDnBandwidth>=1048576Kbps SignalStrength: -65 SSID: "Huawei-Employee"]
10-10 12:37:09.799  1257  1826 D ConnectivityService: Network NetworkAgentInfo [WIFI () - 204] was already satisfying request 15. No change.
10-10 12:37:09.799  1257  1826 D ConnectivityService: Network NetworkAgentInfo [WIFI () - 204] was already satisfying request 1555. No change.
10-10 12:37:09.799  1257  1826 D ConnectivityService: Network NetworkAgentInfo [WIFI () - 204] was already satisfying request 1578. No change.
10-10 12:37:09.799  1257  1826 D ConnectivityService: Network NetworkAgentInfo [WIFI () - 204] was already satisfying request 1. No change.
10-10 12:37:09.799  1257  1826 D ConnectivityService: Network NetworkAgentInfo [WIFI () - 204] was already satisfying request 1573. No change.
10-10 12:37:09.799  1257  1826 D ConnectivityService: Network NetworkAgentInfo [WIFI () - 204] was already satisfying request 1098. No change.
10-10 12:37:09.799  1257  1826 D ConnectivityService: Network NetworkAgentInfo [WIFI () - 204] was already satisfying request 1428. No change.
10-10 12:37:09.799  1257  1826 D ConnectivityService: Network NetworkAgentInfo [WIFI () - 204] was already satisfying request 8. No change.
10-10 12:37:09.799  1257  1826 D ConnectivityService: Network NetworkAgentInfo [WIFI () - 204] was already satisfying request 12. No change.
10-10 12:37:09.799  1257  1826 D ConnectivityService: Network NetworkAgentInfo [WIFI () - 204] was already satisfying request 5. No change.
10-10 12:37:09.799  1257  1826 D ConnectivityService: Network NetworkAgentInfo [WIFI () - 204] was already satisfying request 1563. No change.
10-10 12:37:09.799  1257  1826 D ConnectivityService: Network NetworkAgentInfo [WIFI () - 204] was already satisfying request 1576. No change.
10-10 12:37:09.799  1257  1826 D ConnectivityService: Network NetworkAgentInfo [WIFI () - 204] was already satisfying request 37. No change.
10-10 12:37:09.799  1257  1826 D ConnectivityService: Network NetworkAgentInfo [WIFI () - 204] was already satisfying request 1100. No change.
10-10 12:37:09.799  1257  1826 D ConnectivityService: Network NetworkAgentInfo [WIFI () - 204] was already satisfying request 1549. No change.
10-10 12:37:09.799  1257  1826 D ConnectivityService: Network NetworkAgentInfo [WIFI () - 204] was already satisfying request 1558. No change.
10-10 12:37:09.799  1257  1826 D ConnectivityService: Network NetworkAgentInfo [WIFI () - 204] was already satisfying request 1569. No change.
10-10 12:37:09.799  1257  1826 D ConnectivityService: Network NetworkAgentInfo [WIFI () - 204] was already satisfying request 1430. No change.
10-10 12:37:09.799  1257  1826 D ConnectivityService: Network NetworkAgentInfo [WIFI () - 204] was already satisfying request 1565. No change.
10-10 12:37:09.799  1257  1826 D ConnectivityService: Network NetworkAgentInfo [WIFI () - 204] was already satisfying request 1546. No change.
10-10 12:37:09.808 21630 21630 W dboxed_process1: type=1400 audit(0.0:335002): avc: denied { read } for name="SharedRes" dev="sdd67" ino=502 scontext=u:r:isolated_app:s0:c84,c257,c641,c768 tcontext=u:object_r:media_rw_data_file:s0 tclass=dir permissive=0
10-10 12:37:09.818   513   513 E ServiceManager: try to find service failed, not allowed access from isolated processes.
10-10 12:37:09.818   513   513 I chatty  : uid=1000(system) /system/bin/servicemanager identical 2 lines
10-10 12:37:09.819   513   513 E ServiceManager: try to find service failed, not allowed access from isolated processes.
10-10 12:37:09.820 21630 21657 I HwLogExceptionInner: Log blacklist 
10-10 12:37:09.823 21630 21630 I LoadedApk: No resource references to update in package com.google.android.webview
10-10 12:37:09.824   513   513 E ServiceManager: try to find service failed, not allowed access from isolated processes.
10-10 12:37:09.825 21630 21657 I AwareBitmapCacher: init processName:com.google.android.webview:sandboxed_process1 pid=21630 uid=12999340
10-10 12:37:09.825  1257 11890 V BroadcastQueue: Finished with ordered broadcast BroadcastRecord{83766ad u129 null}
10-10 12:37:09.825   513   513 E ServiceManager: try to find service failed, not allowed access from isolated processes.
10-10 12:37:09.826 21630 21657 E MemoryLeakMonitorManager: MemoryLeakMonitor.jar is not exist!
10-10 12:37:09.827 21630 21630 I cr_ChildProcessService: Creating new ChildProcessService pid=21630
10-10 12:37:09.830 21630 21658 E Parcel  : createBinderArrayList() errorinvalid N-1
10-10 12:37:09.831 21630 21660 I cr_LibraryLoader: Time to load native libraries: 0 ms (timestamps 4094-4094)
10-10 12:37:09.833 21630 21660 I chromium: [INFO:library_loader_hooks.cc(51)] Chromium logging enabled: level = 0, default verbosity = 0
10-10 12:37:09.833 21483 21625 W AudioCapabilities: Unsupported mime audio/ac4
10-10 12:37:09.833 21630 21660 I cr_LibraryLoader: Expected native library version number "76.0.3809.111", actual native library version number "76.0.3809.111"
10-10 12:37:09.835 21483 21625 W AudioCapabilities: Unsupported mime audio/eac3-joc
10-10 12:37:09.850 21483 21625 W VideoCapabilities: Unrecognized profile 4 for video/hevc
10-10 12:37:09.850 21483 21625 W VideoCapabilities: Unrecognized profile/level 0/0 for video/mpeg2
10-10 12:37:09.850 21483 21625 W VideoCapabilities: Unrecognized profile/level 0/2 for video/mpeg2
10-10 12:37:09.850 21483 21625 W VideoCapabilities: Unrecognized profile/level 0/3 for video/mpeg2
10-10 12:37:09.850 21483 21625 I VideoCapabilities: Unsupported profile 5 for video/mpeg2
10-10 12:37:09.850 21483 21625 I chatty  : uid=12910249(com.tencent.mm) Chrome_InProcGp identical 2 lines
10-10 12:37:09.850 21483 21625 I VideoCapabilities: Unsupported profile 5 for video/mpeg2
10-10 12:37:09.851 21483 21625 W VideoCapabilities: Unrecognized profile/level 1/32 for video/mp4v-es
10-10 12:37:09.851 21483 21625 W VideoCapabilities: Unrecognized profile/level 32768/2 for video/mp4v-es
10-10 12:37:09.851 21483 21625 W VideoCapabilities: Unrecognized profile/level 32768/64 for video/mp4v-es
10-10 12:37:09.860 21483 21625 I VideoCapabilities: Unsupported profile 4 for video/mp4v-es
10-10 12:37:09.869  1257  2371 V BroadcastQueue: Finished with ordered broadcast BroadcastRecord{b448da7 u129 null}
10-10 12:37:09.869  1257  2371 I chatty  : uid=1000(system) Binder:1257_E expire 12 lines
10-10 12:37:09.869  1257  2371 V ActivityManager: startProcess: name=com.tencent.mm:toolsmp app=null knownToBeDead=true thread=null pid=-1
10-10 12:37:09.870  1257  2371 I HwActivityManagerServiceEx: retrieveCustedMaxAdj for processName:com.tencent.mm:toolsmp, get adj:-901
10-10 12:37:09.874 21483 21625 W cr_MediaCodecUtil: HW encoder for video/avc is not available on this device.
10-10 12:37:09.881   631   631 I Zygote  : say something before unblock SIGCHLD, uid: 12910249 pid: 21667, do not delete this log!
10-10 12:37:09.883  1257  1289 I ActivityManager: Start proc 21667:com.tencent.mm:toolsmp/u129a249 for broadcast com.tencent.mm/.booter.MMReceivers$ToolsMpProcessReceiver
10-10 12:37:09.884  1257  2082 E ProcessInfoCollector: getProcessInfo: failed to find this proc 
10-10 12:37:09.885 21667 21667 I cent.mm:toolsm: Reinit property: dalvik.vm.checkjni= false
10-10 12:37:09.887 21667 21667 E cent.mm:toolsm: Not starting debugger since process cannot load the jdwp agent.
10-10 12:37:09.893 21667 21667 D ZrHung.AppEyeUiProbe: AppEyeUIP created.
10-10 12:37:09.894 21667 21667 D ActivityThread: Attach thread to application
10-10 12:37:09.897  2102  2665 I chatty  : uid=1000(system) EmcomThread expire 42 lines
10-10 12:37:09.898   785   847 D emcomd  : [EMCOMD_Socket] processCommandBuffer# processCommandBuffer request 1026 token 16700 
10-10 12:37:09.938 21667 21667 I cent.mm:toolsm: The ClassLoaderContext is a special shared library.
10-10 12:37:09.953 21667 21684 I HwApiCacheMangerEx: apicache path=/storage/emulated/129 state=mounted key=com.tencent.mm#12910249#256
10-10 12:37:09.956 21667 21684 I HwApiCacheMangerEx: apicache path=/storage/emulated/129 state=mounted key=com.tencent.mm#12910249#0
10-10 12:37:09.956 21667 21667 I cent.mm:toolsm: The ClassLoaderContext is a special shared library.
10-10 12:37:10.008    47    47 W migration/6: type=1400 audit(0.0:335003): avc: granted { setsched } for scontext=u:r:kernel:s0 tcontext=u:r:kernel:s0 tclass=process
10-10 12:37:10.110 21483 21680 I skiacanvas: setLogHandler
10-10 12:37:10.128    53    53 W migration/7: type=1400 audit(0.0:335004): avc: granted { setsched } for scontext=u:r:kernel:s0 tcontext=u:r:kernel:s0 tclass=process
10-10 12:37:10.345  1257  1287 I WindowManager: onProposedRotationChanged, rotation=0
10-10 12:37:10.346   891   942 D motion@1.0-service:  actMotionCb mMotionClientVector.size = 0
10-10 12:37:10.346   891   942 D motion@1.0-service: actMotionCb out
10-10 12:37:10.347  1257  1287 I WindowManager: MyOrientationListener: updateRotation.
10-10 12:37:10.347  1257  1287 D HwPhoneWindowManager: sensorRotation = 0 lastRotation:0
10-10 12:37:10.357  1257  1287 I StatusBarDisable: setFlags what=0 which=1 pkg=Window{ce2fdcd u129 com.tencent.mm/com.tencent.mm.plugin.sns.ui.SnsTimeLineUI}
10-10 12:37:10.369   830 12719 I Pged-IPgedBinderService: ****action is 2, pid num is 7***
10-10 12:37:10.369   830 12719 I Pged-Freezer: thawPids
10-10 12:37:10.372  2197  2431 D PgedBinderAdapter: unfrz ok, pid: [23700, 18089, 15789, 15513, 16022, 21001]
10-10 12:37:10.373 21667 21667 W System  : ClassLoader referenced unknown path: 
10-10 12:37:10.374 21667 21667 W cent.mm:toolsm: Unsupported class loader
10-10 12:37:10.385 21667 21667 W cent.mm:toolsm: Skipping duplicate class check due to unsupported classloader
10-10 12:37:10.386 21667 21667 W cent.mm:toolsm: Opening an oat file without a class loader. Are you using the deprecated DexFile APIs?
10-10 12:37:10.388 21667 21667 W cent.mm:toolsm: Skipping duplicate class check due to unsupported classloader
10-10 12:37:10.394 24828 24828 I SurfaceView: need destroy surface control
10-10 12:37:10.394 24828 24828 D ViewRootImpl[LauncherUI]: surface should not be released
10-10 12:37:10.404   891   942 D motion@1.0-service: motion-hal Motion::readEvents nread: 24 
10-10 12:37:10.404   891   942 D motion@1.0-service: motion-hal Motion::readEvents motion_type: 7 
10-10 12:37:10.404   891   942 D motion@1.0-service: motion-hal Motion::readEvents motion_type == MOTIONHUB_TYPE_ROTATION
10-10 12:37:10.404   891   942 D motion@1.0-service: motion-hal Motion::readMotionData motion_result->motion: 7 
10-10 12:37:10.405   891   942 D motion@1.0-service: motion-hal Motion::readMotionData motions_data[0]: 1 
10-10 12:37:10.405   891   942 D motion@1.0-service: motion-hal Motion::readMotionData motions_data[1]: -1 
10-10 12:37:10.405   891   891 D motion@1.0-service: pollMotionResult poll_result_return = 2
10-10 12:37:10.406   891   942 D motion@1.0-service: motion_pollresult_ready::unlock out
10-10 12:37:10.406   891   942 D motion@1.0-service:  actMotionCb mMotionClientVector.size = 0
10-10 12:37:10.406   891   942 D motion@1.0-service: actMotionCb out
10-10 12:37:10.408    53    53 W migration/7: type=1400 audit(0.0:335005): avc: granted { setsched } for scontext=u:r:kernel:s0 tcontext=u:r:kernel:s0 tclass=process
10-10 12:37:10.408    47    47 W migration/6: type=1400 audit(0.0:335006): avc: granted { setsched } for scontext=u:r:kernel:s0 tcontext=u:r:kernel:s0 tclass=process
10-10 12:37:10.417  1257 11890 V WindowManager: notifyAppStopped: AppWindowToken{21a3599 token=Token{9933ee0 ActivityRecord{e2714e3 u129 com.tencent.mm/.ui.LauncherUI t12900171}}}
10-10 12:37:10.417  1257 11890 E WindowManager: win=Window{1013612 u129 com.tencent.mm/com.tencent.mm.ui.LauncherUI} destroySurfaces: appStopped=true win.mWindowRemovalAllowed=false win.mRemoveOnExit=false
10-10 12:37:10.528    47    47 W migration/6: type=1400 audit(0.0:335007): avc: granted { setsched } for scontext=u:r:kernel:s0 tcontext=u:r:kernel:s0 tclass=process
10-10 12:37:10.528    53    53 W migration/7: type=1400 audit(0.0:335008): avc: granted { setsched } for scontext=u:r:kernel:s0 tcontext=u:r:kernel:s0 tclass=process
10-10 12:37:10.544 21667 21667 E ActivityThread: Failed to find provider info for com.tencent.mm.coolassist.debugprovider
10-10 12:37:10.568    53    53 W migration/7: type=1400 audit(0.0:335009): avc: granted { setsched } for scontext=u:r:kernel:s0 tcontext=u:r:kernel:s0 tclass=process
10-10 12:37:10.568    47    47 W migration/6: type=1400 audit(0.0:335010): avc: granted { setsched } for scontext=u:r:kernel:s0 tcontext=u:r:kernel:s0 tclass=process
10-10 12:37:10.599 21667 21667 I MMKV    : <native-bridge.cpp:95::JNI_OnLoad> current API level = 28
10-10 12:37:10.599 21667 21667 I MMKV    : <MMKV.cpp:192::initialize> page size:4096
10-10 12:37:10.599 21667 21667 I MMKV    : <MMKV.cpp:206::initializeMMKV> root dir: /data/user/129/com.tencent.mm/files/mmkv
10-10 12:37:10.660 21667 21684 I AwareBitmapCacher: init processName:com.tencent.mm:toolsmp pid=21667 uid=12910249
10-10 12:37:10.692 21667 21667 W CrashMonitor: JNI_OnLoad
10-10 12:37:10.692 21667 21667 D CrashMonitor: crashInitForReport...
10-10 12:37:10.692 21667 21667 D CrashMonitor: setupMonitor...
10-10 12:37:10.699 21483 21491 W System  : A resource failed to call close. 
10-10 12:37:10.708 21667 21719 D CrashMonitor: WaitForSignal...
10-10 12:37:10.756  2102  2242 I DeepNoDisturbP: handleStateChanged reason=8
10-10 12:37:10.759  2209  2235 W PhoneInterfaceManager: shouldBlockLocation running ...
10-10 12:37:10.759  2209  2235 I PhoneInterfaceManager: shouldBlockLocation  ret:false
10-10 12:37:10.765  2102  2242 I HidataAppQoeP: handleStateChanged reason=8
10-10 12:37:10.769  2102  2242 I PreDnsQuery: handleStateChanged reason=8
10-10 12:37:10.769  2209  2235 W PhoneInterfaceManager: shouldBlockLocation running ...
10-10 12:37:10.769  2209  2235 I PhoneInterfaceManager: shouldBlockLocation  ret:false
10-10 12:37:10.770  2102  2242 I PreDnsQuery: No need to handled!
10-10 12:37:10.770  2102  2242 I BrowserChrP: handleStateChanged
10-10 12:37:10.770  1257  2371 D HwNetworkManagementService: setNetBoosterRsrpRsrq,rsrp=-74,rsrq=-67
10-10 12:37:10.771  1257  2371 D NetdConnector: SND -> {21160 hwnb appQoe rsrp -74 -67}
10-10 12:37:10.771  1257  1811 D NetdConnector: RCV <- {200 21160 appQoe rsrp cmd succeeded}
10-10 12:37:10.782  1970  2085 I HwMobileSignalController(0): subId:0 phoneType:1 networktype:3 targetClass:2 masterLevel:1 slaveLevel:-1
10-10 12:37:10.794  1257 16286 I chatty  : uid=1000(system) Binder:1257_1F expire 2 lines
10-10 12:37:10.808    47    47 W migration/6: type=1400 audit(0.0:335011): avc: granted { setsched } for scontext=u:r:kernel:s0 tcontext=u:r:kernel:s0 tclass=process
10-10 12:37:10.814  2209  2658 W PhoneInterfaceManager: shouldBlockLocation running ...
10-10 12:37:10.814  2209  2658 I PhoneInterfaceManager: shouldBlockLocation  ret:false
10-10 12:37:10.808    53    53 W migration/7: type=1400 audit(0.0:335012): avc: granted { setsched } for scontext=u:r:kernel:s0 tcontext=u:r:kernel:s0 tclass=process
10-10 12:37:10.900   785   847 D emcomd  : [EMCOMD_Socket] processCommandBuffer# processCommandBuffer request 1026 token 16701 
10-10 12:37:11.073 21667 21723 D HARDCODER: [com_tencent_mm_hardcoder_HardCoderJNI.cpp,Java_com_tencent_mm_hardcoder_HardCoderJNI_setDebug:379]"setDebug: 1"
10-10 12:37:11.076 21667 21723 D HARDCODER: [com_tencent_mm_hardcoder_HardCoderJNI.cpp,Java_com_tencent_mm_hardcoder_HardCoderJNI_setHCEnable:366]"setEnable: 1"
10-10 12:37:11.076 21667 21723 D HARDCODER: [client.h,setEnable:426]"setEnable 1 to 1, restart:0"
10-10 12:37:11.086 21667 21714 I WCDB    : Initialize JNI module (1/12) CursorWindow...
10-10 12:37:11.086 21667 21723 D HARDCODER: [com_tencent_mm_hardcoder_HardCoderJNI.cpp,Java_com_tencent_mm_hardcoder_HardCoderJNI_initHardCoder:145]"initHardCoder, start."
10-10 12:37:11.086 21667 21714 V WCDB.JNIHelp: Registering com/tencent/wcdb/CursorWindow natives
10-10 12:37:11.086 21667 21723 D HARDCODER: [client.h,init:480]"init m_remote:resmon, HEADER_VERSION:16"
10-10 12:37:11.086 21667 21723 D HARDCODER: [client.h,tryStartEngine:374]"tryStartEngine, TimeDiff:-1254199250, remote:resmon, running:-1"
10-10 12:37:11.087 21667 21723 W HARDCODER: [LocalSocket.h,uninit:216]"uninit, pipe:[0,0], m_fd:0, queue:0, flag:1"
10-10 12:37:11.087 21667 21723 D HARDCODER: [LocalSocket.h,createSocket:250]"createSocket, localPath: com.tencent.mm.hardcoder.client.sock, remotePath: resmon"
10-10 12:37:11.087 21667 21714 I WCDB    : Initialize JNI module (2/12) ChunkedCursorWindow...
10-10 12:37:11.087 21667 21714 V WCDB.JNIHelp: Registering com/tencent/wcdb/database/ChunkedCursorWindow natives
10-10 12:37:11.087 21667 21714 V WCDB.JNIHelp: Registering com/tencent/wcdb/database/SQLiteAsyncQuery natives
10-10 12:37:11.087 21667 21723 W HARDCODER: [LocalSocket.h,createSocket:311]"createSocket, connect socket, ret:0, local:com.tencent.mm.hardcoder.client.sock, remote:resmon"
10-10 12:37:11.087 21667 21723 W HARDCODER: [LocalSocket.h,createSocket:354]"create ClientProtocal socket:85 local:com.tencent.mm.hardcoder.client.sock remote:resmon"
10-10 12:37:11.089  2197  2224 E AwareLog: GameSdkManager: GameSdkLog: auth key is null
10-10 12:37:11.089  2197  2224 E AwareLog: GameSdkManager: GameSdkLog: auth failed
10-10 12:37:11.090 21667 21723 D HARDCODER: [com_tencent_mm_hardcoder_HardCoderJNI.cpp,Java_com_tencent_mm_hardcoder_HardCoderJNI_initHardCoder:150]"initHardCoder, end."
10-10 12:37:11.090 21667 21714 I WCDB    : Initialize JNI module (3/12) SQLiteConnection...
10-10 12:37:11.091 21667 21731 D HARDCODER: [LocalSocket.h,loop:127]"loop, m_fd:85, maxfd:85, isServer:0"
10-10 12:37:11.091  1257 21730 I chatty  : uid=1000(system) Thread-29 expire 1 line
10-10 12:37:11.092 21667 21714 I WCDB    : Initialize JNI module (4/12) SQLiteDebug...
10-10 12:37:11.092 21667 21714 V WCDB.JNIHelp: Registering com/tencent/wcdb/database/SQLiteDebug natives
10-10 12:37:11.093 21667 21714 I WCDB    : Initialize JNI module (5/12) SQLiteDirectCursor...
10-10 12:37:11.093 21667 21714 V WCDB.JNIHelp: Registering com/tencent/wcdb/database/SQLiteDirectQuery natives
10-10 12:37:11.093 21667 21714 I WCDB    : Initialize JNI module (6/12) SQLiteGlobal...
10-10 12:37:11.093 21667 21714 V WCDB.JNIHelp: Registering com/tencent/wcdb/database/SQLiteGlobal natives
10-10 12:37:11.093 21667 21714 I WCDB    : Initialize JNI module (7/12) MMFtsTokenizer...
10-10 12:37:11.094 21667 21714 V WCDB.JNIHelp: Registering com/tencent/wcdb/extension/fts/MMFtsTokenizer natives
10-10 12:37:11.094 21667 21714 I WCDB    : Initialize JNI module (8/12) FileUtils...
10-10 12:37:11.094 21667 21714 V WCDB.JNIHelp: Registering com/tencent/wcdb/FileUtils natives
10-10 12:37:11.094 21667 21714 I WCDB    : Initialize JNI module (9/12) DBBackup...
10-10 12:37:11.094 21667 21714 V WCDB.JNIHelp: Registering com/tencent/wcdb/repair/BackupKit natives
10-10 12:37:11.094 21667 21714 V WCDB.JNIHelp: Registering com/tencent/wcdb/repair/RecoverKit natives
10-10 12:37:11.095 21667 21714 I WCDB    : Initialize JNI module (10/12) DBDumpUtil...
10-10 12:37:11.095 21667 21714 V WCDB.JNIHelp: Registering com/tencent/wcdb/repair/DBDumpUtil natives
10-10 12:37:11.095 21667 21714 I WCDB    : Initialize JNI module (11/12) DBRepair...
10-10 12:37:11.095 21667 21714 V WCDB.JNIHelp: Registering com/tencent/wcdb/repair/RepairKit$RepairCursor natives
10-10 12:37:11.096 21667 21714 I WCDB    : Initialize JNI module (12/12) Log...
10-10 12:37:11.097 21667 21714 V WCDB.JNIHelp: Registering com/tencent/wcdb/support/Log natives
10-10 12:37:11.234 21667 21714 I cent.mm:toolsm: The ClassLoaderContext is a special shared library.
10-10 12:37:11.258 21667 21714 I cr_LibraryLoader: Time to load native libraries: 0 ms (timestamps 5521-5521)
10-10 12:37:11.258 21667 21714 D XWalkViewDelegate: Native library is built for ARM
10-10 12:37:11.258 21667 21714 D XWalkViewDelegate: Device ABI: arm64-v8a
10-10 12:37:11.358 18673 18673 I aptouch_daemon: filter_touch_detect, down, in: 1, out: 1
10-10 12:37:11.361 24828 24828 W Settings: Setting device_provisioned has moved from android.provider.Settings.Secure to android.provider.Settings.Global.
10-10 12:37:11.362 24828 24828 V HiTouch_HiTouchSensor: User setup is finished.
10-10 12:37:11.372   685   685 E WifiHAL : enter wifi_get_link_stats
10-10 12:37:11.406 24828 24828 W HiTouch_PressGestureDetector: Touch pointer move a lot. The moving distance of X is:18.52124, limit is:72The moving distance of Y is:91.88794, limit is:72
10-10 12:37:11.436    53    53 W migration/7: type=1400 audit(0.0:335013): avc: granted { setsched } for scontext=u:r:kernel:s0 tcontext=u:r:kernel:s0 tclass=process
10-10 12:37:11.440    47    47 W migration/6: type=1400 audit(0.0:335014): avc: granted { setsched } for scontext=u:r:kernel:s0 tcontext=u:r:kernel:s0 tclass=process
10-10 12:37:11.448 24828 24828 W [GT]HandlerThre: type=1400 audit(0.0:335015): avc: denied { call } for scontext=u:r:untrusted_app_27:s0:c641,c768 tcontext=u:r:jpegdec:s0 tclass=binder permissive=0
10-10 12:37:11.452 24828 25492 W ServiceManagement: getService: unable to call into hwbinder service for vendor.huawei.hardware.jpegdec@1.0::IJpegDecode/default.
10-10 12:37:11.548    47    47 W migration/6: type=1400 audit(0.0:335016): avc: granted { setsched } for scontext=u:r:kernel:s0 tcontext=u:r:kernel:s0 tclass=process
10-10 12:37:11.636 21667 21684 E MemoryLeakMonitorManager: MemoryLeakMonitor.jar is not exist!
10-10 12:37:10.772  1257  1811 D NetdConnector: RCV <- {200 21160 appQoe rsrp cmd succeeded}
10-10 12:37:11.643  1257  2371 V BroadcastQueue: Finished with ordered broadcast BroadcastRecord{10df2f2 u129 null}
10-10 12:37:11.648    47    47 W migration/6: type=1400 audit(0.0:335017): avc: granted { setsched } for scontext=u:r:kernel:s0 tcontext=u:r:kernel:s0 tclass=process
10-10 12:37:11.656 18673 18673 I aptouch_daemon: filter_touch_detect, all_touch_up
10-10 12:37:11.658 24828 24828 D HwAppInnerBoostImpl: asyncReportData com.tencent.mm,1,1,1,0 interval=298
10-10 12:37:11.658 24828 24828 I FLTAG_FM: loadFeature class:com.huawei.featurelayer.systemfeature.HwWidget.IHwSplineOverScrollerEx
10-10 12:37:11.658 24828 24828 I FLTAG_SFM: getRequireClassLoader() succ ! className: com.huawei.featurelayer.systemfeature.HwWidget.IHwSplineOverScrollerEx
10-10 12:37:11.658 24828 24828 D FeatureFactory: loadFeature() : com.huawei.featurelayer.systemfeature.HwWidget.IHwSplineOverScrollerEx
10-10 12:37:11.658 24828 24828 D FeatureFactory: loadFeature() new IHwSplineOverScrollerEx()
10-10 12:37:11.658 24828 24828 D HwSplineOverScrollerExImpl: initSplineOverScrollerImpl paras: android.widget.OverScroller$SplineOverScroller@8b3e530,com.tencent.mm.plugin.sns.ui.SnsTimeLineUI@d351427
10-10 12:37:11.658 24828 24828 D HwSplineOverScrollerExImpl: initSplineOverScrollerImpl: mScrollerVelocity is 0, value is 0
10-10 12:37:11.659 24828 24828 I FLTAG_FM: loadFeature class:com.huawei.featurelayer.systemfeature.HwWidget.IHwSplineOverScrollerEx
10-10 12:37:11.659 24828 24828 I FLTAG_SFM: getRequireClassLoader() succ ! className: com.huawei.featurelayer.systemfeature.HwWidget.IHwSplineOverScrollerEx
10-10 12:37:11.659 24828 24828 D FeatureFactory: loadFeature() : com.huawei.featurelayer.systemfeature.HwWidget.IHwSplineOverScrollerEx
10-10 12:37:11.659 24828 24828 D FeatureFactory: loadFeature() new IHwSplineOverScrollerEx()
10-10 12:37:11.659 24828 24828 D HwSplineOverScrollerExImpl: initSplineOverScrollerImpl paras: android.widget.OverScroller$SplineOverScroller@82a245c,com.tencent.mm.plugin.sns.ui.SnsTimeLineUI@d351427
10-10 12:37:11.660 24828 24828 D HwSplineOverScrollerExImpl: initSplineOverScrollerImpl: mScrollerVelocity is 0, value is 0
10-10 12:37:11.661 24828 24828 D OverScrollerOptimization: transmit the parameter and distance to OverScroller fling
10-10 12:37:11.661 24828 24828 D OverScrollerOptimization: fling time is flingTime = 0.159932278089024 velocity = 64
10-10 12:37:11.661 24828 24828 D OverScrollerOptimization: fling time is flingTime = 0.159932278089024 velocity = 64
10-10 12:37:11.712 21483 21610 E chromium: [ERROR:service_worker_storage.cc(2190)] Failed to delete the database: Database IO error
10-10 12:37:11.808    47    47 W migration/6: type=1400 audit(0.0:335018): avc: granted { setsched } for scontext=u:r:kernel:s0 tcontext=u:r:kernel:s0 tclass=process
10-10 12:37:11.808    53    53 W migration/7: type=1400 audit(0.0:335019): avc: granted { setsched } for scontext=u:r:kernel:s0 tcontext=u:r:kernel:s0 tclass=process
10-10 12:37:11.902   785   847 D emcomd  : [EMCOMD_Socket] processCommandBuffer# processCommandBuffer request 1026 token 16702 
10-10 12:37:11.902   785   846 I emcomd  : [NetworkEvaluation     ] ReportEvaluationResult# about to notify all registered modules, quality 13, bottleneck 22
10-10 12:37:11.902   785   846 D emcomd  : [Emcom SpeedCtrl     ] onNetworkQualityChange#  network type is wifi 
10-10 12:37:11.902   785   846 D emcomd  : [Emcom SpeedCtrl     ] onNetworkQualityChange#  network quality is bad 
10-10 12:37:11.902   785   846 D emcomd  : [Emcom SpeedCtrl     ] onNetworkQualityChange#  send speed control command  uid:10249 size:10000 
10-10 12:37:11.919 24828 24828 D HwAppInnerBoostImpl: asyncReportData com.tencent.mm,1,1,2,0 interval=559
10-10 12:37:12.183 24828 24828 D HwAppInnerBoostImpl: asyncReportData com.tencent.mm,1,1,3,0 interval=824
10-10 12:37:12.617 21082 21237 I HiWiServiceBD.HiWiReporter: sendMessage three times failed
10-10 12:37:12.617 21082 21237 E HiWiServiceBD.HiWiExecuteThread: report failed!
10-10 12:37:12.620 21082 21082 D HiWiServiceBD.HiWiService: HiWiService stop self
10-10 12:37:12.621 21082 21082 D HiWiServiceBD.HiWiService: HiWiService onDestroy -- hiWiHandler clear
10-10 12:37:12.904   785   847 D emcomd  : [EMCOMD_Socket] processCommandBuffer# processCommandBuffer request 1026 token 16703 
10-10 12:37:12.905   785   846 I emcomd  : [NetworkEvaluation     ] ReportEvaluationResult# about to notify all registered modules, quality 12, bottleneck 21
10-10 12:37:12.905   785   846 D emcomd  : [Emcom SpeedCtrl     ] onNetworkQualityChange#  network type is wifi 
10-10 12:37:12.905   785   846 D emcomd  : [Emcom SpeedCtrl     ] onNetworkQualityChange#  network quality is normal 
10-10 12:37:12.905   785   846 D emcomd  : [Emcom SpeedCtrl     ] onNetworkQualityChange#  send speed control command  uid:10249 size:30000 
10-10 12:37:13.413  1257  8088 W ProcBatteryStats: timer is running , not start, name: com.android.phone, uid: 1001, tag: RILJ_ACK_WL
10-10 12:37:13.614  1257 11890 W ProcBatteryStats: timer is not running , not stop, name: com.android.phone, uid: 1001, tag: RILJ_ACK_WL
10-10 12:37:13.818 18673 18673 I aptouch_daemon: filter_touch_detect, down, in: 1, out: 1
10-10 12:37:13.820 21483 21483 D AwareBitmapCacher: handleInit disable com.tencent.mm:tools
10-10 12:37:13.906   785   847 D emcomd  : [EMCOMD_Socket] processCommandBuffer# processCommandBuffer request 1026 token 16704 
10-10 12:37:13.930 18673 18673 I aptouch_daemon: filter_touch_detect, all_touch_up
10-10 12:37:13.932 24828 24828 D HwAppInnerBoostImpl: asyncReportData com.tencent.mm,2,1,1,0 interval=112
10-10 12:37:13.934   682   732 I chatty  : uid=1000(system) perfgenius@2.0- expire 73 lines
10-10 12:37:13.939 24828 24828 V AudioManager: playSoundEffect   effectType: 0
10-10 12:37:13.939 24828 24828 V AudioManager: querySoundEffectsEnabled...
10-10 12:37:13.971  1257  2371 I ActivityManager: START u129 {flg=0x20000000 hwFlg=0x10 cmp=com.tencent.mm/.plugin.brandservice.ui.timeline.preload.ui.TmplWebViewTooLMpUI (has extras)} from uid 12910249
10-10 12:37:13.972  1257  2371 I ActivityManager: ActivityRecord info: ActivityInfo{6269ab4 com.tencent.mm.plugin.brandservice.ui.timeline.preload.ui.TmplWebViewTooLMpUI}
10-10 12:37:13.972  1257  2371 V ActivityManager: positionChild stackId=314 to top.
10-10 12:37:13.973  1257  2371 V WindowManager: addAppToken: AppWindowToken{3cfb923 token=Token{a9d252 ActivityRecord{ccae6dd u129 com.tencent.mm/.plugin.brandservice.ui.timeline.preload.ui.TmplWebViewTooLMpUI t12900171}}} controller={TaskWindowContainerController taskId=12900171} at 2147483647
10-10 12:37:13.975   696   838 D         : doWinFrameOptStatusRecog begin to recog Layer result=2
10-10 12:37:13.978  1257  1287 I StatusBarDisable: setFlags what=0 which=1 pkg=Window{ce2fdcd u129 com.tencent.mm/com.tencent.mm.plugin.sns.ui.SnsTimeLineUI}
10-10 12:37:13.990 24828 24828 D ZrHung.AppEyeUiProbe: stop checker.
10-10 12:37:13.990  1257  2371 V ActivityManager: Making visible and scheduling visibility: ActivityRecord{ccae6dd u129 com.tencent.mm/.plugin.brandservice.ui.timeline.preload.ui.TmplWebViewTooLMpUI t12900171}
10-10 12:37:13.991  1257  2371 D HwPhoneWindowManager: sensorRotation = -1 lastRotation:0
10-10 12:37:13.992 21667 21667 W ActivityThread: handleWindowVisibility: no activity for token android.os.BinderProxy@9dd5106
10-10 12:37:13.988    53    53 W migration/7: type=1400 audit(0.0:335020): avc: granted { setsched } for scontext=u:r:kernel:s0 tcontext=u:r:kernel:s0 tclass=process
10-10 12:37:13.988    47    47 W migration/6: type=1400 audit(0.0:335021): avc: granted { setsched } for scontext=u:r:kernel:s0 tcontext=u:r:kernel:s0 tclass=process
10-10 12:37:13.999  2197  3256 E AwareLog: SPKSchedFeature: Uid has been sent, ignore.
10-10 12:37:14.012  1257  1283 I chatty  : uid=1000(system) android.bg expire 3 lines
10-10 12:37:14.014 21667 21667 D ZrHung.AppEyeUiProbe: notify runnable to start.
10-10 12:37:14.015 21667 21777 D ZrHung.AppEyeUiProbe: Runnable thread started.
10-10 12:37:14.015 21667 21777 D IMonitor: Load library imonitor_jni
10-10 12:37:14.017  1257  2371 V WindowManager: Checking 1 opening apps (frozen=false timeout=false), Track: activitypause performsurface
10-10 12:37:14.017  1257  2371 V WindowManager: Check opening app=AppWindowToken{3cfb923 token=Token{a9d252 ActivityRecord{ccae6dd u129 com.tencent.mm/.plugin.brandservice.ui.timeline.preload.ui.TmplWebViewTooLMpUI t12900171}}}: allDrawn=false startingDisplayed=false startingMoved=false isRelaunching()=false startingWindow=null
10-10 12:37:14.018  1257  1647 V WindowManager: Checking 1 opening apps (frozen=false timeout=false), Track:  performsurface
10-10 12:37:14.018  1257  1647 V WindowManager: Check opening app=AppWindowToken{3cfb923 token=Token{a9d252 ActivityRecord{ccae6dd u129 com.tencent.mm/.plugin.brandservice.ui.timeline.preload.ui.TmplWebViewTooLMpUI t12900171}}}: allDrawn=false startingDisplayed=false startingMoved=false isRelaunching()=false startingWindow=null
10-10 12:37:14.019  1257  1284 W HwActivityManagerServiceEx: HwActivityNotifier end call for activityLifeState under user 0 cost 1
10-10 12:37:14.019 21667 21667 V ActivityThread: Skipping new config:{1.0 222mcc1mnc [zh_CN_#Hans,it_CN,zh_CN_#Hant,en_XA] ldltr sw360dp w360dp h755dp 640dpi nrml long hdr port finger -keyb/v/h -nav/h winConfig={ mBounds=Rect(0, 0 - 1440, 3020) mAppBounds=Rect(0, 100 - 1440, 3120) mWindowingMode=fullscreen mActivityType=undefined} nonFullScreen=0 suim:1 s.98}, config:{1.0 222mcc1mnc [zh_CN_#Hans,it_CN,zh_CN_#Hant,en_XA] ldltr sw360dp w360dp h755dp 640dpi nrml long hdr port finger -keyb/v/h -nav/h winConfig={ mBounds=Rect(0, 0 - 1440, 3020) mAppBounds=Rect(0, 100 - 1440, 3120) mWindowingMode=fullscreen mActivityType=undefined} nonFullScreen=0 suim:1 s.98} for app:com.tencent.mm
10-10 12:37:14.019  2102 27052 I BoosterSwitchP: notifyUidState do nothing
10-10 12:37:14.019  2102 27052 I DeepNoDisturbP: notifyUidState
10-10 12:37:14.019  2102 27052 I BrowserChrP: notifyUidState
10-10 12:37:14.020 15477 15534 I AppLifeChangeSensor:  CAWARENESS: activityPaused componentName = ComponentInfo{com.tencent.mm/com.tencent.mm.plugin.sns.ui.SnsTimeLineUI}
10-10 12:37:14.020   796   796 D iTouchService: itouch currentPackageName=com.tencent.mm
10-10 12:37:14.020   796   796 D iTouchService: itouch appType=0 appState=1 gameMode=2
10-10 12:37:14.020   796   796 D iTouchService: g_itouch_reader_monitor empty
10-10 12:37:14.020   796   796 D iTouchService: g_itouch_reader_monitor Monitor::isReaderMonitorEnable()=0
10-10 12:37:14.020   796   796 D iTouchService: itouch getCurrentParmID tempPkg=com.tencent.xxx
10-10 12:37:14.020   796   796 D iTouchService: itouch into bn filter mm
10-10 12:37:14.020   796   796 D iTouchService: itouch NotifyTouchSenceInfo baseInfo.appFilter=1
10-10 12:37:14.020   796   796 D iTouchService: itouch into bn filter mm baseInfo.appFilter=1 after init
10-10 12:37:14.020   796   796 D iTouchService: itouch:app com.tencent.mm is  not game app
10-10 12:37:14.020   796   796 D iTouchService: itouch:styluspen_switch is disable
10-10 12:37:14.020   796   796 D iTouchService: itouch:currentAppTypeName =|IM|
10-10 12:37:14.021  1970  1970 I HwNavigationBarView: updateAssistantButtonInGuestureMode(), vis=true,isGestureNavEnable=true
10-10 12:37:14.021  1257  1287 I StatusBarDisable: setFlags what=0 which=1 pkg=Window{ce2fdcd u129 com.tencent.mm/com.tencent.mm.plugin.sns.ui.SnsTimeLineUI}
10-10 12:37:14.022   796   796 D iTouchService: itouch in ITouchService ItouchGamePerfLevel is=0
10-10 12:37:14.021  1257  1287 I chatty  : uid=1000(system) android.ui identical 1 line
10-10 12:37:14.021  1257  1287 I StatusBarDisable: setFlags what=0 which=1 pkg=Window{ce2fdcd u129 com.tencent.mm/com.tencent.mm.plugin.sns.ui.SnsTimeLineUI}
10-10 12:37:14.022  1257  1283 I HwAudioService: now type = 0,reportForegroundAppType = 0,pkg = null,mVoipOptimizeInGameModefalse
10-10 12:37:14.023   796   796 D iTouchService: itouch in ITouchService cpuGpuInfo.cpuGpuOpt is=0,cpuGpuInfo.boostLevel is=0,cpuGpuInfo.frameTimes is=0
10-10 12:37:14.023   796   796 D iTouchService: itouch in ITouchService dropFrameOpt is=0
10-10 12:37:14.023   796   796 D iTouchService: itouch in ITouchService styluspeninfo.first_frame_opt is=0
10-10 12:37:14.024   796   796 D iTouchService: itouch in ITouchService backPressureInfo.back_pressure_opt is=0
10-10 12:37:14.024   796   796 D iTouchService: itouch in ITouchService backPressureInfo.back_pressure_count is=30
10-10 12:37:14.024   696   834 D SurfaceFlinger: itouch mStyluspenFirstFrameEnable=0 mTouchBackPress=0 mBackPressCountMax=30
10-10 12:37:14.025  2197 18112 I PGServer: android calls fast hibernateApps
10-10 12:37:14.025  2197 18112 I AppFastHibernation: fast hibernate duration: 1500 reason: start activity
10-10 12:37:14.025   830 12719 I Pged-IPgedBinderService: ****action is 1, pid num is 7***
10-10 12:37:14.025   830 12719 I Pged-Freezer: freezePids
10-10 12:37:14.025   830 12719 I Pged-Freezer: Freeze process: 23700
10-10 12:37:14.026   830 12719 I Pged-Freezer: Freeze process: 18089
10-10 12:37:14.026   830 12719 I Pged-Freezer: Freeze process: 15789
