10-10 12:21:11.227 16777 16777 V ActivityThread: Skipping new config:{1.0 222mcc1mnc [zh_CN_#Hans,it_CN,zh_CN_#Hant,en_XA] ldltr sw360dp w360dp h755dp 640dpi nrml long hdr port finger -keyb/v/h -nav/h winConfig={ mBounds=Rect(0, 0 - 1440, 3020) mAppBounds=Rect(0, 100 - 1440, 3120) mWindowingMode=fullscreen mActivityType=undefined} nonFullScreen=0 suim:1 s.98}, config:{1.0 222mcc1mnc [zh_CN_#Hans,it_CN,zh_CN_#Hant,en_XA] ldltr sw360dp w360dp h755dp 640dpi nrml long hdr port finger -keyb/v/h -nav/h winConfig={ mBounds=Rect(0, 0 - 1440, 3020) mAppBounds=Rect(0, 100 - 1440, 3120) mWindowingMode=fullscreen mActivityType=undefined} nonFullScreen=0 suim:1 s.98} for app:com.huawei.works
10-10 12:21:11.227  1257 15585 I chatty  : uid=1000(system) Binder:1257_1D expire 34 lines
10-10 12:21:11.233 16777 16777 V ActivityThread: callActivityOnCreate
10-10 12:21:11.252 16777 16777 D ActivityThread: add activity client record, r= ActivityRecord{7e2ff3e token=android.os.BinderProxy@6e89dc1 {com.huawei.works/huawei.w3.ui.welcome.W3SplashScreenActivity}} token= android.os.BinderProxy@6e89dc1
10-10 12:21:11.278  1257  1284 I chatty  : uid=1000(system) HwActivityManag expire 12 lines
10-10 12:21:11.279  1257  1287 I chatty  : uid=1000(system) android.ui expire 148 lines
10-10 12:21:11.282  1257  2367 I chatty  : uid=1000(system) Binder:1257_B expire 6 lines
10-10 12:21:11.282  1970  7718 I CommandQueue: updateBarBgColor
10-10 12:21:11.282  1970  7718 D CommandQueue: CommandQueue, setBarBackgroundColor
10-10 12:21:11.355  1257  2371 I chatty  : uid=1000(system) Binder:1257_E expire 34 lines
10-10 12:21:11.359 16777 16777 V ActivityThread: Skipping new config:{1.0 222mcc1mnc [zh_CN_#Hans,it_CN,zh_CN_#Hant,en_XA] ldltr sw360dp w360dp h755dp 640dpi nrml long hdr port finger -keyb/v/h -nav/h winConfig={ mBounds=Rect(0, 0 - 1440, 3020) mAppBounds=Rect(0, 100 - 1440, 3120) mWindowingMode=fullscreen mActivityType=undefined} nonFullScreen=0 suim:1 s.98}, config:{1.0 222mcc1mnc [zh_CN_#Hans,it_CN,zh_CN_#Hant,en_XA] ldltr sw360dp w360dp h755dp 640dpi nrml long hdr port finger -keyb/v/h -nav/h winConfig={ mBounds=Rect(0, 0 - 1440, 3020) mAppBounds=Rect(0, 100 - 1440, 3120) mWindowingMode=fullscreen mActivityType=undefined} nonFullScreen=0 suim:1 s.98} for app:com.huawei.works
10-10 12:21:11.363 16777 16777 V ActivityThread: callActivityOnCreate
10-10 12:21:11.363  1257  8976 I chatty  : uid=1000(system) Binder:1257_14 expire 15 lines
10-10 12:21:11.369 16777 16777 D ActivityThread: add activity client record, r= ActivityRecord{20ada50 token=android.os.BinderProxy@aa9509b {com.huawei.works/huawei.w3.MainActivity}} token= android.os.BinderProxy@aa9509b
10-10 12:21:11.390  1970  2001 I CommandQueue: updateBarBgColor
10-10 12:21:11.390  1970  2001 D CommandQueue: CommandQueue, setBarBackgroundColor
10-10 12:21:11.670  1970  2001 I CommandQueue: updateBarBgColor
10-10 12:21:11.670  1970  2001 D CommandQueue: CommandQueue, setBarBackgroundColor
10-10 12:21:11.694 16910 16910 D ActivityThread: Attach thread to application
10-10 12:21:11.803  2102  2242 I chatty  : uid=1000(system) HwCommBoosterTh expire 16 lines
10-10 12:21:11.870 16777 16777 D ActivityThread: Remove activity client record, r= ActivityRecord{7e2ff3e token=android.os.BinderProxy@6e89dc1 {com.huawei.works/huawei.w3.ui.welcome.W3SplashScreenActivity}} token= android.os.BinderProxy@6e89dc1
10-10 12:21:15.073  1257  5108 I chatty  : uid=1000(system) Binder:1257_11 expire 10 lines
10-10 12:21:15.397  2236  2236 V ActivityThread: Handle window ActivityRecord{91f1d69 token=android.os.BinderProxy@9bdc2c4 {com.huawei.android.launcher/com.huawei.android.launcher.unihome.UniHomeLauncher}} visibility: true
10-10 12:21:15.427  2102  2124 I chatty  : uid=1000(system) Binder:2102_4 expire 9 lines
10-10 12:21:15.443  2263  2643 I HwNetworkPolicyManager: getHwUidPolicy uid = 10104 policy = 0
10-10 12:21:15.507  1257  1920 I chatty  : uid=1000(system) Binder:1257_3 expire 10 lines
10-10 12:21:15.543  2102 31516 I chatty  : uid=1000(system) Binder:2102_10 expire 12 lines
10-10 12:21:17.164  2209  2209 W SettingsEx: SettingsEx.Systemex.getString deprecated use Settings.System.getString instead ;callers=com.android.internal.telephony.gsm.HwCustGsmServiceStateManagerImpl.isMccForShowNetname:206 com.android.internal.telephony.gsm.HwCustGsmServiceStateManagerImpl.isShowNetnameByMcc:197 com.android.internal.telephony.gsm.HwCustGsmServiceStateManagerImpl.setOnsDisplayCustomization:148 
10-10 12:21:17.188  2263  2263 I HwNetworkPolicyManager: forceUpdatePolicy isRoaming = false
10-10 12:21:17.190 10408 10408 I HwNetworkPolicyManager: forceUpdatePolicy isRoaming = false
10-10 12:21:17.207  2209  2209 D Telephony-TelecomAccountRegistry: onServiceStateChanged0 newState : 0, mServiceState : 0
10-10 12:21:19.351 17087 17087 D ActivityThread: Attach thread to application
10-10 12:21:20.915  2102 19182 I chatty  : uid=1000(system) Binder:2102_F expire 3 lines
10-10 12:21:25.497  1257  2618 I chatty  : uid=1000(system) Binder:1257_F expire 18 lines
10-10 12:21:26.176 16777 16777 W ViewRootImpl[MainActivity]: hasFocus:false, stopped:false, isAmbientMode:false, paused:false, flags:0
10-10 12:21:26.176 16777 16777 W ViewRootImpl[MainActivity]: Cancelling event due to no window focus: KeyEvent { action=ACTION_UP, keyCode=KEYCODE_BACK, scanCode=0, metaState=0, flags=0x28, hwFlags=0x140014, repeatCount=0, eventTime=147511718, downTime=147511699, deviceId=-1, source=0x101 }
10-10 12:21:26.176 16777 16777 W ViewRootImpl[MainActivity]: hasFocus:false, stopped:false, isAmbientMode:false, paused:false, flags:0
10-10 12:21:26.176 16777 16777 W ViewRootImpl[MainActivity]: Cancelling event due to no window focus: KeyEvent { action=ACTION_UP, keyCode=KEYCODE_BACK, scanCode=0, metaState=0, flags=0x28, hwFlags=0x140014, repeatCount=0, eventTime=147511718, downTime=147511699, deviceId=-1, source=0x101 }
10-10 12:21:26.177 16777 16777 W ViewRootImpl[MainActivity]: hasFocus:false, stopped:false, isAmbientMode:false, paused:false, flags:0
10-10 12:21:26.177 16777 16777 W ViewRootImpl[MainActivity]: Cancelling event due to no window focus: KeyEvent { action=ACTION_UP, keyCode=KEYCODE_BACK, scanCode=0, metaState=0, flags=0x28, hwFlags=0x140014, repeatCount=0, eventTime=147511718, downTime=147511699, deviceId=-1, source=0x101 }
10-10 12:21:26.178 16777 16777 W ViewRootImpl[MainActivity]: hasFocus:false, stopped:false, isAmbientMode:false, paused:false, flags:0
10-10 12:21:26.178 16777 16777 W ViewRootImpl[MainActivity]: Cancelling event due to no window focus: KeyEvent { action=ACTION_UP, keyCode=KEYCODE_BACK, scanCode=0, metaState=0, flags=0x28, hwFlags=0x140014, repeatCount=0, eventTime=147511718, downTime=147511699, deviceId=-1, source=0x101 }
10-10 12:21:26.178 16777 16777 W ViewRootImpl[MainActivity]: hasFocus:false, stopped:false, isAmbientMode:false, paused:false, flags:0
10-10 12:21:26.178 16777 16777 W ViewRootImpl[MainActivity]: Cancelling event due to no window focus: KeyEvent { action=ACTION_UP, keyCode=KEYCODE_BACK, scanCode=0, metaState=0, flags=0x28, hwFlags=0x140014, repeatCount=0, eventTime=147511718, downTime=147511699, deviceId=-1, source=0x101 }
10-10 12:21:26.178 16777 16777 W ViewRootImpl[MainActivity]: hasFocus:false, stopped:false, isAmbientMode:false, paused:false, flags:0
10-10 12:21:26.178 16777 16777 W ViewRootImpl[MainActivity]: Cancelling event due to no window focus: KeyEvent { action=ACTION_UP, keyCode=KEYCODE_BACK, scanCode=0, metaState=0, flags=0x28, hwFlags=0x140014, repeatCount=0, eventTime=147511718, downTime=147511699, deviceId=-1, source=0x101 }
10-10 12:21:26.178 16777 16777 W ViewRootImpl[MainActivity]: hasFocus:false, stopped:false, isAmbientMode:false, paused:false, flags:0
10-10 12:21:26.178 16777 16777 W ViewRootImpl[MainActivity]: Cancelling event due to no window focus: KeyEvent { action=ACTION_UP, keyCode=KEYCODE_BACK, scanCode=0, metaState=0, flags=0x28, hwFlags=0x140014, repeatCount=0, eventTime=147511718, downTime=147511699, deviceId=-1, source=0x101 }
10-10 12:21:26.178 16777 16777 W ViewRootImpl[MainActivity]: hasFocus:false, stopped:false, isAmbientMode:false, paused:false, flags:0
10-10 12:21:26.178 16777 16777 W ViewRootImpl[MainActivity]: Cancelling event due to no window focus: KeyEvent { action=ACTION_UP, keyCode=KEYCODE_BACK, scanCode=0, metaState=0, flags=0x28, hwFlags=0x140014, repeatCount=0, eventTime=147511718, downTime=147511699, deviceId=-1, source=0x101 }
10-10 12:21:26.178 16777 16777 W ViewRootImpl[MainActivity]: hasFocus:false, stopped:false, isAmbientMode:false, paused:false, flags:0
10-10 12:21:26.178 16777 16777 W ViewRootImpl[MainActivity]: Cancelling event due to no window focus: KeyEvent { action=ACTION_UP, keyCode=KEYCODE_BACK, scanCode=0, metaState=0, flags=0x28, hwFlags=0x140014, repeatCount=0, eventTime=147511718, downTime=147511699, deviceId=-1, source=0x101 }
10-10 12:21:26.185  1257  1647 I chatty  : uid=1000(system) android.anim expire 48 lines
10-10 12:21:26.186  2263  2643 I HwNetworkPolicyManager: getHwUidPolicy uid = 10104 policy = 0
10-10 12:21:26.187  1257  1283 I chatty  : uid=1000(system) android.bg expire 10 lines
10-10 12:21:26.188  1257  1302 I chatty  : uid=1000(system) HwGameAssistant expire 12 lines
10-10 12:21:26.189  1257  7455 I chatty  : uid=1000(system) Binder:1257_12 expire 20 lines
10-10 12:21:26.192  2102  2102 I chatty  : uid=1000(system) com.huawei.systemserver expire 22 lines
10-10 12:21:26.202  1257  1811 I chatty  : uid=1000(system) NetdConnector expire 12 lines
10-10 12:21:26.209  1257  1797 I chatty  : uid=1000(system) GestureNavManag expire 10 lines
10-10 12:21:26.243  1970  2308 I CommandQueue: updateBarBgColor
10-10 12:21:26.243  1970  2308 D CommandQueue: CommandQueue, setBarBackgroundColor
10-10 12:21:26.732  1257  2368 I chatty  : uid=1000(system) Binder:1257_C expire 17 lines
10-10 12:21:26.737  1257 16285 I chatty  : uid=1000(system) Binder:1257_1E expire 13 lines
10-10 12:21:27.483  1257  1257 I chatty  : uid=1000 system_server expire 21 lines
10-10 12:21:27.974  2102  2242 I chatty  : uid=1000(system) HwCommBoosterTh expire 18 lines
10-10 12:21:28.948  2263  2643 I HwNetworkPolicyManager: getHwUidPolicy uid = 10249 policy = 0
10-10 12:21:29.010  1970  2001 I CommandQueue: updateBarBgColor
10-10 12:21:29.010  1970  2001 D CommandQueue: CommandQueue, setBarBackgroundColor
10-10 12:21:29.057 17151 17151 D ActivityThread: Attach thread to application
10-10 12:21:29.172  1257  1287 I chatty  : uid=1000(system) android.ui expire 63 lines
10-10 12:21:29.186 17151 17151 E ActivityThread: Failed to find provider info for com.tencent.mm.coolassist.debugprovider
10-10 12:21:29.222  1257  2370 I chatty  : uid=1000(system) Binder:1257_D expire 20 lines
10-10 12:21:29.970  1257  2082 I chatty  : uid=1000(system) MultiTaskManage expire 10 lines
10-10 12:21:29.986 17235 17235 D ActivityThread: Attach thread to application
10-10 12:21:30.028 17251 17251 D ActivityThread: Attach thread to application
10-10 12:21:30.087 17235 17235 E ActivityThread: Failed to find provider info for com.tencent.mm.coolassist.debugprovider
10-10 12:21:30.111 17251 17251 E ActivityThread: Failed to find provider info for com.tencent.mm.coolassist.debugprovider
10-10 12:21:30.219  1257 11890 I chatty  : uid=1000(system) Binder:1257_15 expire 26 lines
10-10 12:21:30.439 17407 17407 D ActivityThread: Attach thread to application
10-10 12:21:30.538 17407 17407 E ActivityThread: Failed to find provider info for com.tencent.mm.coolassist.debugprovider
10-10 12:21:30.894 17563 17563 D ActivityThread: Attach thread to application
10-10 12:21:30.983 17563 17563 E ActivityThread: Failed to find provider info for com.tencent.mm.coolassist.debugprovider
10-10 12:21:31.149 17635 17635 D ActivityThread: Attach thread to application
10-10 12:21:31.222 17251 17251 D HwCustConnectivityManagerImpl: isBlockNetworkRequestByNonAis, INVALID_SUBSCRIPTION_ID
10-10 12:21:31.242 17251 17251 D HwCustConnectivityManagerImpl: isBlockNetworkRequestByNonAis, INVALID_SUBSCRIPTION_ID
10-10 12:21:31.534  1257  1798 I chatty  : uid=1000(system) InputDispatcher expire 12 lines
10-10 12:21:32.047 17151 17151 D HwCustConnectivityManagerImpl: isBlockNetworkRequestByNonAis, INVALID_SUBSCRIPTION_ID
10-10 12:21:32.349 17151 17151 D HwCustConnectivityManagerImpl: isBlockNetworkRequestByNonAis, INVALID_SUBSCRIPTION_ID
10-10 12:21:32.351 17151 17151 D HwCustConnectivityManagerImpl: isBlockNetworkRequestByNonAis, INVALID_SUBSCRIPTION_ID
10-10 12:21:32.373 17151 17151 D HwCustConnectivityManagerImpl: isBlockNetworkRequestByNonAis, INVALID_SUBSCRIPTION_ID
10-10 12:21:34.742   629   750 W SocketListener: sending broadcast to Pid = 1257, Uid = 1000 
10-10 12:21:34.817  1257  1826 I chatty  : uid=1000(system) ConnectivitySer expire 34 lines
10-10 12:21:34.818  1257  1848 I chatty  : uid=1000(system) ConnectivityThr expire 12 lines
10-10 12:21:35.619  1257 15349 I chatty  : uid=1000(system) Binder:1257_1C expire 34 lines
10-10 12:21:35.649  1257  1284 I chatty  : uid=1000(system) HwActivityManag expire 10 lines
10-10 12:21:35.652 23783 23783 V ActivityThread: Skipping new config:{1.0 222mcc1mnc [zh_CN_#Hans,it_CN,zh_CN_#Hant,en_XA] ldltr sw360dp w360dp h755dp 640dpi nrml long hdr port finger -keyb/v/h -nav/h winConfig={ mBounds=Rect(0, 0 - 1440, 3020) mAppBounds=Rect(0, 100 - 1440, 3120) mWindowingMode=fullscreen mActivityType=undefined} nonFullScreen=0 suim:1 s.98}, config:{1.0 222mcc1mnc [zh_CN_#Hans,it_CN,zh_CN_#Hant,en_XA] ldltr sw360dp w360dp h755dp 640dpi nrml long hdr port finger -keyb/v/h -nav/h winConfig={ mBounds=Rect(0, 0 - 1440, 3020) mAppBounds=Rect(0, 100 - 1440, 3120) mWindowingMode=fullscreen mActivityType=undefined} nonFullScreen=0 suim:1 s.98} for app:com.tencent.mm
10-10 12:21:35.657 23783 23783 V ActivityThread: callActivityOnCreate
10-10 12:21:35.694 23783 23783 D ActivityThread: add activity client record, r= ActivityRecord{f0ec8f0 token=android.os.BinderProxy@95f6573 {com.tencent.mm/com.tencent.mm.plugin.brandservice.ui.timeline.BizTimeLineUI}} token= android.os.BinderProxy@95f6573
10-10 12:21:35.714  1970  2308 I CommandQueue: updateBarBgColor
10-10 12:21:35.714  1970  2308 D CommandQueue: CommandQueue, setBarBackgroundColor
10-10 12:21:36.321 17563 17563 D HwCustConnectivityManagerImpl: isBlockNetworkRequestByNonAis, INVALID_SUBSCRIPTION_ID
10-10 12:21:36.628 17563 17563 D HwCustConnectivityManagerImpl: isBlockNetworkRequestByNonAis, INVALID_SUBSCRIPTION_ID
10-10 12:21:37.773  1970  7718 I CommandQueue: updateBarBgColor
10-10 12:21:37.773  1970  7718 D CommandQueue: CommandQueue, setBarBackgroundColor
10-10 12:21:37.815  1257  1647 I chatty  : uid=1000(system) android.anim expire 11 lines
10-10 12:21:38.025  1257  1797 I chatty  : uid=1000(system) GestureNavManag expire 12 lines
10-10 12:21:38.193 23783 23783 D ActivityThread: Remove activity client record, r= ActivityRecord{f0ec8f0 token=android.os.BinderProxy@95f6573 {com.tencent.mm/com.tencent.mm.plugin.brandservice.ui.timeline.BizTimeLineUI}} token= android.os.BinderProxy@95f6573
10-10 12:21:38.484  1257  1257 I chatty  : uid=1000 system_server expire 17 lines
10-10 12:21:39.018  1257 11893 I chatty  : uid=1000(system) Binder:1257_16 expire 10 lines
10-10 12:21:40.002  1257  2371 I chatty  : uid=1000(system) Binder:1257_E expire 29 lines
10-10 12:21:40.005  1257  1811 I chatty  : uid=1000(system) NetdConnector expire 10 lines
10-10 12:21:42.425   816   923 I storaged: storaged_t::event: storage_info refreshed.
10-10 12:21:44.429  2209  2209 W SettingsEx: SettingsEx.Systemex.getString deprecated use Settings.System.getString instead ;callers=com.android.internal.telephony.gsm.HwCustGsmServiceStateManagerImpl.isMccForShowNetname:206 com.android.internal.telephony.gsm.HwCustGsmServiceStateManagerImpl.isShowNetnameByMcc:197 com.android.internal.telephony.gsm.HwCustGsmServiceStateManagerImpl.setOnsDisplayCustomization:148 
10-10 12:21:44.465  2263  2263 I HwNetworkPolicyManager: forceUpdatePolicy isRoaming = false
10-10 12:21:44.470  1257  1286 I chatty  : uid=1000(system) ActivityManager expire 14 lines
10-10 12:21:44.470 10408 10408 I HwNetworkPolicyManager: forceUpdatePolicy isRoaming = false
10-10 12:21:44.485  1257  8976 I chatty  : uid=1000(system) Binder:1257_14 expire 12 lines
10-10 12:21:44.496  2209  2209 D Telephony-TelecomAccountRegistry: onServiceStateChanged0 newState : 0, mServiceState : 0
10-10 12:21:44.553  2102  2102 I chatty  : uid=1000(system) com.huawei.systemserver expire 20 lines
10-10 12:21:45.982  2102  2242 I chatty  : uid=1000(system) HwCommBoosterTh expire 29 lines
10-10 12:22:05.257  2102  4967 I chatty  : uid=1000(system) Binder:2102_7 expire 12 lines
10-10 12:22:08.103  1257  1287 I chatty  : uid=1000(system) android.ui expire 17 lines
10-10 12:22:08.123  1257  8088 I chatty  : uid=1000(system) Binder:1257_13 expire 16 lines
10-10 12:22:08.123   552   561 D vold    : begin lockScreenPrepare
10-10 12:22:08.124   552   561 D vold    : e4crypt_lock_screen_prepare flag is: 1 user_id:0
10-10 12:22:08.128  1257  1861 I chatty  : uid=1000(system) fingerprintServ expire 17 lines
10-10 12:22:08.140  1257 11890 I chatty  : uid=1000(system) Binder:1257_15 expire 29 lines
10-10 12:22:08.153  1970  1970 W FingerprintManager: Invalid acquired message: 6, 1001
10-10 12:22:08.280  1257  2485 I chatty  : uid=1000(system) android.fg expire 62 lines
10-10 12:22:08.369  1257 11893 I chatty  : uid=1000(system) Binder:1257_16 expire 49 lines
10-10 12:22:08.439  1257  2618 I chatty  : uid=1000(system) Binder:1257_F expire 13 lines
10-10 12:22:08.470  1257  1257 I chatty  : uid=1000 system_server expire 21 lines
10-10 12:22:08.481  1257  2355 I chatty  : uid=1000(system) Binder:1257_9 expire 11 lines
10-10 12:22:08.783  1257  1304 I chatty  : uid=1000(system) PowerManagerSer expire 16 lines
10-10 12:22:08.813  1970  1970 W KeyguardViewMediator: callback -> onShowingStateChanged.
10-10 12:22:08.825  1970  2241 W KeyguardViewMediator: KgSvc reportKeyguardShowingChanged. cost = 12
10-10 12:22:08.829  1257  1299 I chatty  : uid=1000(system) android.fg expire 13 lines
10-10 12:22:08.835  1257 18014 I chatty  : uid=1000 system_server expire 5 lines
10-10 12:22:08.835   552   561 D vold    : begin getKeyDesc
10-10 12:22:08.835   552   561 D vold    : begin getKeyDesc
10-10 12:22:08.835   552   561 D vold    : begin getPrepareFlag
10-10 12:22:08.835   552   561 D vold    : e4crypt_get_lock_screen_prepare_flag flag is: 1 user_id:0
10-10 12:22:08.837   552   561 D vold    : begin lockUserScreenIsec
10-10 12:22:08.837   552   561 D vold    : begin e4crypt_lock_user_screen_isec 0
10-10 12:22:08.837   552   561 D vold    : e4crypt_lock_user_screen 0
10-10 12:22:08.837   552   561 D vold    : evict_ece_key_from_keyring 0
10-10 12:22:08.837   552   561 D vold    : revoke key with serial 820249305 ref ext4:f1d38206f8ecac2d
10-10 12:22:08.837   552   561 D vold    : revoke key with serial 831438970 ref f2fs:f1d38206f8ecac2d
10-10 12:22:08.837   552   561 D vold    : revoke key with serial 764040202 ref fscrypt:f1d38206f8ecac2d
10-10 12:22:08.837   552   561 D vold    : evict_sece_pri_key_from_keyring 0
10-10 12:22:08.837   552   561 D vold    : begin installKeyIsec
10-10 12:22:08.838   552   561 D vold    : Added key 459926752 (ext4:0d995b5fa6a93b9a) to keyring 499143453 in process 552
10-10 12:22:08.838   552   561 D vold    : Added key 11020310 (f2fs:0d995b5fa6a93b9a) to keyring 499143453 in process 552
10-10 12:22:08.838   552   561 D vold    : Added key 1010921608 (fscrypt:0d995b5fa6a93b9a) to keyring 499143453 in process 552
10-10 12:22:08.838   552   561 D vold    : lock_user_screen_isec result:1
10-10 12:22:08.844  1257  1823 I chatty  : uid=1000(system) WifiP2pService expire 11 lines
10-10 12:22:08.878  2102  2242 I chatty  : uid=1000(system) HwCommBoosterTh expire 15 lines
10-10 12:22:08.888  2102  2102 I chatty  : uid=1000(system) com.huawei.systemserver expire 15 lines
10-10 12:22:08.952  1257  1289 I chatty  : uid=1000(system) ActivityManager expire 10 lines
10-10 12:22:08.973 18021 18021 D ActivityThread: Attach thread to application
10-10 12:22:09.614 18061 18061 D ActivityThread: Attach thread to application
10-10 12:22:09.741  1257  1292 I chatty  : uid=1000(system) keyAppHanderThr expire 6 lines
10-10 12:22:09.867 18089 18089 D ActivityThread: Attach thread to application
10-10 12:22:09.971 18105 18105 D ActivityThread: Attach thread to application
10-10 12:22:10.082  1257  2370 I chatty  : uid=1000(system) Binder:1257_D expire 14 lines
10-10 12:22:10.232 18138 18138 D ActivityThread: Attach thread to application
10-10 12:22:11.432  1257  1811 I chatty  : uid=1000(system) NetdConnector expire 10 lines
10-10 12:22:34.097   629   749 W SocketListener: sending broadcast to Pid = 1257, Uid = 1000 
10-10 12:22:34.101  1257  1799 I chatty  : uid=1000(system) InputReader expire 15 lines
10-10 12:22:34.117  1970  2228 I PermissionManager: camera remind result:true
10-10 12:22:34.117  1970  2228 I BackgroundPermManager: pkgName: com.android.systemui,pid: 1970 ,uidOf3RdApk: 10009 ,permType: 0 ,permCfg: 1
10-10 12:22:34.150  1257 11890 I chatty  : uid=1000(system) Binder:1257_15 expire 13 lines
10-10 12:22:34.151   629   749 W SocketListener: sending broadcast to Pid = 1257, Uid = 1000 
10-10 12:22:34.154  1257  2485 I chatty  : uid=1000(system) android.fg expire 63 lines
10-10 12:22:34.170  2102  2480 I chatty  : uid=1000(system) facerecognize expire 47 lines
10-10 12:22:34.184  1257  1257 I chatty  : uid=1000 system_server expire 23 lines
10-10 12:22:34.191   552 18180 D vold    : idle maintenance stopped
10-10 12:22:34.197  1970  1970 W KeyguardViewMediator: notifyDrawn as: ScreenTurningOn 
10-10 12:22:34.201  1257  1287 I chatty  : uid=1000(system) android.ui expire 61 lines
10-10 12:22:34.220  1970 18189 E ActivityThread: Failed to find provider info for ZookingProvider
10-10 12:22:34.228  2102  2242 I chatty  : uid=1000(system) HwCommBoosterTh expire 44 lines
10-10 12:22:34.239  1257  7455 I chatty  : uid=1000(system) Binder:1257_12 expire 30 lines
10-10 12:22:34.294  1257  1855 I chatty  : uid=1000(system) HwDualSensorEve expire 13 lines
10-10 12:22:34.299  1257 11893 I chatty  : uid=1000(system) Binder:1257_16 expire 13 lines
10-10 12:22:34.301  1257  1811 I chatty  : uid=1000(system) NetdConnector expire 14 lines
10-10 12:22:34.340  2209  2209 I Telephony-PstnPhoneCapabilitiesNotifier: handleVideoCapabilitesChanged. Video capability - true
10-10 12:22:34.370  2209  2209 W SettingsEx: SettingsEx.Systemex.getString deprecated use Settings.System.getString instead ;callers=com.android.internal.telephony.gsm.HwCustGsmServiceStateManagerImpl.isMccForShowNetname:206 com.android.internal.telephony.gsm.HwCustGsmServiceStateManagerImpl.isShowNetnameByMcc:197 com.android.internal.telephony.gsm.HwCustGsmServiceStateManagerImpl.setOnsDisplayCustomization:148 
10-10 12:22:34.375  2209  2209 I Telephony-PstnPhoneCapabilitiesNotifier: handleVideoCapabilitesChanged. Video capability - false
10-10 12:22:34.401  2209  2209 W SettingsEx: SettingsEx.Systemex.getString deprecated use Settings.System.getString instead ;callers=com.android.internal.telephony.gsm.HwCustGsmServiceStateManagerImpl.isMccForShowNetname:206 com.android.internal.telephony.gsm.HwCustGsmServiceStateManagerImpl.isShowNetnameByMcc:197 com.android.internal.telephony.gsm.HwCustGsmServiceStateManagerImpl.setOnsDisplayCustomization:148 
10-10 12:22:34.408  2209  2209 I Telephony-PstnPhoneCapabilitiesNotifier: handleVideoCapabilitesChanged. Video capability - true
10-10 12:22:34.433  2209  2209 W SettingsEx: SettingsEx.Systemex.getString deprecated use Settings.System.getString instead ;callers=com.android.internal.telephony.gsm.HwCustGsmServiceStateManagerImpl.isMccForShowNetname:206 com.android.internal.telephony.gsm.HwCustGsmServiceStateManagerImpl.isShowNetnameByMcc:197 com.android.internal.telephony.gsm.HwCustGsmServiceStateManagerImpl.setOnsDisplayCustomization:148 
10-10 12:22:34.437  2102  2304 I chatty  : uid=1000(system) HwBinder:2102_1 expire 15 lines
10-10 12:22:34.438  1257  8088 I chatty  : uid=1000(system) Binder:1257_13 expire 24 lines
10-10 12:22:34.859  1257  8976 I chatty  : uid=1000(system) Binder:1257_14 expire 18 lines
10-10 12:22:35.808  1257  2370 I chatty  : uid=1000(system) Binder:1257_D expire 51 lines
10-10 12:22:36.165   552   561 D vold    : begin lockScreenPrepare
10-10 12:22:36.165   552   561 D vold    : e4crypt_lock_screen_prepare flag is: 4 user_id:0
10-10 12:22:36.166   552   561 D vold    : begin unlockUserScreenIsec
10-10 12:22:36.166   552   561 D vold    : begin unlock_user_screen_isec auth_type: 4 uid: 0 token_present=0
10-10 12:22:36.166   552   561 D vold    : flag is 4begin to unlock from HCCM
10-10 12:22:36.166   552   561 D vold    : begin read_and_install_ece_sece_key0
10-10 12:22:36.166   552   561 D vold    : begin read_key_from_vold 0
10-10 12:22:36.166   552   561 D vold    : begin installKeyIsec
10-10 12:22:36.166   552   561 D vold    : Added key 980998941 (ext4:f1d38206f8ecac2d) to keyring 499143453 in process 552
10-10 12:22:36.167   552   561 D vold    : Added key 820004911 (f2fs:f1d38206f8ecac2d) to keyring 499143453 in process 552
10-10 12:22:36.167   552   561 D vold    : Added key 7881563 (fscrypt:f1d38206f8ecac2d) to keyring 499143453 in process 552
10-10 12:22:36.167   552   561 D vold    : begin installKeyIsec
10-10 12:22:36.167   552   561 D vold    : Added key 459926752 (ext4:0d995b5fa6a93b9a) to keyring 499143453 in process 552
10-10 12:22:36.167   552   561 D vold    : Added key 11020310 (f2fs:0d995b5fa6a93b9a) to keyring 499143453 in process 552
10-10 12:22:36.167   552   561 D vold    : Added key 1010921608 (fscrypt:0d995b5fa6a93b9a) to keyring 499143453 in process 552
10-10 12:22:36.167   552   561 D vold    : Created keys for user 0
10-10 12:22:36.167   552   561 D vold    : unlock user screen success,begin to reset flag
10-10 12:22:36.203  1970  2228 I BackgroundPermManager: pkgName: com.android.systemui,pid: 1970 ,uidOf3RdApk: 10009 ,permType: 0 ,permCfg: 0
10-10 12:22:36.279  2102  2102 I chatty  : uid=1000(system) com.huawei.systemserver expire 26 lines
10-10 12:22:36.609  1970  1970 W KeyguardViewMediator: kgsvc callback -> .keyguardGoingAway 4 false false
10-10 12:22:36.642  1970  1970 W KeyguardViewMediator: callback -> onShowingStateChanged.
10-10 12:22:36.649  1970  2241 W KeyguardViewMediator: KgSvc reportKeyguardShowingChanged. cost = 2
10-10 12:22:36.676  1257  2777 I chatty  : uid=1000(system) FingerViewContr expire 4 lines
10-10 12:22:36.700  1257  2371 I chatty  : uid=1000(system) Binder:1257_E expire 17 lines
10-10 12:22:36.703  1257 15349 I chatty  : uid=1000(system) Binder:1257_1C expire 28 lines
10-10 12:22:36.705  1970  2031 I CommandQueue: updateBarBgColor
10-10 12:22:36.705  1970  2031 D CommandQueue: CommandQueue, setBarBackgroundColor
10-10 12:22:36.784  1257  1823 I chatty  : uid=1000(system) WifiP2pService expire 11 lines
10-10 12:22:36.787  1257 15585 I chatty  : uid=1000(system) Binder:1257_1D expire 13 lines
10-10 12:22:38.402  1257  1647 I chatty  : uid=1000(system) android.anim expire 23 lines
10-10 12:22:38.544   629   750 W SocketListener: sending broadcast to Pid = 1257, Uid = 1000 
10-10 12:22:40.245  1257  1826 I chatty  : uid=1000(system) ConnectivitySer expire 84 lines
10-10 12:22:43.607  1257  1798 I chatty  : uid=1000(system) InputDispatcher expire 10 lines
10-10 12:22:44.444  2263  2643 I HwNetworkPolicyManager: getHwUidPolicy uid = 10104 policy = 0
10-10 12:22:44.460 23783 23783 W ViewRootImpl[LauncherUI]: hasFocus:false, stopped:false, isAmbientMode:false, paused:false, flags:0
10-10 12:22:44.460 23783 23783 W ViewRootImpl[LauncherUI]: Cancelling event due to no window focus: KeyEvent { action=ACTION_UP, keyCode=KEYCODE_BACK, scanCode=0, metaState=0, flags=0x28, hwFlags=0x9b227765, repeatCount=0, eventTime=147572044, downTime=147572025, deviceId=-1, source=0x101 }
10-10 12:22:44.460 23783 23783 W ViewRootImpl[LauncherUI]: hasFocus:false, stopped:false, isAmbientMode:false, paused:false, flags:0
10-10 12:22:44.460 23783 23783 W ViewRootImpl[LauncherUI]: Cancelling event due to no window focus: KeyEvent { action=ACTION_UP, keyCode=KEYCODE_BACK, scanCode=0, metaState=0, flags=0x28, hwFlags=0x9b227765, repeatCount=0, eventTime=147572044, downTime=147572025, deviceId=-1, source=0x101 }
10-10 12:22:44.460 23783 23783 W ViewRootImpl[LauncherUI]: hasFocus:false, stopped:false, isAmbientMode:false, paused:false, flags:0
10-10 12:22:44.460 23783 23783 W ViewRootImpl[LauncherUI]: Cancelling event due to no window focus: KeyEvent { action=ACTION_UP, keyCode=KEYCODE_BACK, scanCode=0, metaState=0, flags=0x28, hwFlags=0x9b227765, repeatCount=0, eventTime=147572044, downTime=147572025, deviceId=-1, source=0x101 }
10-10 12:22:44.492  1970 21862 I CommandQueue: updateBarBgColor
10-10 12:22:44.492  1970 21862 D CommandQueue: CommandQueue, setBarBackgroundColor
10-10 12:22:44.492  1257  1287 I chatty  : uid=1000(system) android.ui expire 17 lines
10-10 12:22:44.496 23783 23783 W ViewRootImpl[LauncherUI]: hasFocus:false, stopped:true, isAmbientMode:false, paused:false, flags:0
10-10 12:22:44.496 23783 23783 W ViewRootImpl[LauncherUI]: Cancelling event due to no window focus: KeyEvent { action=ACTION_UP, keyCode=KEYCODE_BACK, scanCode=0, metaState=0, flags=0x28, hwFlags=0x9b227765, repeatCount=0, eventTime=147572044, downTime=147572025, deviceId=-1, source=0x101 }
10-10 12:22:44.496 23783 23783 W ViewRootImpl[LauncherUI]: hasFocus:false, stopped:true, isAmbientMode:false, paused:false, flags:0
10-10 12:22:44.496 23783 23783 W ViewRootImpl[LauncherUI]: Cancelling event due to no window focus: KeyEvent { action=ACTION_UP, keyCode=KEYCODE_BACK, scanCode=0, metaState=0, flags=0x28, hwFlags=0x9b227765, repeatCount=0, eventTime=147572044, downTime=147572025, deviceId=-1, source=0x101 }
10-10 12:22:44.496 23783 23783 W ViewRootImpl[LauncherUI]: hasFocus:false, stopped:true, isAmbientMode:false, paused:false, flags:0
10-10 12:22:44.496 23783 23783 W ViewRootImpl[LauncherUI]: Cancelling event due to no window focus: KeyEvent { action=ACTION_UP, keyCode=KEYCODE_BACK, scanCode=0, metaState=0, flags=0x28, hwFlags=0x9b227765, repeatCount=0, eventTime=147572044, downTime=147572025, deviceId=-1, source=0x101 }
10-10 12:22:44.497 23783 23783 W ViewRootImpl[LauncherUI]: hasFocus:false, stopped:true, isAmbientMode:false, paused:false, flags:0
10-10 12:22:44.497 23783 23783 W ViewRootImpl[LauncherUI]: Cancelling event due to no window focus: KeyEvent { action=ACTION_UP, keyCode=KEYCODE_BACK, scanCode=0, metaState=0, flags=0x28, hwFlags=0x9b227765, repeatCount=0, eventTime=147572044, downTime=147572025, deviceId=-1, source=0x101 }
10-10 12:22:44.497 23783 23783 W ViewRootImpl[LauncherUI]: hasFocus:false, stopped:true, isAmbientMode:false, paused:false, flags:0
10-10 12:22:44.497 23783 23783 W ViewRootImpl[LauncherUI]: Cancelling event due to no window focus: KeyEvent { action=ACTION_UP, keyCode=KEYCODE_BACK, scanCode=0, metaState=0, flags=0x28, hwFlags=0x9b227765, repeatCount=0, eventTime=147572044, downTime=147572025, deviceId=-1, source=0x101 }
10-10 12:22:44.497 23783 23783 W ViewRootImpl[LauncherUI]: hasFocus:false, stopped:true, isAmbientMode:false, paused:false, flags:0
10-10 12:22:44.497 23783 23783 W ViewRootImpl[LauncherUI]: Cancelling event due to no window focus: KeyEvent { action=ACTION_UP, keyCode=KEYCODE_BACK, scanCode=0, metaState=0, flags=0x28, hwFlags=0x9b227765, repeatCount=0, eventTime=147572044, downTime=147572025, deviceId=-1, source=0x101 }
10-10 12:22:44.522  1257  1920 I chatty  : uid=1000(system) Binder:1257_3 expire 11 lines
10-10 12:22:44.527  2102  2118 I chatty  : uid=1000(system) Binder:2102_2 expire 12 lines
10-10 12:22:44.711  1257  1797 I chatty  : uid=1000(system) GestureNavManag expire 19 lines
10-10 12:22:44.916  1257  1257 I chatty  : uid=1000 system_server expire 34 lines
10-10 12:22:44.924  1257  1304 I chatty  : uid=1000(system) PowerManagerSer expire 22 lines
10-10 12:22:46.254  2102  2242 I chatty  : uid=1000(system) HwCommBoosterTh expire 23 lines
10-10 12:22:46.689  1257  1811 I chatty  : uid=1000(system) NetdConnector expire 10 lines
10-10 12:23:00.346   816   923 I storaged: storaged_t::event: storage_info refreshed.
10-10 12:23:00.417   629   749 W SocketListener: sending broadcast to Pid = 1257, Uid = 1000 
10-10 12:23:06.273  2102  2102 I chatty  : uid=1000(system) com.huawei.systemserver expire 14 lines
10-10 12:23:14.936  1257  1287 I chatty  : uid=1000(system) android.ui expire 21 lines
10-10 12:23:14.953  1257  2618 I chatty  : uid=1000(system) Binder:1257_F expire 19 lines
10-10 12:23:14.953   552   561 D vold    : begin lockScreenPrepare
10-10 12:23:14.953   552   561 D vold    : e4crypt_lock_screen_prepare flag is: 1 user_id:0
10-10 12:23:14.962  1257  1861 I chatty  : uid=1000(system) fingerprintServ expire 17 lines
10-10 12:23:14.984  1257  1965 I chatty  : uid=1000(system) HwBinder:1257_3 expire 3 lines
10-10 12:23:14.985  1970  1970 W FingerprintManager: Invalid acquired message: 6, 1001
10-10 12:23:15.203  1257  1284 I chatty  : uid=1000(system) HwActivityManag expire 14 lines
10-10 12:23:15.213  1257  2371 I chatty  : uid=1000(system) Binder:1257_E expire 10 lines
10-10 12:23:15.223  1257  1816 I chatty  : uid=1000(system) tworkPolicy.uid expire 6 lines
10-10 12:23:15.224  1257  1304 I chatty  : uid=1000(system) PowerManagerSer expire 18 lines
10-10 12:23:15.225  1257  1301 I chatty  : uid=1000(system) android.display expire 10 lines
10-10 12:23:15.234  1257 15585 I chatty  : uid=1000(system) Binder:1257_1D expire 13 lines
10-10 12:23:15.234  1257  8976 I chatty  : uid=1000(system) Binder:1257_14 expire 11 lines
10-10 12:23:15.559  1970  1970 W KeyguardViewMediator: callback -> onShowingStateChanged.
10-10 12:23:15.569  1970  2241 W KeyguardViewMediator: KgSvc reportKeyguardShowingChanged. cost = 9
10-10 12:23:15.570  1257  1257 I chatty  : uid=1000 system_server expire 24 lines
10-10 12:23:15.581  1257 18296 I chatty  : uid=1000 system_server expire 5 lines
10-10 12:23:15.582   552   561 D vold    : begin getKeyDesc
10-10 12:23:15.582   552   561 D vold    : begin getKeyDesc
10-10 12:23:15.582   552   561 D vold    : begin getPrepareFlag
10-10 12:23:15.582   552   561 D vold    : e4crypt_get_lock_screen_prepare_flag flag is: 1 user_id:0
10-10 12:23:15.583   552   561 D vold    : begin lockUserScreenIsec
10-10 12:23:15.583   552   561 D vold    : begin e4crypt_lock_user_screen_isec 0
10-10 12:23:15.583   552   561 D vold    : e4crypt_lock_user_screen 0
10-10 12:23:15.583   552   561 D vold    : evict_ece_key_from_keyring 0
10-10 12:23:15.584   552   561 D vold    : revoke key with serial 980998941 ref ext4:f1d38206f8ecac2d
10-10 12:23:15.584   552   561 D vold    : revoke key with serial 820004911 ref f2fs:f1d38206f8ecac2d
10-10 12:23:15.584   552   561 D vold    : revoke key with serial 7881563 ref fscrypt:f1d38206f8ecac2d
10-10 12:23:15.584   552   561 D vold    : evict_sece_pri_key_from_keyring 0
10-10 12:23:15.584   552   561 D vold    : begin installKeyIsec
10-10 12:23:15.584   552   561 D vold    : Added key 459926752 (ext4:0d995b5fa6a93b9a) to keyring 499143453 in process 552
10-10 12:23:15.584   552   561 D vold    : Added key 11020310 (f2fs:0d995b5fa6a93b9a) to keyring 499143453 in process 552
10-10 12:23:15.584   552   561 D vold    : Added key 1010921608 (fscrypt:0d995b5fa6a93b9a) to keyring 499143453 in process 552
10-10 12:23:15.584   552   561 D vold    : lock_user_screen_isec result:1
10-10 12:23:15.584  1257  1286 I chatty  : uid=1000(system) ActivityManager expire 15 lines
10-10 12:23:15.598  1257  1818 I chatty  : uid=1000(system) WifiStateMachin expire 9 lines
10-10 12:23:15.626  2102  2242 I chatty  : uid=1000(system) HwCommBoosterTh expire 10 lines
10-10 12:23:15.646  1257 15349 I chatty  : uid=1000(system) Binder:1257_1C expire 10 lines
10-10 12:23:15.692  1257  1647 I chatty  : uid=1000(system) android.anim expire 15 lines
10-10 12:23:41.084   629   749 W SocketListener: sending broadcast to Pid = 1257, Uid = 1000 
10-10 12:23:41.086  1257  1811 I chatty  : uid=1000(system) NetdConnector expire 10 lines
10-10 12:23:41.090   629   749 W SocketListener: sending broadcast to Pid = 1257, Uid = 1000 
10-10 12:23:41.537  1257  8976 I chatty  : uid=1000(system) Binder:1257_14 expire 11 lines
10-10 12:23:41.622   629   749 W SocketListener: sending broadcast to Pid = 1257, Uid = 1000 
10-10 12:24:44.083  1257  1660 I chatty  : uid=1000(system) UEventObserver expire 6 lines
10-10 12:24:44.086   629   749 W SocketListener: sending broadcast to Pid = 1257, Uid = 1000 
10-10 12:24:44.117   629   749 W SocketListener: sending broadcast to Pid = 1257, Uid = 1000 
10-10 12:25:20.097   629   749 W SocketListener: sending broadcast to Pid = 1257, Uid = 1000 
10-10 12:25:20.099  1257  1811 I chatty  : uid=1000(system) NetdConnector expire 12 lines
10-10 12:25:20.230  1257  2618 I chatty  : uid=1000(system) Binder:1257_F expire 12 lines
10-10 12:25:20.232  1257  2370 I chatty  : uid=1000(system) Binder:1257_D expire 17 lines
10-10 12:25:20.295   629   749 W SocketListener: sending broadcast to Pid = 1257, Uid = 1000 
10-10 12:25:20.298  1257  2371 I chatty  : uid=1000(system) Binder:1257_E expire 16 lines
10-10 12:25:20.303  1257  1299 I chatty  : uid=1000(system) android.fg expire 13 lines
10-10 12:27:07.097   629   749 W SocketListener: sending broadcast to Pid = 1257, Uid = 1000 
10-10 12:27:07.115  1257  2371 I chatty  : uid=1000(system) Binder:1257_E expire 41 lines
10-10 12:27:07.138   629   749 W SocketListener: sending broadcast to Pid = 1257, Uid = 1000 
10-10 12:27:07.162  1257  1815 I chatty  : uid=1000(system) NetworkPolicy expire 9 lines
10-10 12:27:07.178  1257 15349 I chatty  : uid=1000(system) Binder:1257_1C expire 16 lines
10-10 12:27:07.203  1257  2370 I chatty  : uid=1000(system) Binder:1257_D expire 14 lines
10-10 12:27:07.221  1257  1257 I chatty  : uid=1000 system_server expire 13 lines
10-10 12:27:07.222  1257 15585 I chatty  : uid=1000(system) Binder:1257_1D expire 10 lines
10-10 12:27:58.098   629   749 W SocketListener: sending broadcast to Pid = 1257, Uid = 1000 
10-10 12:27:58.099  1257  1811 I chatty  : uid=1000(system) NetdConnector expire 24 lines
10-10 12:27:58.106  1257  2371 I chatty  : uid=1000(system) Binder:1257_E expire 36 lines
10-10 12:27:58.120  1257 15585 I chatty  : uid=1000(system) Binder:1257_1D expire 41 lines
10-10 12:27:58.124  1257  8976 I chatty  : uid=1000(system) Binder:1257_14 expire 44 lines
10-10 12:27:58.138  1970  2228 I PermissionManager: camera remind result:true
10-10 12:27:58.138  1970  2228 I BackgroundPermManager: pkgName: com.android.systemui,pid: 1970 ,uidOf3RdApk: 10009 ,permType: 0 ,permCfg: 1
10-10 12:27:58.167  1970  1970 W KeyguardViewMediator: notifyDrawn as: ScreenTurningOn 
10-10 12:27:58.169  1257  1287 I chatty  : uid=1000(system) android.ui expire 90 lines
10-10 12:27:58.169  1257  2485 I chatty  : uid=1000(system) android.fg expire 64 lines
10-10 12:27:58.181  1257  1257 I chatty  : uid=1000 system_server expire 74 lines
10-10 12:27:58.182  2102  2480 I chatty  : uid=1000(system) facerecognize expire 66 lines
10-10 12:27:58.188  1257 11893 I chatty  : uid=1000(system) Binder:1257_16 expire 22 lines
10-10 12:27:58.191  1257  1283 I chatty  : uid=1000(system) android.bg expire 10 lines
10-10 12:27:58.214   552 18336 D vold    : idle maintenance stopped
10-10 12:27:58.228  1970 18338 E ActivityThread: Failed to find provider info for ZookingProvider
10-10 12:27:58.231  1257  1823 I chatty  : uid=1000(system) WifiP2pService expire 23 lines
10-10 12:27:58.252   629   749 W SocketListener: sending broadcast to Pid = 1257, Uid = 1000 
10-10 12:27:58.254  2102  2242 I chatty  : uid=1000(system) HwCommBoosterTh expire 64 lines
10-10 12:27:58.291  2102  2102 I chatty  : uid=1000(system) com.huawei.systemserver expire 32 lines
10-10 12:27:58.330  2209  2209 W SettingsEx: SettingsEx.Systemex.getString deprecated use Settings.System.getString instead ;callers=com.android.internal.telephony.gsm.HwCustGsmServiceStateManagerImpl.isMccForShowNetname:206 com.android.internal.telephony.gsm.HwCustGsmServiceStateManagerImpl.isShowNetnameByMcc:197 com.android.internal.telephony.gsm.HwCustGsmServiceStateManagerImpl.setOnsDisplayCustomization:148 
10-10 12:27:58.351  2263  2263 I HwNetworkPolicyManager: forceUpdatePolicy isRoaming = false
10-10 12:27:58.360 10408 10408 I HwNetworkPolicyManager: forceUpdatePolicy isRoaming = false
10-10 12:27:58.398  2209  2209 D Telephony-TelecomAccountRegistry: onServiceStateChanged0 newState : 0, mServiceState : 0
10-10 12:27:58.426  2102  2304 I chatty  : uid=1000(system) HwBinder:2102_1 expire 15 lines
10-10 12:27:58.429  2209  2209 I Telephony-PstnPhoneCapabilitiesNotifier: handleVideoCapabilitesChanged. Video capability - true
10-10 12:27:58.446  2209  2209 W SettingsEx: SettingsEx.Systemex.getString deprecated use Settings.System.getString instead ;callers=com.android.internal.telephony.gsm.HwCustGsmServiceStateManagerImpl.isMccForShowNetname:206 com.android.internal.telephony.gsm.HwCustGsmServiceStateManagerImpl.isShowNetnameByMcc:197 com.android.internal.telephony.gsm.HwCustGsmServiceStateManagerImpl.setOnsDisplayCustomization:148 
10-10 12:27:58.458  2209  2209 I Telephony-PstnPhoneCapabilitiesNotifier: handleVideoCapabilitesChanged. Video capability - false
10-10 12:27:58.477  2209  2209 W SettingsEx: SettingsEx.Systemex.getString deprecated use Settings.System.getString instead ;callers=com.android.internal.telephony.gsm.HwCustGsmServiceStateManagerImpl.isMccForShowNetname:206 com.android.internal.telephony.gsm.HwCustGsmServiceStateManagerImpl.isShowNetnameByMcc:197 com.android.internal.telephony.gsm.HwCustGsmServiceStateManagerImpl.setOnsDisplayCustomization:148 
10-10 12:27:58.478  2209  2209 I Telephony-PstnPhoneCapabilitiesNotifier: handleVideoCapabilitesChanged. Video capability - true
10-10 12:27:58.518  2209  2209 W SettingsEx: SettingsEx.Systemex.getString deprecated use Settings.System.getString instead ;callers=com.android.internal.telephony.gsm.HwCustGsmServiceStateManagerImpl.isMccForShowNetname:206 com.android.internal.telephony.gsm.HwCustGsmServiceStateManagerImpl.isShowNetnameByMcc:197 com.android.internal.telephony.gsm.HwCustGsmServiceStateManagerImpl.setOnsDisplayCustomization:148 
10-10 12:27:58.666  1257 16286 I chatty  : uid=1000(system) Binder:1257_1F expire 39 lines
10-10 12:27:58.784  1257 15349 I chatty  : uid=1000(system) Binder:1257_1C expire 41 lines
10-10 12:27:58.854  1257  1799 I chatty  : uid=1000(system) InputReader expire 9 lines
10-10 12:27:58.858  1257  1304 I chatty  : uid=1000(system) PowerManagerSer expire 35 lines
10-10 12:27:58.908  1257  2618 I chatty  : uid=1000(system) Binder:1257_F expire 2 lines
10-10 12:27:58.908   552   561 D vold    : begin lockScreenPrepare
10-10 12:27:58.908   552   561 D vold    : e4crypt_lock_screen_prepare flag is: 1 user_id:0
10-10 12:27:58.915  1257  2370 I chatty  : uid=1000(system) Binder:1257_D expire 59 lines
10-10 12:27:58.959  1970  2228 I BackgroundPermManager: pkgName: com.android.systemui,pid: 1970 ,uidOf3RdApk: 10009 ,permType: 0 ,permCfg: 0
10-10 12:27:59.157  1257  1920 I chatty  : uid=1000(system) Binder:1257_3 expire 25 lines
10-10 12:27:59.498  1257  1901 I chatty  : uid=1000(system) PhotonicModulat expire 5 lines
10-10 12:27:59.520  1970  2228 I PermissionManager: camera remind result:true
10-10 12:27:59.520  1970  2228 I BackgroundPermManager: pkgName: com.android.systemui,pid: 1970 ,uidOf3RdApk: 10009 ,permType: 0 ,permCfg: 1
10-10 12:27:59.560  1970  1970 W KeyguardViewMediator: notifyDrawn as: ScreenTurningOn 
10-10 12:27:59.575  1257  8088 I chatty  : uid=1000(system) Binder:1257_13 expire 13 lines
10-10 12:27:59.594  1970 18398 E ActivityThread: Failed to find provider info for ZookingProvider
10-10 12:27:59.635  2209  2209 I Telephony-PstnPhoneCapabilitiesNotifier: handleVideoCapabilitesChanged. Video capability - true
10-10 12:27:59.656  2209  2209 W SettingsEx: SettingsEx.Systemex.getString deprecated use Settings.System.getString instead ;callers=com.android.internal.telephony.gsm.HwCustGsmServiceStateManagerImpl.isMccForShowNetname:206 com.android.internal.telephony.gsm.HwCustGsmServiceStateManagerImpl.isShowNetnameByMcc:197 com.android.internal.telephony.gsm.HwCustGsmServiceStateManagerImpl.setOnsDisplayCustomization:148 
10-10 12:27:59.681  2209  2209 W SettingsEx: SettingsEx.Systemex.getString deprecated use Settings.System.getString instead ;callers=com.android.internal.telephony.gsm.HwCustGsmServiceStateManagerImpl.isMccForShowNetname:206 com.android.internal.telephony.gsm.HwCustGsmServiceStateManagerImpl.isShowNetnameByMcc:197 com.android.internal.telephony.gsm.HwCustGsmServiceStateManagerImpl.setOnsDisplayCustomization:148 
10-10 12:27:59.705  2209  2209 I Telephony-PstnPhoneCapabilitiesNotifier: handleVideoCapabilitesChanged. Video capability - true
10-10 12:27:59.720  2209  2209 W SettingsEx: SettingsEx.Systemex.getString deprecated use Settings.System.getString instead ;callers=com.android.internal.telephony.gsm.HwCustGsmServiceStateManagerImpl.isMccForShowNetname:206 com.android.internal.telephony.gsm.HwCustGsmServiceStateManagerImpl.isShowNetnameByMcc:197 com.android.internal.telephony.gsm.HwCustGsmServiceStateManagerImpl.setOnsDisplayCustomization:148 
10-10 12:28:00.185   552 18438 D vold    : idle maintenance stopped
10-10 12:28:00.273  2209  2209 I Telephony-PstnPhoneCapabilitiesNotifier: handleVideoCapabilitesChanged. Video capability - true
10-10 12:28:00.302  2209  2209 W SettingsEx: SettingsEx.Systemex.getString deprecated use Settings.System.getString instead ;callers=com.android.internal.telephony.gsm.HwCustGsmServiceStateManagerImpl.isMccForShowNetname:206 com.android.internal.telephony.gsm.HwCustGsmServiceStateManagerImpl.isShowNetnameByMcc:197 com.android.internal.telephony.gsm.HwCustGsmServiceStateManagerImpl.setOnsDisplayCustomization:148 
10-10 12:28:00.386  2209  2209 I Telephony-PstnPhoneCapabilitiesNotifier: handleVideoCapabilitesChanged. Video capability - true
10-10 12:28:00.409  2209  2209 W SettingsEx: SettingsEx.Systemex.getString deprecated use Settings.System.getString instead ;callers=com.android.internal.telephony.gsm.HwCustGsmServiceStateManagerImpl.isMccForShowNetname:206 com.android.internal.telephony.gsm.HwCustGsmServiceStateManagerImpl.isShowNetnameByMcc:197 com.android.internal.telephony.gsm.HwCustGsmServiceStateManagerImpl.setOnsDisplayCustomization:148 
10-10 12:28:00.754  2209  2209 W SettingsEx: SettingsEx.Systemex.getString deprecated use Settings.System.getString instead ;callers=com.android.internal.telephony.gsm.HwCustGsmServiceStateManagerImpl.isMccForShowNetname:206 com.android.internal.telephony.gsm.HwCustGsmServiceStateManagerImpl.isShowNetnameByMcc:197 com.android.internal.telephony.gsm.HwCustGsmServiceStateManagerImpl.setOnsDisplayCustomization:148 
10-10 12:28:00.755   552   561 D vold    : begin lockScreenPrepare
10-10 12:28:00.756   552   561 D vold    : e4crypt_lock_screen_prepare flag is: 4 user_id:0
10-10 12:28:00.756   552   561 D vold    : begin unlockUserScreenIsec
10-10 12:28:00.756   552   561 D vold    : begin unlock_user_screen_isec auth_type: 4 uid: 0 token_present=0
10-10 12:28:00.756   552   561 D vold    : flag is 4begin to unlock from HCCM
10-10 12:28:00.756   552   561 D vold    : begin read_and_install_ece_sece_key0
10-10 12:28:00.756   552   561 D vold    : begin read_key_from_vold 0
10-10 12:28:00.756   552   561 D vold    : begin installKeyIsec
10-10 12:28:00.757   552   561 D vold    : Added key 761871321 (ext4:f1d38206f8ecac2d) to keyring 499143453 in process 552
10-10 12:28:00.757   552   561 D vold    : Added key 47866240 (f2fs:f1d38206f8ecac2d) to keyring 499143453 in process 552
10-10 12:28:00.757   552   561 D vold    : Added key 985339176 (fscrypt:f1d38206f8ecac2d) to keyring 499143453 in process 552
10-10 12:28:00.757   552   561 D vold    : begin installKeyIsec
10-10 12:28:00.757   552   561 D vold    : Added key 459926752 (ext4:0d995b5fa6a93b9a) to keyring 499143453 in process 552
10-10 12:28:00.757   552   561 D vold    : Added key 11020310 (f2fs:0d995b5fa6a93b9a) to keyring 499143453 in process 552
10-10 12:28:00.757   552   561 D vold    : Added key 1010921608 (fscrypt:0d995b5fa6a93b9a) to keyring 499143453 in process 552
10-10 12:28:00.757   552   561 D vold    : Created keys for user 0
10-10 12:28:00.757   552   561 D vold    : unlock user screen success,begin to reset flag
10-10 12:28:00.788  2263  2263 I HwNetworkPolicyManager: forceUpdatePolicy isRoaming = false
10-10 12:28:00.802  1970  2228 I BackgroundPermManager: pkgName: com.android.systemui,pid: 1970 ,uidOf3RdApk: 10009 ,permType: 0 ,permCfg: 0
10-10 12:28:00.802 10408 10408 I HwNetworkPolicyManager: forceUpdatePolicy isRoaming = false
10-10 12:28:00.818  2209  2209 D Telephony-TelecomAccountRegistry: onServiceStateChanged0 newState : 0, mServiceState : 0
10-10 12:28:01.019  1970  1970 W KeyguardViewMediator: kgsvc callback -> .keyguardGoingAway 4 false false
10-10 12:28:01.048  1970  1970 W KeyguardViewMediator: callback -> onShowingStateChanged.
10-10 12:28:01.051  1970  2241 W KeyguardViewMediator: KgSvc reportKeyguardShowingChanged. cost = 2
10-10 12:28:03.213  1257  1848 I chatty  : uid=1000(system) ConnectivityThr expire 12 lines
10-10 12:28:06.149 31136 31136 D ActivityThread: Remove activity client record, r= ActivityRecord{bea44f9 token=android.os.BinderProxy@20f2da7 {com.huawei.hwid/com.huawei.hwid.cloudsettings.ui.HuaweiIDForSettingsActivity}} token= android.os.BinderProxy@20f2da7
10-10 12:28:06.154 31136 31136 D ActivityThread: Remove activity client record, r= ActivityRecord{a4317b token=android.os.BinderProxy@768d1bb {com.huawei.hwid/com.huawei.hwid20.AccountCenter.CenterActivity}} token= android.os.BinderProxy@768d1bb
